[
    {
        "name": "Thai Pongal Day",
        "date": "2024-01-15"
    },
    {
        "name": "Independence Day",
        "date": "2024-02-04"
    },
    {
        "name": "Good Friday",
        "date": "2024-03-29"
    },
    {
        "name": "Easter Sunday",
        "date": "2024-04-01"
    },
    {
        "name": "Deepavali Festival Day",
        "date": "2024-11-14"
    },
    {
        "name": "Christmas",
        "date": "2024-12-25"
    }
]