[
    {
        "name": "Uusaasta",
        "date": "2024-01-01"
    },
    {
        "name": "Iseseisvusp\u00e4ev",
        "date": "2024-02-24"
    },
    {
        "name": "Suur reede",
        "date": "2024-03-29"
    },
    {
        "name": "\u00dclest\u00f5usmisp\u00fchade 1. p\u00fcha",
        "date": "2024-03-31"
    },
    {
        "name": "Kevadp\u00fcha",
        "date": "2024-05-01"
    },
    {
        "name": "Nelip\u00fchade 1. p\u00fcha",
        "date": "2024-05-19"
    },
    {
        "name": "V\u00f5idup\u00fcha",
        "date": "2024-06-23"
    },
    {
        "name": "Jaanip\u00e4ev",
        "date": "2024-06-24"
    },
    {
        "name": "Taasiseseisvumisp\u00e4ev",
        "date": "2024-08-20"
    },
    {
        "name": "J\u00f5ululaup\u00e4ev",
        "date": "2024-12-24"
    },
    {
        "name": "Esimene j\u00f5ulup\u00fcha",
        "date": "2024-12-25"
    },
    {
        "name": "Teine j\u00f5ulup\u00fcha",
        "date": "2024-12-26"
    }
]