[
    {
        "name": "Jaunais gads",
        "date": "2024-01-01"
    },
    {
        "name": "Liel\u0101 Piektdiena",
        "date": "2024-03-29"
    },
    {
        "name": "Pirm\u0101s Lieldienas",
        "date": "2024-03-31"
    },
    {
        "name": "Otr\u0101s Lieldienas",
        "date": "2024-04-01"
    },
    {
        "name": "Darba sv\u0113tki",
        "date": "2024-05-01"
    },
    {
        "name": "Latvijas Republikas Neatkar\u012bbas deklar\u0101cijas pasludin\u0101\u0161anas diena",
        "date": "2024-05-04"
    },
    {
        "name": "P\u0101rcelt\u0101 4. maija br\u012bvdiena",
        "date": "2024-05-06"
    },
    {
        "name": "L\u012bgo diena",
        "date": "2024-06-23"
    },
    {
        "name": "J\u0101\u0146u diena",
        "date": "2024-06-24"
    },
    {
        "name": "Latvijas Republikas proklam\u0113\u0161anas diena",
        "date": "2024-11-18"
    },
    {
        "name": "Ziemassv\u0113tku vakars",
        "date": "2024-12-24"
    },
    {
        "name": "Pirmie Ziemassv\u0113tki",
        "date": "2024-12-25"
    },
    {
        "name": "Otrie Ziemassv\u0113tki",
        "date": "2024-12-26"
    },
    {
        "name": "Vecgada vakars",
        "date": "2024-12-31"
    }
]