[
    {
        "name": "T\u00e4ze \u00fdyl",
        "date": "2024-01-01"
    },
    {
        "name": "Halkara zenanlar g\u00fcni",
        "date": "2024-03-08"
    },
    {
        "name": "Milli bahar ba\u00fdramy 1-nji g\u00fcni",
        "date": "2024-03-21"
    },
    {
        "name": "Milli bahar ba\u00fdramy 2-nji g\u00fcni",
        "date": "2024-03-22"
    },
    {
        "name": "Oraza ba\u00fdramy",
        "date": "2024-04-10"
    },
    {
        "name": "T\u00fcrkmenistany\u0148 Konstitusi\u00fdasyny\u0148 we T\u00fcrkmenistany\u0148 D\u00f6wlet ba\u00fddagyny\u0148 g\u00fcni",
        "date": "2024-05-18"
    },
    {
        "name": "Gurban ba\u00fdramy 1-nji g\u00fcni",
        "date": "2024-06-17"
    },
    {
        "name": "Gurban ba\u00fdramy 2-nji g\u00fcni",
        "date": "2024-06-18"
    },
    {
        "name": "Gurban ba\u00fdramy 3-nji g\u00fcni",
        "date": "2024-06-19"
    },
    {
        "name": "T\u00fcrkmenistany\u0148 Gara\u015fsyzlyk g\u00fcni",
        "date": "2024-09-27"
    },
    {
        "name": "Hatyra g\u00fcni",
        "date": "2024-10-06"
    },
    {
        "name": "Halkara Bitaraplyk g\u00fcni",
        "date": "2024-12-12"
    }
]