[
    {
        "name": "New Year's Day",
        "date": "2024-01-01"
    },
    {
        "name": "Coptic Christmas",
        "date": "2024-01-07"
    },
    {
        "name": "Revolution Day January 25",
        "date": "2024-01-25"
    },
    {
        "name": "March Equinox",
        "date": "2024-03-20"
    },
    {
        "name": "Sinai Liberation",
        "date": "2024-04-25"
    },
    {
        "name": "Labor",
        "date": "2024-05-01"
    },
    {
        "name": "Coptic Good",
        "date": "2024-05-03"
    },
    {
        "name": "Coptic Holy",
        "date": "2024-05-04"
    },
    {
        "name": "Coptic Easter",
        "date": "2024-05-05"
    },
    {
        "name": "Spring Festival",
        "date": "2024-05-06"
    },
    {
        "name": "June Solstice",
        "date": "2024-06-20"
    },
    {
        "name": "June 30 Revolution",
        "date": "2024-06-30"
    },
    {
        "name": "Day off for June 30 Revolution",
        "date": "2024-07-04"
    },
    {
        "name": "Revolution Day July 23",
        "date": "2024-07-23"
    },
    {
        "name": "Day off for Revolution Day July 23",
        "date": "2024-07-25"
    },
    {
        "name": "Flooding of the Nile",
        "date": "2024-08-15"
    },
    {
        "name": "Nayrouz",
        "date": "2024-09-11"
    },
    {
        "name": "September Equinox",
        "date": "2024-09-22"
    },
    {
        "name": "Armed Forces",
        "date": "2024-10-06"
    },
    {
        "name": "Day off for Armed Forces",
        "date": "2024-10-10"
    },
    {
        "name": "December Solstice",
        "date": "2024-12-21"
    }
]
