[
    {
        "name": "Yangi yil",
        "date": "2000-01-01"
    },
    {
        "name": "Ramazon Hayiti",
        "date": "2000-01-08"
    },
    {
        "name": "Xalqaro xotin-qizlar kuni",
        "date": "2000-03-08"
    },
    {
        "name": "Qurbon Hayiti",
        "date": "2000-03-16"
    },
    {
        "name": "Navro'z",
        "date": "2000-03-21"
    },
    {
        "name": "Xotira va qadrlash kuni",
        "date": "2000-05-09"
    },
    {
        "name": "Mustaqillik kuni",
        "date": "2000-09-01"
    },
    {
        "name": "Ustoz va murabbiylar kuni",
        "date": "2000-10-01"
    },
    {
        "name": "Konstitutsiya kuni",
        "date": "2000-12-08"
    },
    {
        "name": "Ramazon Hayiti 2",
        "date": "2000-12-28"
    }
]