[
    {
        "name": "Yangi yil",
        "date": "2023-01-01"
    },
    {
        "name": "Xalqaro xotin-qizlar kuni",
        "date": "2023-03-08"
    },
    {
        "name": "Navro'z",
        "date": "2023-03-21"
    },
    {
        "name": "Ramazon Hayiti",
        "date": "2023-04-21"
    },
    {
        "name": "Xotira va qadrlash kuni",
        "date": "2023-05-09"
    },
    {
        "name": "Qurbon Hayiti",
        "date": "2023-06-28"
    },
    {
        "name": "Mustaqillik kuni",
        "date": "2023-09-01"
    },
    {
        "name": "Ustoz va murabbiylar kuni",
        "date": "2023-10-01"
    },
    {
        "name": "Konstitutsiya kuni",
        "date": "2023-12-08"
    }
]