[
    {
        "name": "New year",
        "date": "2024-01-01"
    },
    {
        "name": "International Women's Day",
        "date": "2024-03-08"
    },
    {
        "name": "Nowruz",
        "date": "2024-03-21"
    },
    {
        "name": "Eid al-Fitr",
        "date": "2024-04-10"
    },
    {
        "name": "Remembrance Day",
        "date": "2024-05-09"
    },
    {
        "name": "Eid al-Adha",
        "date": "2024-06-17"
    },
    {
        "name": "Independence Day",
        "date": "2024-09-01"
    },
    {
        "name": "Teachers Day",
        "date": "2024-10-01"
    },
    {
        "name": "Constitution Day",
        "date": "2024-12-08"
    }
]