[
    {
        "name": "Yangi yil",
        "date": "2022-01-01"
    },
    {
        "name": "Xalqaro xotin-qizlar kuni",
        "date": "2022-03-08"
    },
    {
        "name": "Navro'z",
        "date": "2022-03-21"
    },
    {
        "name": "Ramazon Hayiti",
        "date": "2022-05-02"
    },
    {
        "name": "Xotira va qadrlash kuni",
        "date": "2022-05-09"
    },
    {
        "name": "Qurbon Hayiti",
        "date": "2022-07-09"
    },
    {
        "name": "Mustaqillik kuni",
        "date": "2022-09-01"
    },
    {
        "name": "Ustoz va murabbiylar kuni",
        "date": "2022-10-01"
    },
    {
        "name": "Konstitutsiya kuni",
        "date": "2022-12-08"
    }
]