[
    {
        "name": "Nieuwjaar",
        "date": "01-01-2025"
    },
    {
        "name": "Dag van de Arbeid",
        "date": "01-01-2025"
    },
    {
        "name": "Allerheiligen",
        "date": "01-11-2025"
    },
    {
        "name": "Pinkstermaandag",
        "date": "08-06-2025"
    },
    {
        "name": "Wapenstilstand",
        "date": "11-11-2025"
    },
    {
        "name": "OLV Hemelvaart",
        "date": "15-08-2025"
    },
    {
        "name": "Paasmaandag",
        "date": "20-04-2025"
    },
    {
        "name": "Nationale Feestdag",
        "date": "21-07-2025"
    },
    {
        "name": "Kerstmis",
        "date": "25-12-2025"
    },
    {
        "name": "OH Hemelvaart",
        "date": "28-05-2025"
    }
]