[
    {
        "name": "Nieuwjaar",
        "date": "01-01-2023"
    },
    {
        "name": "Goede vrijdag",
        "date": "07-04-2023"
    },
    {
        "name": "Paasmaandag",
        "date": "10-04-2023"
    },
    {
        "name": "Koningsdag",
        "date": "27-04-2023"
    },
    {
        "name": "Bevrijdingsdag",
        "date": "05-05-2023"
    },
    {
        "name": "OLH Hemelvaart",
        "date": "18-05-2023"
    },
    {
        "name": "Pinksteren",
        "date": "28-05-2023"
    },
    {
        "name": "Pinkstermaandag",
        "date": "29-05-2023"
    },
    {
        "name": "Kerstmis",
        "date": "25-12-2023"
    },
    {
        "name": "2de Kerstdag",
        "date": "26-12-2023"
    },
    {
        "name": "Oudjaar",
        "date": "31-12-2023"
    }
]