[
    {
        "name": "Nieuwjaar",
        "date": "01-01-2024"
    },
    {
        "name": "Dag van de Arbeid",
        "date": "01-01-2024"
    },
    {
        "name": "Allerheiligen",
        "date": "01-11-2024"
    },
    {
        "name": "OH Hemelvaart",
        "date": "08-05-2024"
    },
    {
        "name": "Wapenstilstand",
        "date": "11-11-2024"
    },
    {
        "name": "OLV Hemelvaart",
        "date": "15-08-2024"
    },
    {
        "name": "Pinkstermaandag",
        "date": "19-05-2024"
    },
    {
        "name": "Nationale Feestdag",
        "date": "21-07-2024"
    },
    {
        "name": "Kerstmis",
        "date": "25-12-2024"
    },
    {
        "name": "Paasmaandag",
        "date": "31-03-2024"
    }
]