[
    {
        "name": "New Year's Day",
        "date": "2024-01-01"
    },
    {
        "name": "Good Friday",
        "date": "2024-03-29"
    },
    {
        "name": "Canada Day",
        "date": "2024-07-05"
    },
    {
        "name": "Labour Day",
        "date": "2024-09-02"
    },
    {
        "name": "Christmas Day",
        "date": "2024-12-25"
    }
]