[
    {
        "name": "Novy hod",
        "date": "2024-01-01"
    },
    {
        "name": "Novy hod (druhi dzie\u0144)",
        "date": "2024-01-02"
    },
    {
        "name": "Narad\u017ee\u0144nie Chrystova (pravas\u0142a\u016dnaje Rastvo)",
        "date": "2024-01-07"
    },
    {
        "name": "Dzie\u0144 \u017ean\u010dyn",
        "date": "2024-03-08"
    },
    {
        "name": "Sviata pracy",
        "date": "2024-05-01"
    },
    {
        "name": "Dzie\u0144 Pieramohi",
        "date": "2024-05-09"
    },
    {
        "name": "Rada\u016dnica",
        "date": "2024-05-14"
    },
    {
        "name": "Dzie\u0144 Niezale\u017ena\u015bci",
        "date": "2024-07-03"
    },
    {
        "name": "Dzie\u0144 Kastry\u010dnickaj revalucyi",
        "date": "2024-11-07"
    },
    {
        "name": "Narad\u017ee\u0144nie Chrystova (katalickaje Rastvo)",
        "date": "2024-12-25"
    }
]