[
    {
        "name": "Antorjatik Matribhasha Dibos",
        "date": "2024-02-21"
    },
    {
        "name": "Shekh Mujibur Rahmaner Jonmodin",
        "date": "2024-03-17"
    },
    {
        "name": "Swadhinota Dibos",
        "date": "2024-03-26"
    },
    {
        "name": "Bangla Noboborsho",
        "date": "2024-04-14"
    },
    {
        "name": "Antorjatik Shrom Dibos",
        "date": "2024-05-01"
    },
    {
        "name": "Jatiyo Shok Dibos",
        "date": "2024-08-15"
    },
    {
        "name": "Bijoy Dibos",
        "date": "2024-12-16"
    },
    {
        "name": "Borodin",
        "date": "2024-12-25"
    }
]