[
    {
        "name": "\u09b6\u09ac\u09c7 \u09ae\u09c7\u09b0\u09be\u099c",
        "date": "2024-02-07"
    },
    {
        "name": "\u09b6\u09b9\u09c0\u09a6 \u09a6\u09bf\u09ac\u09b8",
        "date": "2024-02-21"
    },
    {
        "name": "\u09b6\u09ac\u09c7 \u09ac\u09b0\u09be\u09a4",
        "date": "2024-02-25"
    },
    {
        "name": "\u09b8\u09cd\u09ac\u09be\u09a7\u09c0\u09a8\u09a4\u09be \u09a6\u09bf\u09ac\u09b8",
        "date": "2024-03-26"
    },
    {
        "name": "\u09b6\u09ac\u09c7 \u0995\u09a6\u09b0",
        "date": "2024-04-06"
    },
    {
        "name": "\u0988\u09a6-\u0989\u09b2-\u09ab\u09bf\u09a4\u09b0\u09c7\u09b0 \u0986\u0997\u09c7\u09b0 \u09a6\u09bf\u09a8",
        "date": "2024-04-07"
    },
    {
        "name": "\u0988\u09a6-\u0989\u09b2-\u09ab\u09bf\u09a4\u09b0",
        "date": "2024-04-08"
    },
    {
        "name": "Eid ul-Fitr Day 2",
        "date": "2024-04-09"
    },
    {
        "name": "Eid ul-Fitr Day 3",
        "date": "2024-04-10"
    },
    {
        "name": "Eid ul-Fitr Day 4",
        "date": "2024-04-11"
    },
    {
        "name": "Eid ul-Fitr Day 5",
        "date": "2024-04-12"
    },
    {
        "name": "\u09aa\u09b9\u09c7\u09b2\u09be \u09ac\u09c8\u09b6\u09be\u0996",
        "date": "2024-04-15"
    },
    {
        "name": "\u09ac\u09c1\u09a6\u09cd\u09a7 \u09aa\u09c2\u09b0\u09cd\u09a3\u09bf\u09ae\u09be",
        "date": "2024-04-20"
    },
    {
        "name": "\u09ae\u09c7 \u09a6\u09bf\u09ac\u09b8",
        "date": "2024-05-01"
    },
    {
        "name": "\u0988\u09a6-\u0989\u09b2-\u0986\u09af\u09b9\u09be\u09b0 \u0986\u0997\u09c7\u09b0 \u09a6\u09bf\u09a8",
        "date": "2024-06-14"
    },
    {
        "name": "\u0988\u09a6-\u0989\u09b2-\u0986\u09af\u09b9\u09be",
        "date": "2024-06-15"
    },
    {
        "name": "Eid ul-Adha Day 2",
        "date": "2024-06-16"
    },
    {
        "name": "Eid ul-Adha Day 3",
        "date": "2024-06-17"
    },
    {
        "name": "Eid ul-Adha Day 4",
        "date": "2024-06-18"
    },
    {
        "name": "Eid ul-Adha Day 5",
        "date": "2024-06-19"
    },
    {
        "name": "Eid ul-Adha Day 6",
        "date": "2024-06-20"
    },
    {
        "name": "\u0986\u09b6\u09c1\u09b0\u09be",
        "date": "2024-07-28"
    },
    {
        "name": "\u099c\u09be\u09a4\u09c0\u09af\u09bc \u09b6\u09cb\u0995 \u09a6\u09bf\u09ac\u09b8",
        "date": "2024-08-15"
    },
    {
        "name": "\u099c\u09a8\u09cd\u09ae\u09be\u09b7\u09cd\u099f\u09ae\u09c0",
        "date": "2024-08-18"
    },
    {
        "name": "\u0988\u09a6\u09c7 \u09ae\u09bf\u09b2\u09be\u09a6\u09c1\u09a8\u09cd\u09a8\u09ac\u09c0",
        "date": "2024-09-27"
    },
    {
        "name": "\u09a6\u09c1\u09b0\u09cd\u0997\u09be \u09aa\u09c2\u099c\u09be",
        "date": "2024-10-30"
    },
    {
        "name": "Durga Puja Day 2",
        "date": "2024-10-31"
    },
    {
        "name": "\u09ac\u09bf\u099c\u09af\u09bc \u09a6\u09bf\u09ac\u09b8",
        "date": "2024-12-16"
    },
    {
        "name": "\u09ac\u09a1\u09bc\u09a6\u09bf\u09a8",
        "date": "2024-12-25"
    }
]