[
    {
        "name": "International Mother Language Day",
        "date": "2024-02-21"
    },
    {
        "name": "Birthday of Sheikh Mujibur Rahman",
        "date": "2024-03-17"
    },
    {
        "name": "Independence Day",
        "date": "2024-03-26"
    },
    {
        "name": "Bengali New Year",
        "date": "2024-04-14"
    },
    {
        "name": "May Day",
        "date": "2024-05-01"
    },
    {
        "name": "National Mourning Day",
        "date": "2024-08-15"
    },
    {
        "name": "Victory Day",
        "date": "2024-12-16"
    },
    {
        "name": "Christmas Day",
        "date": "2024-12-25"
    }
]