[
    {
        "name": "New Year's Day (substitute day)",
        "date": "2022-01-03"
    },
    {
        "name": "St Patrick's Day",
        "date": "2022-03-17"
    },
    {
        "name": "Good Friday",
        "date": "2022-04-15"
    },
    {
        "name": "Easter Monday",
        "date": "2022-04-18"
    },
    {
        "name": "Early May bank holiday",
        "date": "2022-05-02"
    },
    {
        "name": "Spring bank holiday",
        "date": "2022-05-30"
    },
    {
        "name": "Platinum Jubilee bank holiday",
        "date": "2022-06-03"
    },
    {
        "name": "Battle of the Boyne (Orangemen's Day)",
        "date": "2022-07-12"
    },
    {
        "name": "Summer bank holiday",
        "date": "2022-08-29"
    },
    {
        "name": "Bank Holiday for the State Funeral of Queen Elizabeth II",
        "date": "2022-09-19"
    },
    {
        "name": "Boxing Day",
        "date": "2022-12-26"
    },
    {
        "name": "Christmas Day (substitute day)",
        "date": "2022-12-27"
    }
]