[
    {
        "name": "Nieuwjaar",
        "date": "01-01-2024"
    },
    {
        "name": "Paasmaandag",
        "date": "01-04-2024"
    },
    {
        "name": "Dag van de Arbeid",
        "date": "01-05-2024"
    },
    {
        "name": "OLH Hemelvaart",
        "date": "09-05-2024"
    },
    {
        "name": "Pinkstermaandag",
        "date": "20-05-2024"
    },
    {
        "name": "Nationale Feestdag",
        "date": "21-07-2024"
    },
    {
        "name": "OLV Hemelvaart",
        "date": "15-08-2024"
    },
    {
        "name": "Allerheiligen",
        "date": "01-11-2024"
    },
    {
        "name": "Wapenstilstand",
        "date": "11-11-2024"
    },
    {
        "name": "Kerstmis",
        "date": "25-12-2024"
    }
]