[
    {
        "name": "Nieuwjaar",
        "date": "2024-01-01T00:00:00.000000Z"
    },
    {
        "name": "Paasmaandag",
        "date": "2024-03-31T22:00:00.000000Z"
    },
    {
        "name": "Dag van de Arbeid",
        "date": "2024-05-01T00:00:00.000000Z"
    },
    {
        "name": "OLH Hemelvaart",
        "date": "2024-05-08T22:00:00.000000Z"
    },
    {
        "name": "Pinkstermaandag",
        "date": "2024-05-19T22:00:00.000000Z"
    },
    {
        "name": "Nationale Feestdag",
        "date": "2024-07-21T00:00:00.000000Z"
    },
    {
        "name": "OLV Hemelvaart",
        "date": "2024-08-15T00:00:00.000000Z"
    },
    {
        "name": "Allerheiligen",
        "date": "2024-11-01T00:00:00.000000Z"
    },
    {
        "name": "Wapenstilstand",
        "date": "2024-11-11T00:00:00.000000Z"
    },
    {
        "name": "Kerstmis",
        "date": "2024-12-25T00:00:00.000000Z"
    }
]