[
    {
        "name": "New Year's Day",
        "date": "2034-01-01"
    },
    {
        "name": "Eid al-Adha Eve",
        "date": "2034-02-27"
    },
    {
        "name": "Eid al-Adha 1. Day",
        "date": "2034-02-28"
    },
    {
        "name": "Eid al-Adha 2. Day",
        "date": "2034-03-01"
    },
    {
        "name": "Eid al-Adha 3. Day",
        "date": "2034-03-02"
    },
    {
        "name": "Eid al-Adha 4. Day",
        "date": "2034-03-03"
    },
    {
        "name": "Mother's Day",
        "date": "2034-03-21"
    },
    {
        "name": "Western Easter",
        "date": "2034-04-09"
    },
    {
        "name": "Independence Day",
        "date": "2034-04-17"
    },
    {
        "name": "Labor",
        "date": "2034-05-01"
    },
    {
        "name": "Martyrs' Day",
        "date": "2034-05-06"
    },
    {
        "name": "Eastern Easter",
        "date": "2034-05-14"
    },
    {
        "name": "Anniversary of the October War",
        "date": "2034-10-06"
    },
    {
        "name": "Eid al-Fitr Eve",
        "date": "2034-12-10"
    },
    {
        "name": "Eid al-Fitr 1. Day",
        "date": "2034-12-11"
    },
    {
        "name": "Eid al-Fitr 2. Day",
        "date": "2034-12-12"
    },
    {
        "name": "Eid al-Fitr 3. Day",
        "date": "2034-12-13"
    },
    {
        "name": "Christmas",
        "date": "2034-12-25"
    }
]