[
    {
        "name": "New Year's Day",
        "date": "1973-01-01"
    },
    {
        "name": "Eid al-Adha Eve",
        "date": "1973-01-14"
    },
    {
        "name": "Eid al-Adha 1. Day",
        "date": "1973-01-15"
    },
    {
        "name": "Eid al-Adha 2. Day",
        "date": "1973-01-16"
    },
    {
        "name": "Eid al-Adha 3. Day",
        "date": "1973-01-17"
    },
    {
        "name": "Eid al-Adha 4. Day",
        "date": "1973-01-18"
    },
    {
        "name": "Mother's Day",
        "date": "1973-03-21"
    },
    {
        "name": "Independence Day",
        "date": "1973-04-17"
    },
    {
        "name": "Western Easter",
        "date": "1973-04-22"
    },
    {
        "name": "Labor",
        "date": "1973-05-01"
    },
    {
        "name": "Martyrs' Day",
        "date": "1973-05-06"
    },
    {
        "name": "Eastern Easter",
        "date": "1973-05-27"
    },
    {
        "name": "Anniversary of the October War",
        "date": "1973-10-06"
    },
    {
        "name": "Eid al-Fitr Eve",
        "date": "1973-10-27"
    },
    {
        "name": "Eid al-Fitr 1. Day",
        "date": "1973-10-28"
    },
    {
        "name": "Eid al-Fitr 2. Day",
        "date": "1973-10-29"
    },
    {
        "name": "Eid al-Fitr 3. Day",
        "date": "1973-10-30"
    },
    {
        "name": "Christmas",
        "date": "1973-12-25"
    }
]