[
    {
        "name": "New Year's Day",
        "date": "2016-01-01"
    },
    {
        "name": "Mother's Day",
        "date": "2016-03-21"
    },
    {
        "name": "Western Easter",
        "date": "2016-03-27"
    },
    {
        "name": "Independence Day",
        "date": "2016-04-17"
    },
    {
        "name": "Labor",
        "date": "2016-05-01"
    },
    {
        "name": "Eastern Easter",
        "date": "2016-05-01"
    },
    {
        "name": "Martyrs' Day",
        "date": "2016-05-06"
    },
    {
        "name": "Eid al-Fitr Eve",
        "date": "2016-07-04"
    },
    {
        "name": "Eid al-Fitr 1. Day",
        "date": "2016-07-05"
    },
    {
        "name": "Eid al-Fitr 2. Day",
        "date": "2016-07-06"
    },
    {
        "name": "Eid al-Fitr 3. Day",
        "date": "2016-07-07"
    },
    {
        "name": "Eid al-Adha Eve",
        "date": "2016-09-11"
    },
    {
        "name": "Eid al-Adha 1. Day",
        "date": "2016-09-12"
    },
    {
        "name": "Eid al-Adha 2. Day",
        "date": "2016-09-13"
    },
    {
        "name": "Eid al-Adha 3. Day",
        "date": "2016-09-14"
    },
    {
        "name": "Eid al-Adha 4. Day",
        "date": "2016-09-15"
    },
    {
        "name": "Anniversary of the October War",
        "date": "2016-10-06"
    },
    {
        "name": "Christmas",
        "date": "2016-12-25"
    }
]