[
    {
        "name": "New Year's Day",
        "date": "2007-01-01"
    },
    {
        "name": "Eid al-Adha 2. Day",
        "date": "2007-01-01"
    },
    {
        "name": "Eid al-Adha 3. Day",
        "date": "2007-01-02"
    },
    {
        "name": "Eid al-Adha 4. Day",
        "date": "2007-01-03"
    },
    {
        "name": "Mother's Day",
        "date": "2007-03-21"
    },
    {
        "name": "Western Easter",
        "date": "2007-04-08"
    },
    {
        "name": "Independence Day",
        "date": "2007-04-17"
    },
    {
        "name": "Labor",
        "date": "2007-05-01"
    },
    {
        "name": "Martyrs' Day",
        "date": "2007-05-06"
    },
    {
        "name": "Eastern Easter",
        "date": "2007-05-13"
    },
    {
        "name": "Anniversary of the October War",
        "date": "2007-10-06"
    },
    {
        "name": "Eid al-Fitr Eve",
        "date": "2007-10-11"
    },
    {
        "name": "Eid al-Fitr 1. Day",
        "date": "2007-10-12"
    },
    {
        "name": "Eid al-Fitr 2. Day",
        "date": "2007-10-13"
    },
    {
        "name": "Eid al-Fitr 3. Day",
        "date": "2007-10-14"
    },
    {
        "name": "2. Eid al-Adha Eve",
        "date": "2007-12-19"
    },
    {
        "name": "2. Eid al-Adha 1. Day",
        "date": "2007-12-20"
    },
    {
        "name": "2. Eid al-Adha 2. Day",
        "date": "2007-12-21"
    },
    {
        "name": "2. Eid al-Adha 3. Day",
        "date": "2007-12-22"
    },
    {
        "name": "2. Eid al-Adha 4. Day",
        "date": "2007-12-23"
    },
    {
        "name": "Christmas",
        "date": "2007-12-25"
    }
]