[
    {
        "name": "New Year's Day",
        "date": "1974-01-01"
    },
    {
        "name": "Eid al-Adha Eve",
        "date": "1974-01-03"
    },
    {
        "name": "Eid al-Adha 1. Day",
        "date": "1974-01-04"
    },
    {
        "name": "Eid al-Adha 2. Day",
        "date": "1974-01-05"
    },
    {
        "name": "Eid al-Adha 3. Day",
        "date": "1974-01-06"
    },
    {
        "name": "Eid al-Adha 4. Day",
        "date": "1974-01-07"
    },
    {
        "name": "Mother's Day",
        "date": "1974-03-21"
    },
    {
        "name": "Western Easter",
        "date": "1974-04-14"
    },
    {
        "name": "Independence Day",
        "date": "1974-04-17"
    },
    {
        "name": "Labor",
        "date": "1974-05-01"
    },
    {
        "name": "Martyrs' Day",
        "date": "1974-05-06"
    },
    {
        "name": "Eastern Easter",
        "date": "1974-05-19"
    },
    {
        "name": "Anniversary of the October War",
        "date": "1974-10-06"
    },
    {
        "name": "Eid al-Fitr Eve",
        "date": "1974-10-16"
    },
    {
        "name": "Eid al-Fitr 1. Day",
        "date": "1974-10-17"
    },
    {
        "name": "Eid al-Fitr 2. Day",
        "date": "1974-10-18"
    },
    {
        "name": "Eid al-Fitr 3. Day",
        "date": "1974-10-19"
    },
    {
        "name": "2. Eid al-Adha Eve",
        "date": "1974-12-23"
    },
    {
        "name": "2. Eid al-Adha 1. Day",
        "date": "1974-12-24"
    },
    {
        "name": "Christmas",
        "date": "1974-12-25"
    },
    {
        "name": "2. Eid al-Adha 2. Day",
        "date": "1974-12-25"
    },
    {
        "name": "2. Eid al-Adha 3. Day",
        "date": "1974-12-26"
    },
    {
        "name": "2. Eid al-Adha 4. Day",
        "date": "1974-12-27"
    }
]