[
    {
        "name": "Naujieji metai",
        "date": "2024-01-01"
    },
    {
        "name": "Lietuvos valstyb\u0117s atk\u016brimo diena",
        "date": "2024-02-16"
    },
    {
        "name": "Nepriklausomyb\u0117s atk\u016brimo diena",
        "date": "2024-03-11"
    },
    {
        "name": "Velykos",
        "date": "2024-03-31"
    },
    {
        "name": "Velyk\u0173 antroji diena",
        "date": "2024-04-01"
    },
    {
        "name": "Tarptautin\u0117 darbo diena",
        "date": "2024-05-01"
    },
    {
        "name": "Jonin\u0117s",
        "date": "2024-06-24"
    },
    {
        "name": "Karaliaus Mindaugo kar\u016bnavimo diena",
        "date": "2024-07-06"
    },
    {
        "name": "\u017dolin\u0117",
        "date": "2024-08-15"
    },
    {
        "name": "Vis\u0173 \u0161vent\u0173j\u0173 diena",
        "date": "2024-11-01"
    },
    {
        "name": "V\u0117lin\u0117s",
        "date": "2024-11-02"
    },
    {
        "name": "\u0160v. K\u016b\u010dios",
        "date": "2024-12-24"
    },
    {
        "name": "\u0160v. Kal\u0117dos",
        "date": "2024-12-25"
    },
    {
        "name": "\u0160v. Kal\u0117d\u0173 antroji diena",
        "date": "2024-12-26"
    }
]