[
    {
        "name": "Nova godina",
        "date": "2025-01-01"
    },
    {
        "name": "Bogojavljanje ili Sveta tri kralja",
        "date": "2025-01-06"
    },
    {
        "name": "Uskrs",
        "date": "2025-04-20"
    },
    {
        "name": "Uskrsni ponedjeljak",
        "date": "2025-04-21"
    },
    {
        "name": "Praznik rada",
        "date": "2025-05-01"
    },
    {
        "name": "Dan dr\u017eavnosti",
        "date": "2025-05-30"
    },
    {
        "name": "Tijelovo",
        "date": "2025-06-19"
    },
    {
        "name": "Dan antifa\u0161isti\u010dke borbe",
        "date": "2025-06-22"
    },
    {
        "name": "Dan pobjede i domovinske zahvalnosti, Dan hrvatskih branitelja",
        "date": "2025-08-05"
    },
    {
        "name": "Velika Gospa",
        "date": "2025-08-15"
    },
    {
        "name": "Svi sveti",
        "date": "2025-11-01"
    },
    {
        "name": "Dan sje\u0107anja na \u017ertve Domovinskog rata i Dan sje\u0107anja na \u017ertvu Vukovara i \u0160kabrnje",
        "date": "2025-11-18"
    },
    {
        "name": "Bo\u017ei\u0107",
        "date": "2025-12-25"
    },
    {
        "name": "Sveti Stjepan",
        "date": "2025-12-26"
    }
]