[
    {
        "name": "Islamic Revolution Day",
        "date": "2024-02-11"
    },
    {
        "name": "National Oil Industry Day",
        "date": "2024-03-20"
    },
    {
        "name": "Nourouz",
        "date": "2024-03-23"
    },
    {
        "name": "Islamic Republic Day",
        "date": "2024-03-31"
    },
    {
        "name": "Nature Day",
        "date": "2024-04-01"
    },
    {
        "name": "Death of Khomeini",
        "date": "2024-04-06"
    },
    {
        "name": "15th Khordad March",
        "date": "2024-04-07"
    }
]