[
    {
        "name": "Tahun Baru",
        "date": "2024-01-01"
    },
    {
        "name": "Hari Wilayah Persekutuan",
        "date": "2024-02-01"
    },
    {
        "name": "Good Friday",
        "date": "2024-03-29"
    },
    {
        "name": "Hari Perisytiharan Melaka Sebagai Bandaraya Bersejarah",
        "date": "2024-04-15"
    },
    {
        "name": "Hari Pekerja",
        "date": "2024-05-01"
    },
    {
        "name": "Hari Hol Pahang",
        "date": "2024-05-22"
    },
    {
        "name": "Pesta Keamatan",
        "date": "2024-05-30"
    },
    {
        "name": "Hari Sarawak",
        "date": "2024-07-22"
    },
    {
        "name": "Hari Kebangsaan",
        "date": "2024-08-31"
    },
    {
        "name": "Hari Malaysia",
        "date": "2024-09-16"
    },
    {
        "name": "Hari Krismas",
        "date": "2024-12-25"
    }
]