[
    {
        "name": "Tahun Baru",
        "date": "2024-01-01"
    },
    {
        "name": "Hari Keputeraan Yang Di-Pertuan Besar Negeri Sembilan",
        "date": "2024-01-14"
    },
    {
        "name": "Hari Wilayah Persekutuan",
        "date": "2024-02-01"
    },
    {
        "name": "Hari Ulang Tahun Pertabalan Sultan Terengganu",
        "date": "2024-03-04"
    },
    {
        "name": "Hari Keputeraan Sultan Johor",
        "date": "2024-03-23"
    },
    {
        "name": "Hari Keputeraan Sultan Terengganu",
        "date": "2024-04-26"
    },
    {
        "name": "Hari Pekerja",
        "date": "2024-05-01"
    },
    {
        "name": "Hari Keputeraan Raja Perlis",
        "date": "2024-05-17"
    },
    {
        "name": "Hari Keputeraan YDP Agong",
        "date": "2024-06-03"
    },
    {
        "name": "Hari Keputeraan Sultan Kedah",
        "date": "2024-06-16"
    },
    {
        "name": "Harijadi Yang di-Pertua Negeri Pulau Pinang",
        "date": "2024-07-13"
    },
    {
        "name": "Hari Keputeraan Sultan Pahang",
        "date": "2024-07-30"
    },
    {
        "name": "Harijadi Yang di-Pertua Negeri Melaka",
        "date": "2024-08-24"
    },
    {
        "name": "Hari Kebangsaan",
        "date": "2024-08-31"
    },
    {
        "name": "Hari Malaysia",
        "date": "2024-09-16"
    },
    {
        "name": "Hari Keputeraan Sultan Kelantan",
        "date": "2024-09-29"
    },
    {
        "name": "Harijadi Yang di-Pertua Negeri Sabah",
        "date": "2024-10-05"
    },
    {
        "name": "Harijadi Yang di-Pertua Negeri Sarawak",
        "date": "2024-10-12"
    },
    {
        "name": "Hari Keputeraan Sultan Perak",
        "date": "2024-11-01"
    },
    {
        "name": "Hari Keputeraan Sultan Selangor",
        "date": "2024-12-11"
    },
    {
        "name": "Hari Krismas",
        "date": "2024-12-25"
    }
]