[
    {
        "name": "New Year Day",
        "date": "2022-01-01"
    },
    {
        "name": "Australia Day",
        "date": "2022-01-26"
    },
    {
        "name": "Good Friday",
        "date": "2022-04-15"
    },
    {
        "name": "Easter Monday",
        "date": "2022-04-18"
    },
    {
        "name": "Anzac Day",
        "date": "2022-04-25"
    },
    {
        "name": "Christmas Day",
        "date": "2022-12-25"
    }
]