[
    {
        "name": "New Year Day",
        "date": "2023-01-01"
    },
    {
        "name": "Australia Day",
        "date": "2023-01-26"
    },
    {
        "name": "Good Friday",
        "date": "2023-04-07"
    },
    {
        "name": "Easter Monday",
        "date": "2023-04-10"
    },
    {
        "name": "Anzac Day",
        "date": "2023-04-25"
    },
    {
        "name": "Christmas Day",
        "date": "2023-12-25"
    }
]