[
    {
        "name": "Anul Nou",
        "date": "2024-01-01"
    },
    {
        "name": "Cr\u0103ciunul pe stil vechi",
        "date": "2024-01-07"
    },
    {
        "name": "A doua zi de Cr\u0103ciun pe stil vechi",
        "date": "2024-01-08"
    },
    {
        "name": "Ziua Interna\u021bional\u0103 a Femeii",
        "date": "2024-03-08"
    },
    {
        "name": "Ziua Muncii",
        "date": "2024-05-01"
    },
    {
        "name": "Prima zi de Pa\u0219te",
        "date": "2024-05-05"
    },
    {
        "name": "A doua zi de Pa\u0219te",
        "date": "2024-05-06"
    },
    {
        "name": "Ziua Europei",
        "date": "2024-05-09"
    },
    {
        "name": "Pa\u0219tele Blajinilor",
        "date": "2024-05-13"
    },
    {
        "name": "Ziua Interna\u021bional\u0103 a Copilului",
        "date": "2024-06-01"
    },
    {
        "name": "Ziua Independen\u021bei",
        "date": "2024-08-27"
    },
    {
        "name": "Ziua Limbii Rom\u00e2ne",
        "date": "2024-08-31"
    },
    {
        "name": "Cr\u0103ciunul pe stil nou",
        "date": "2024-12-25"
    }
]