[
    {
        "name": "Republic Day",
        "date": "1994-01-26"
    },
    {
        "name": "Ramzan Id\\\/Eid-ul-Fitar 1",
        "date": "1994-03-14"
    },
    {
        "name": "Holi",
        "date": "1994-03-27"
    },
    {
        "name": "Good Friday",
        "date": "1994-04-01"
    },
    {
        "name": "Rama Navami",
        "date": "1994-04-20"
    },
    {
        "name": "Mahavir Jayanti",
        "date": "1994-04-24"
    },
    {
        "name": "Bakrid\/Eid ul-Adha 1",
        "date": "1994-05-21"
    },
    {
        "name": "Buddha Purnima\/Vesak",
        "date": "1994-05-25"
    },
    {
        "name": "Muharram\/Ashura 1",
        "date": "1994-06-19"
    },
    {
        "name": "Independence Day",
        "date": "1994-08-15"
    },
    {
        "name": "Milad un-Nabi\/Id-e-Milad 1",
        "date": "1994-08-20"
    },
    {
        "name": "Raksha Bandhan",
        "date": "1994-08-21"
    },
    {
        "name": "Janmashtami",
        "date": "1994-08-29"
    },
    {
        "name": "Mahatma Gandhi Jayanti",
        "date": "1994-10-02"
    },
    {
        "name": "Dussehra",
        "date": "1994-10-13"
    },
    {
        "name": "Diwali\/Deepavali",
        "date": "1994-11-03"
    },
    {
        "name": "Bhai Dooj",
        "date": "1994-11-04"
    },
    {
        "name": "Guru Nanak Jayanti",
        "date": "1994-11-18"
    },
    {
        "name": "Christmas",
        "date": "1994-12-25"
    }
]