[
    {
        "name": "Republic Day",
        "date": "2022-01-26"
    },
    {
        "name": "Holi",
        "date": "2022-03-18"
    },
    {
        "name": "Rama Navami",
        "date": "2022-04-10"
    },
    {
        "name": "Mahavir Jayanti",
        "date": "2022-04-14"
    },
    {
        "name": "Good Friday",
        "date": "2022-04-15"
    },
    {
        "name": "Ramzan Id\\\/Eid-ul-Fitar",
        "date": "2022-05-03"
    },
    {
        "name": "Buddha Purnima\/Vesak",
        "date": "2022-05-16"
    },
    {
        "name": "Bakrid\/Eid ul-Adha",
        "date": "2022-07-10"
    },
    {
        "name": "Muharram\/Ashura",
        "date": "2022-08-09"
    },
    {
        "name": "Raksha Bandhan",
        "date": "2022-08-11"
    },
    {
        "name": "Independence Day",
        "date": "2022-08-15"
    },
    {
        "name": "Janmashtami",
        "date": "2022-08-19"
    },
    {
        "name": "Mahatma Gandhi Jayanti",
        "date": "2022-10-02"
    },
    {
        "name": "Dussehra",
        "date": "2022-10-05"
    },
    {
        "name": "Milad un-Nabi\/Id-e-Milad",
        "date": "2022-10-09"
    },
    {
        "name": "Diwali\/Deepavali",
        "date": "2022-10-24"
    },
    {
        "name": "Bhai Dooj",
        "date": "2022-10-26"
    },
    {
        "name": "Guru Nanak Jayanti",
        "date": "2022-11-08"
    },
    {
        "name": "Christmas",
        "date": "2022-12-25"
    }
]