[
    {
        "name": "Republic Day",
        "date": "1996-01-26"
    },
    {
        "name": "Ramzan Id\\\/Eid-ul-Fitar",
        "date": "1996-02-21"
    },
    {
        "name": "Holi",
        "date": "1996-03-05"
    },
    {
        "name": "Rama Navami",
        "date": "1996-03-28"
    },
    {
        "name": "Mahavir Jayanti",
        "date": "1996-04-01"
    },
    {
        "name": "Good Friday",
        "date": "1996-04-05"
    },
    {
        "name": "Bakrid\/Eid ul-Adha",
        "date": "1996-04-29"
    },
    {
        "name": "Buddha Purnima\/Vesak",
        "date": "1996-05-03"
    },
    {
        "name": "Muharram\/Ashura",
        "date": "1996-05-28"
    },
    {
        "name": "Milad un-Nabi\/Id-e-Milad",
        "date": "1996-07-29"
    },
    {
        "name": "Independence Day",
        "date": "1996-08-15"
    },
    {
        "name": "Raksha Bandhan",
        "date": "1996-08-28"
    },
    {
        "name": "Janmashtami",
        "date": "1996-09-05"
    },
    {
        "name": "Mahatma Gandhi Jayanti",
        "date": "1996-10-02"
    },
    {
        "name": "Dussehra",
        "date": "1996-10-21"
    },
    {
        "name": "Diwali\/Deepavali",
        "date": "1996-11-10"
    },
    {
        "name": "Bhai Dooj",
        "date": "1996-11-12"
    },
    {
        "name": "Guru Nanak Jayanti",
        "date": "1996-11-25"
    },
    {
        "name": "Christmas",
        "date": "1996-12-25"
    }
]