[
    {
        "name": "Ramzan Id\\\/Eid-ul-Fitar 1",
        "date": "2031-01-25"
    },
    {
        "name": "Republic Day",
        "date": "2031-01-26"
    },
    {
        "name": "Holi",
        "date": "2031-03-09"
    },
    {
        "name": "Rama Navami",
        "date": "2031-04-01"
    },
    {
        "name": "Bakrid\/Eid ul-Adha 1",
        "date": "2031-04-03"
    },
    {
        "name": "Mahavir Jayanti",
        "date": "2031-04-05"
    },
    {
        "name": "Good Friday",
        "date": "2031-04-11"
    },
    {
        "name": "Muharram\/Ashura 1",
        "date": "2031-05-03"
    },
    {
        "name": "Buddha Purnima\/Vesak",
        "date": "2031-05-07"
    },
    {
        "name": "Milad un-Nabi\/Id-e-Milad 1",
        "date": "2031-07-03"
    },
    {
        "name": "Raksha Bandhan",
        "date": "2031-08-02"
    },
    {
        "name": "Janmashtami",
        "date": "2031-08-10"
    },
    {
        "name": "Independence Day",
        "date": "2031-08-15"
    },
    {
        "name": "Mahatma Gandhi Jayanti",
        "date": "2031-10-02"
    },
    {
        "name": "Dussehra",
        "date": "2031-10-25"
    },
    {
        "name": "Diwali\/Deepavali",
        "date": "2031-11-14"
    },
    {
        "name": "Bhai Dooj",
        "date": "2031-11-16"
    },
    {
        "name": "Guru Nanak Jayanti",
        "date": "2031-11-28"
    },
    {
        "name": "Christmas",
        "date": "2031-12-25"
    }
]