[
    {
        "name": "Republic Day",
        "date": "1990-01-26"
    },
    {
        "name": "Holi",
        "date": "1990-03-11"
    },
    {
        "name": "Rama Navami",
        "date": "1990-04-03"
    },
    {
        "name": "Mahavir Jayanti",
        "date": "1990-04-07"
    },
    {
        "name": "Good Friday",
        "date": "1990-04-13"
    },
    {
        "name": "Ramzan Id\\\/Eid-ul-Fitar 1",
        "date": "1990-04-27"
    },
    {
        "name": "Buddha Purnima\/Vesak",
        "date": "1990-05-09"
    },
    {
        "name": "Bakrid\/Eid ul-Adha 1",
        "date": "1990-07-04"
    },
    {
        "name": "Muharram\/Ashura 1",
        "date": "1990-08-02"
    },
    {
        "name": "Raksha Bandhan",
        "date": "1990-08-06"
    },
    {
        "name": "Janmashtami",
        "date": "1990-08-14"
    },
    {
        "name": "Independence Day",
        "date": "1990-08-15"
    },
    {
        "name": "Dussehra",
        "date": "1990-09-29"
    },
    {
        "name": "Mahatma Gandhi Jayanti",
        "date": "1990-10-02"
    },
    {
        "name": "Milad un-Nabi\/Id-e-Milad 1",
        "date": "1990-10-03"
    },
    {
        "name": "Diwali\/Deepavali",
        "date": "1990-10-18"
    },
    {
        "name": "Bhai Dooj",
        "date": "1990-10-20"
    },
    {
        "name": "Guru Nanak Jayanti",
        "date": "1990-11-02"
    },
    {
        "name": "Christmas",
        "date": "1990-12-25"
    }
]