[
    {
        "name": "Republic Day",
        "date": "1979-01-26"
    },
    {
        "name": "Milad un-Nabi\/Id-e-Milad",
        "date": "1979-02-11"
    },
    {
        "name": "Holi",
        "date": "1979-03-14"
    },
    {
        "name": "Rama Navami",
        "date": "1979-04-05"
    },
    {
        "name": "Mahavir Jayanti",
        "date": "1979-04-10"
    },
    {
        "name": "Good Friday",
        "date": "1979-04-13"
    },
    {
        "name": "Buddha Purnima\/Vesak",
        "date": "1979-05-12"
    },
    {
        "name": "Raksha Bandhan",
        "date": "1979-08-08"
    },
    {
        "name": "Independence Day",
        "date": "1979-08-15"
    },
    {
        "name": "Janmashtami",
        "date": "1979-08-15"
    },
    {
        "name": "Ramzan Id\\\/Eid-ul-Fitar",
        "date": "1979-08-25"
    },
    {
        "name": "Dussehra",
        "date": "1979-10-01"
    },
    {
        "name": "Mahatma Gandhi Jayanti",
        "date": "1979-10-02"
    },
    {
        "name": "Diwali\/Deepavali",
        "date": "1979-10-20"
    },
    {
        "name": "Bhai Dooj",
        "date": "1979-10-22"
    },
    {
        "name": "Bakrid\/Eid ul-Adha",
        "date": "1979-11-01"
    },
    {
        "name": "Guru Nanak Jayanti",
        "date": "1979-11-04"
    },
    {
        "name": "Muharram\/Ashura",
        "date": "1979-11-30"
    },
    {
        "name": "Christmas",
        "date": "1979-12-25"
    }
]