[
    {
        "name": "Republic Day",
        "date": "2026-01-26"
    },
    {
        "name": "Holi",
        "date": "2026-03-04"
    },
    {
        "name": "Ramzan Id\\\/Eid-ul-Fitar 1",
        "date": "2026-03-21"
    },
    {
        "name": "Rama Navami",
        "date": "2026-03-26"
    },
    {
        "name": "Mahavir Jayanti",
        "date": "2026-03-31"
    },
    {
        "name": "Good Friday",
        "date": "2026-04-03"
    },
    {
        "name": "Buddha Purnima\/Vesak",
        "date": "2026-05-01"
    },
    {
        "name": "Bakrid\/Eid ul-Adha 1",
        "date": "2026-05-28"
    },
    {
        "name": "Muharram\/Ashura 1",
        "date": "2026-06-26"
    },
    {
        "name": "Independence Day",
        "date": "2026-08-15"
    },
    {
        "name": "Milad un-Nabi\/Id-e-Milad 1",
        "date": "2026-08-27"
    },
    {
        "name": "Raksha Bandhan",
        "date": "2026-08-28"
    },
    {
        "name": "Janmashtami",
        "date": "2026-09-04"
    },
    {
        "name": "Mahatma Gandhi Jayanti",
        "date": "2026-10-02"
    },
    {
        "name": "Dussehra",
        "date": "2026-10-20"
    },
    {
        "name": "Diwali\/Deepavali",
        "date": "2026-11-08"
    },
    {
        "name": "Bhai Dooj",
        "date": "2026-11-11"
    },
    {
        "name": "Guru Nanak Jayanti",
        "date": "2026-11-24"
    },
    {
        "name": "Christmas",
        "date": "2026-12-25"
    }
]