[
    {
        "name": "Bakrid\/Eid ul-Adha",
        "date": "1973-01-15"
    },
    {
        "name": "Republic Day",
        "date": "1973-01-26"
    },
    {
        "name": "Muharram\/Ashura",
        "date": "1973-02-13"
    },
    {
        "name": "Holi",
        "date": "1973-03-19"
    },
    {
        "name": "Rama Navami",
        "date": "1973-04-11"
    },
    {
        "name": "Mahavir Jayanti",
        "date": "1973-04-15"
    },
    {
        "name": "Milad un-Nabi\/Id-e-Milad",
        "date": "1973-04-16"
    },
    {
        "name": "Good Friday",
        "date": "1973-04-20"
    },
    {
        "name": "Buddha Purnima\/Vesak",
        "date": "1973-05-17"
    },
    {
        "name": "Raksha Bandhan",
        "date": "1973-08-13"
    },
    {
        "name": "Independence Day",
        "date": "1973-08-15"
    },
    {
        "name": "Janmashtami",
        "date": "1973-08-21"
    },
    {
        "name": "Mahatma Gandhi Jayanti",
        "date": "1973-10-02"
    },
    {
        "name": "Dussehra",
        "date": "1973-10-06"
    },
    {
        "name": "Diwali\/Deepavali",
        "date": "1973-10-25"
    },
    {
        "name": "Bhai Dooj",
        "date": "1973-10-27"
    },
    {
        "name": "Ramzan Id\\\/Eid-ul-Fitar",
        "date": "1973-10-28"
    },
    {
        "name": "Guru Nanak Jayanti",
        "date": "1973-11-10"
    },
    {
        "name": "Christmas",
        "date": "1973-12-25"
    }
]