[
    {
        "name": "Republic Day",
        "date": "1971-01-26"
    },
    {
        "name": "Bakrid\/Eid ul-Adha",
        "date": "1971-02-06"
    },
    {
        "name": "Muharram\/Ashura",
        "date": "1971-03-08"
    },
    {
        "name": "Holi",
        "date": "1971-03-12"
    },
    {
        "name": "Rama Navami",
        "date": "1971-04-03"
    },
    {
        "name": "Mahavir Jayanti",
        "date": "1971-04-08"
    },
    {
        "name": "Good Friday",
        "date": "1971-04-09"
    },
    {
        "name": "Milad un-Nabi\/Id-e-Milad",
        "date": "1971-05-09"
    },
    {
        "name": "Buddha Purnima\/Vesak",
        "date": "1971-05-10"
    },
    {
        "name": "Raksha Bandhan",
        "date": "1971-08-06"
    },
    {
        "name": "Janmashtami",
        "date": "1971-08-13"
    },
    {
        "name": "Independence Day",
        "date": "1971-08-15"
    },
    {
        "name": "Dussehra",
        "date": "1971-09-30"
    },
    {
        "name": "Mahatma Gandhi Jayanti",
        "date": "1971-10-02"
    },
    {
        "name": "Diwali\/Deepavali",
        "date": "1971-10-18"
    },
    {
        "name": "Bhai Dooj",
        "date": "1971-10-21"
    },
    {
        "name": "Guru Nanak Jayanti",
        "date": "1971-11-02"
    },
    {
        "name": "Ramzan Id\\\/Eid-ul-Fitar",
        "date": "1971-11-20"
    },
    {
        "name": "Christmas",
        "date": "1971-12-25"
    }
]