[
    {
        "name": "Republic Day",
        "date": "1998-01-26"
    },
    {
        "name": "Ramzan Id\\\/Eid-ul-Fitar",
        "date": "1998-01-30"
    },
    {
        "name": "Holi",
        "date": "1998-03-13"
    },
    {
        "name": "Rama Navami",
        "date": "1998-04-05"
    },
    {
        "name": "Bakrid\/Eid ul-Adha",
        "date": "1998-04-08"
    },
    {
        "name": "Mahavir Jayanti",
        "date": "1998-04-09"
    },
    {
        "name": "Good Friday",
        "date": "1998-04-10"
    },
    {
        "name": "Muharram\/Ashura",
        "date": "1998-05-07"
    },
    {
        "name": "Buddha Purnima\/Vesak",
        "date": "1998-05-11"
    },
    {
        "name": "Milad un-Nabi\/Id-e-Milad",
        "date": "1998-07-08"
    },
    {
        "name": "Raksha Bandhan",
        "date": "1998-08-07"
    },
    {
        "name": "Independence Day",
        "date": "1998-08-15"
    },
    {
        "name": "Janmashtami",
        "date": "1998-08-15"
    },
    {
        "name": "Dussehra",
        "date": "1998-10-01"
    },
    {
        "name": "Mahatma Gandhi Jayanti",
        "date": "1998-10-02"
    },
    {
        "name": "Diwali\/Deepavali",
        "date": "1998-10-19"
    },
    {
        "name": "Bhai Dooj",
        "date": "1998-10-22"
    },
    {
        "name": "Guru Nanak Jayanti",
        "date": "1998-11-04"
    },
    {
        "name": "Christmas",
        "date": "1998-12-25"
    }
]