[
    {
        "name": "Milad un-Nabi\/Id-e-Milad 1",
        "date": "1981-01-19"
    },
    {
        "name": "Republic Day",
        "date": "1981-01-26"
    },
    {
        "name": "Holi",
        "date": "1981-03-21"
    },
    {
        "name": "Rama Navami",
        "date": "1981-04-12"
    },
    {
        "name": "Good Friday",
        "date": "1981-04-17"
    },
    {
        "name": "Mahavir Jayanti",
        "date": "1981-04-17"
    },
    {
        "name": "Buddha Purnima\/Vesak",
        "date": "1981-05-18"
    },
    {
        "name": "Ramzan Id\\\/Eid-ul-Fitar 1",
        "date": "1981-08-02"
    },
    {
        "name": "Independence Day",
        "date": "1981-08-15"
    },
    {
        "name": "Raksha Bandhan",
        "date": "1981-08-15"
    },
    {
        "name": "Janmashtami",
        "date": "1981-08-23"
    },
    {
        "name": "Mahatma Gandhi Jayanti",
        "date": "1981-10-02"
    },
    {
        "name": "Dussehra",
        "date": "1981-10-08"
    },
    {
        "name": "Bakrid\/Eid ul-Adha 1",
        "date": "1981-10-09"
    },
    {
        "name": "Diwali\/Deepavali",
        "date": "1981-10-27"
    },
    {
        "name": "Bhai Dooj",
        "date": "1981-10-29"
    },
    {
        "name": "Muharram\/Ashura 1",
        "date": "1981-11-08"
    },
    {
        "name": "Guru Nanak Jayanti",
        "date": "1981-11-11"
    },
    {
        "name": "Christmas",
        "date": "1981-12-25"
    }
]