[
    {
        "name": "Republic Day",
        "date": "2001-01-26"
    },
    {
        "name": "Bakrid\/Eid ul-Adha 1",
        "date": "2001-03-06"
    },
    {
        "name": "Holi",
        "date": "2001-03-10"
    },
    {
        "name": "Rama Navami",
        "date": "2001-04-02"
    },
    {
        "name": "Muharram\/Ashura 1",
        "date": "2001-04-04"
    },
    {
        "name": "Mahavir Jayanti",
        "date": "2001-04-06"
    },
    {
        "name": "Good Friday",
        "date": "2001-04-13"
    },
    {
        "name": "Buddha Purnima\/Vesak",
        "date": "2001-05-07"
    },
    {
        "name": "Milad un-Nabi\/Id-e-Milad 1",
        "date": "2001-06-05"
    },
    {
        "name": "Raksha Bandhan",
        "date": "2001-08-04"
    },
    {
        "name": "Janmashtami",
        "date": "2001-08-12"
    },
    {
        "name": "Independence Day",
        "date": "2001-08-15"
    },
    {
        "name": "Mahatma Gandhi Jayanti",
        "date": "2001-10-02"
    },
    {
        "name": "Dussehra",
        "date": "2001-10-26"
    },
    {
        "name": "Diwali\/Deepavali",
        "date": "2001-11-14"
    },
    {
        "name": "Bhai Dooj",
        "date": "2001-11-16"
    },
    {
        "name": "Guru Nanak Jayanti",
        "date": "2001-11-30"
    },
    {
        "name": "Ramzan Id\\\/Eid-ul-Fitar 1",
        "date": "2001-12-17"
    },
    {
        "name": "Christmas",
        "date": "2001-12-25"
    }
]