[
    {
        "name": "Ramzan Id\\\/Eid-ul-Fitar",
        "date": "2000-01-08"
    },
    {
        "name": "Republic Day",
        "date": "2000-01-26"
    },
    {
        "name": "Bakrid\/Eid ul-Adha",
        "date": "2000-03-16"
    },
    {
        "name": "Holi",
        "date": "2000-03-20"
    },
    {
        "name": "Rama Navami",
        "date": "2000-04-12"
    },
    {
        "name": "Muharram\/Ashura",
        "date": "2000-04-15"
    },
    {
        "name": "Mahavir Jayanti",
        "date": "2000-04-16"
    },
    {
        "name": "Good Friday",
        "date": "2000-04-21"
    },
    {
        "name": "Buddha Purnima\/Vesak",
        "date": "2000-05-18"
    },
    {
        "name": "Milad un-Nabi\/Id-e-Milad",
        "date": "2000-06-16"
    },
    {
        "name": "Independence Day",
        "date": "2000-08-15"
    },
    {
        "name": "Raksha Bandhan",
        "date": "2000-08-15"
    },
    {
        "name": "Janmashtami",
        "date": "2000-08-23"
    },
    {
        "name": "Mahatma Gandhi Jayanti",
        "date": "2000-10-02"
    },
    {
        "name": "Dussehra",
        "date": "2000-10-07"
    },
    {
        "name": "Diwali\/Deepavali",
        "date": "2000-10-26"
    },
    {
        "name": "Bhai Dooj",
        "date": "2000-10-28"
    },
    {
        "name": "Guru Nanak Jayanti",
        "date": "2000-11-11"
    },
    {
        "name": "Christmas",
        "date": "2000-12-25"
    },
    {
        "name": "2. Ramzan Id\\\/Eid-ul-Fitar",
        "date": "2000-12-28"
    }
]