[
    {
        "name": "Republic Day",
        "date": "1987-01-26"
    },
    {
        "name": "Holi",
        "date": "1987-03-16"
    },
    {
        "name": "Rama Navami",
        "date": "1987-04-07"
    },
    {
        "name": "Mahavir Jayanti",
        "date": "1987-04-12"
    },
    {
        "name": "Good Friday",
        "date": "1987-04-17"
    },
    {
        "name": "Buddha Purnima\/Vesak",
        "date": "1987-05-13"
    },
    {
        "name": "Ramzan Id\\\/Eid-ul-Fitar 1",
        "date": "1987-05-30"
    },
    {
        "name": "Bakrid\/Eid ul-Adha 1",
        "date": "1987-08-06"
    },
    {
        "name": "Raksha Bandhan",
        "date": "1987-08-09"
    },
    {
        "name": "Independence Day",
        "date": "1987-08-15"
    },
    {
        "name": "Janmashtami",
        "date": "1987-08-16"
    },
    {
        "name": "Muharram\/Ashura 1",
        "date": "1987-09-04"
    },
    {
        "name": "Mahatma Gandhi Jayanti",
        "date": "1987-10-02"
    },
    {
        "name": "Dussehra",
        "date": "1987-10-02"
    },
    {
        "name": "Diwali\/Deepavali",
        "date": "1987-10-22"
    },
    {
        "name": "Bhai Dooj",
        "date": "1987-10-24"
    },
    {
        "name": "Milad un-Nabi\/Id-e-Milad 1",
        "date": "1987-11-05"
    },
    {
        "name": "Guru Nanak Jayanti",
        "date": "1987-11-05"
    },
    {
        "name": "Christmas",
        "date": "1987-12-25"
    }
]