[
    {
        "name": "Milad un-Nabi\/Id-e-Milad 1",
        "date": "2013-01-25"
    },
    {
        "name": "Republic Day",
        "date": "2013-01-26"
    },
    {
        "name": "Holi",
        "date": "2013-03-27"
    },
    {
        "name": "Good Friday",
        "date": "2013-03-29"
    },
    {
        "name": "Rama Navami",
        "date": "2013-04-19"
    },
    {
        "name": "Mahavir Jayanti",
        "date": "2013-04-24"
    },
    {
        "name": "Buddha Purnima\/Vesak",
        "date": "2013-05-25"
    },
    {
        "name": "Ramzan Id\\\/Eid-ul-Fitar 1",
        "date": "2013-08-09"
    },
    {
        "name": "Independence Day",
        "date": "2013-08-15"
    },
    {
        "name": "Raksha Bandhan",
        "date": "2013-08-20"
    },
    {
        "name": "Janmashtami",
        "date": "2013-08-28"
    },
    {
        "name": "Mahatma Gandhi Jayanti",
        "date": "2013-10-02"
    },
    {
        "name": "Dussehra",
        "date": "2013-10-13"
    },
    {
        "name": "Bakrid\/Eid ul-Adha 1",
        "date": "2013-10-16"
    },
    {
        "name": "Diwali\/Deepavali",
        "date": "2013-11-03"
    },
    {
        "name": "Bhai Dooj",
        "date": "2013-11-05"
    },
    {
        "name": "Muharram\/Ashura 1",
        "date": "2013-11-14"
    },
    {
        "name": "Guru Nanak Jayanti",
        "date": "2013-11-17"
    },
    {
        "name": "Christmas",
        "date": "2013-12-25"
    }
]