[
    {
        "name": "Republic Day",
        "date": "1992-01-26"
    },
    {
        "name": "Holi",
        "date": "1992-03-19"
    },
    {
        "name": "Ramzan Id\\\/Eid-ul-Fitar",
        "date": "1992-04-04"
    },
    {
        "name": "Rama Navami",
        "date": "1992-04-11"
    },
    {
        "name": "Mahavir Jayanti",
        "date": "1992-04-15"
    },
    {
        "name": "Good Friday",
        "date": "1992-04-17"
    },
    {
        "name": "Buddha Purnima\/Vesak",
        "date": "1992-05-16"
    },
    {
        "name": "Bakrid\/Eid ul-Adha",
        "date": "1992-06-11"
    },
    {
        "name": "Muharram\/Ashura",
        "date": "1992-07-11"
    },
    {
        "name": "Raksha Bandhan",
        "date": "1992-08-13"
    },
    {
        "name": "Independence Day",
        "date": "1992-08-15"
    },
    {
        "name": "Janmashtami",
        "date": "1992-08-21"
    },
    {
        "name": "Milad un-Nabi\/Id-e-Milad",
        "date": "1992-09-11"
    },
    {
        "name": "Mahatma Gandhi Jayanti",
        "date": "1992-10-02"
    },
    {
        "name": "Dussehra",
        "date": "1992-10-06"
    },
    {
        "name": "Diwali\/Deepavali",
        "date": "1992-10-25"
    },
    {
        "name": "Bhai Dooj",
        "date": "1992-10-27"
    },
    {
        "name": "Guru Nanak Jayanti",
        "date": "1992-11-10"
    },
    {
        "name": "Christmas",
        "date": "1992-12-25"
    }
]