[
    {
        "name": "Milad un-Nabi\/Id-e-Milad",
        "date": "2015-01-04"
    },
    {
        "name": "Republic Day",
        "date": "2015-01-26"
    },
    {
        "name": "Holi",
        "date": "2015-03-06"
    },
    {
        "name": "Rama Navami",
        "date": "2015-03-28"
    },
    {
        "name": "Mahavir Jayanti",
        "date": "2015-04-02"
    },
    {
        "name": "Good Friday",
        "date": "2015-04-03"
    },
    {
        "name": "Buddha Purnima\/Vesak",
        "date": "2015-05-04"
    },
    {
        "name": "Ramzan Id\\\/Eid-ul-Fitar",
        "date": "2015-07-19"
    },
    {
        "name": "Independence Day",
        "date": "2015-08-15"
    },
    {
        "name": "Raksha Bandhan",
        "date": "2015-08-29"
    },
    {
        "name": "Janmashtami",
        "date": "2015-09-05"
    },
    {
        "name": "Bakrid\/Eid ul-Adha",
        "date": "2015-09-25"
    },
    {
        "name": "Mahatma Gandhi Jayanti",
        "date": "2015-10-02"
    },
    {
        "name": "Dussehra",
        "date": "2015-10-22"
    },
    {
        "name": "Muharram\/Ashura",
        "date": "2015-10-24"
    },
    {
        "name": "Diwali\/Deepavali",
        "date": "2015-11-11"
    },
    {
        "name": "Bhai Dooj",
        "date": "2015-11-13"
    },
    {
        "name": "Guru Nanak Jayanti",
        "date": "2015-11-25"
    },
    {
        "name": "Christmas",
        "date": "2015-12-25"
    }
]