[
    {
        "name": "Republic Day",
        "date": "1980-01-26"
    },
    {
        "name": "Milad un-Nabi\/Id-e-Milad",
        "date": "1980-01-31"
    },
    {
        "name": "Holi",
        "date": "1980-03-02"
    },
    {
        "name": "Rama Navami",
        "date": "1980-03-24"
    },
    {
        "name": "Mahavir Jayanti",
        "date": "1980-03-29"
    },
    {
        "name": "Good Friday",
        "date": "1980-04-04"
    },
    {
        "name": "Buddha Purnima\/Vesak",
        "date": "1980-04-30"
    },
    {
        "name": "Ramzan Id\\\/Eid-ul-Fitar",
        "date": "1980-08-13"
    },
    {
        "name": "Independence Day",
        "date": "1980-08-15"
    },
    {
        "name": "Raksha Bandhan",
        "date": "1980-08-26"
    },
    {
        "name": "Janmashtami",
        "date": "1980-09-02"
    },
    {
        "name": "Mahatma Gandhi Jayanti",
        "date": "1980-10-02"
    },
    {
        "name": "Dussehra",
        "date": "1980-10-19"
    },
    {
        "name": "Bakrid\/Eid ul-Adha",
        "date": "1980-10-20"
    },
    {
        "name": "Diwali\/Deepavali",
        "date": "1980-11-07"
    },
    {
        "name": "Bhai Dooj",
        "date": "1980-11-09"
    },
    {
        "name": "Muharram\/Ashura",
        "date": "1980-11-18"
    },
    {
        "name": "Guru Nanak Jayanti",
        "date": "1980-11-22"
    },
    {
        "name": "Christmas",
        "date": "1980-12-25"
    }
]