[
    {
        "name": "Republic Day",
        "date": "2004-01-26"
    },
    {
        "name": "Bakrid\/Eid ul-Adha",
        "date": "2004-02-02"
    },
    {
        "name": "Muharram\/Ashura",
        "date": "2004-03-02"
    },
    {
        "name": "Holi",
        "date": "2004-03-07"
    },
    {
        "name": "Rama Navami",
        "date": "2004-03-30"
    },
    {
        "name": "Mahavir Jayanti",
        "date": "2004-04-03"
    },
    {
        "name": "Good Friday",
        "date": "2004-04-09"
    },
    {
        "name": "Milad un-Nabi\/Id-e-Milad",
        "date": "2004-05-03"
    },
    {
        "name": "Buddha Purnima\/Vesak",
        "date": "2004-05-04"
    },
    {
        "name": "Independence Day",
        "date": "2004-08-15"
    },
    {
        "name": "Raksha Bandhan",
        "date": "2004-08-29"
    },
    {
        "name": "Janmashtami",
        "date": "2004-09-07"
    },
    {
        "name": "Mahatma Gandhi Jayanti",
        "date": "2004-10-02"
    },
    {
        "name": "Dussehra",
        "date": "2004-10-22"
    },
    {
        "name": "Diwali\/Deepavali",
        "date": "2004-11-12"
    },
    {
        "name": "Bhai Dooj",
        "date": "2004-11-14"
    },
    {
        "name": "Ramzan Id\\\/Eid-ul-Fitar",
        "date": "2004-11-14"
    },
    {
        "name": "Guru Nanak Jayanti",
        "date": "2004-11-26"
    },
    {
        "name": "Christmas",
        "date": "2004-12-25"
    }
]