[
    {
        "name": "Republic Day",
        "date": "2029-01-26"
    },
    {
        "name": "Ramzan Id\\\/Eid-ul-Fitar",
        "date": "2029-02-15"
    },
    {
        "name": "Holi",
        "date": "2029-03-01"
    },
    {
        "name": "Good Friday",
        "date": "2029-03-30"
    },
    {
        "name": "Rama Navami",
        "date": "2029-04-22"
    },
    {
        "name": "Bakrid\/Eid ul-Adha",
        "date": "2029-04-25"
    },
    {
        "name": "Mahavir Jayanti",
        "date": "2029-04-26"
    },
    {
        "name": "Muharram\/Ashura",
        "date": "2029-05-25"
    },
    {
        "name": "Buddha Purnima\/Vesak",
        "date": "2029-05-27"
    },
    {
        "name": "Milad un-Nabi\/Id-e-Milad",
        "date": "2029-07-25"
    },
    {
        "name": "Independence Day",
        "date": "2029-08-15"
    },
    {
        "name": "Raksha Bandhan",
        "date": "2029-08-23"
    },
    {
        "name": "Janmashtami",
        "date": "2029-09-01"
    },
    {
        "name": "Mahatma Gandhi Jayanti",
        "date": "2029-10-02"
    },
    {
        "name": "Dussehra",
        "date": "2029-10-16"
    },
    {
        "name": "Diwali\/Deepavali",
        "date": "2029-11-05"
    },
    {
        "name": "Bhai Dooj",
        "date": "2029-11-07"
    },
    {
        "name": "Guru Nanak Jayanti",
        "date": "2029-11-21"
    },
    {
        "name": "Christmas",
        "date": "2029-12-25"
    }
]