[
    {
        "name": "Republic Day",
        "date": "2036-01-26"
    },
    {
        "name": "Bakrid\/Eid ul-Adha 1",
        "date": "2036-02-08"
    },
    {
        "name": "Muharram\/Ashura 1",
        "date": "2036-03-09"
    },
    {
        "name": "Holi",
        "date": "2036-03-12"
    },
    {
        "name": "Rama Navami",
        "date": "2036-04-05"
    },
    {
        "name": "Mahavir Jayanti",
        "date": "2036-04-08"
    },
    {
        "name": "Good Friday",
        "date": "2036-04-11"
    },
    {
        "name": "Milad un-Nabi\/Id-e-Milad 1",
        "date": "2036-05-09"
    },
    {
        "name": "Buddha Purnima\/Vesak",
        "date": "2036-05-10"
    },
    {
        "name": "Raksha Bandhan",
        "date": "2036-08-06"
    },
    {
        "name": "Independence Day",
        "date": "2036-08-15"
    },
    {
        "name": "Janmashtami",
        "date": "2036-08-15"
    },
    {
        "name": "Dussehra",
        "date": "2036-09-29"
    },
    {
        "name": "Mahatma Gandhi Jayanti",
        "date": "2036-10-02"
    },
    {
        "name": "Diwali\/Deepavali",
        "date": "2036-10-18"
    },
    {
        "name": "Bhai Dooj",
        "date": "2036-10-21"
    },
    {
        "name": "Guru Nanak Jayanti",
        "date": "2036-11-03"
    },
    {
        "name": "Ramzan Id\\\/Eid-ul-Fitar 1",
        "date": "2036-11-20"
    },
    {
        "name": "Christmas",
        "date": "2036-12-25"
    }
]