[
    {
        "name": "Muharram\/Ashura 1",
        "date": "2008-01-19"
    },
    {
        "name": "Republic Day",
        "date": "2008-01-26"
    },
    {
        "name": "Good Friday",
        "date": "2008-03-21"
    },
    {
        "name": "Milad un-Nabi\/Id-e-Milad 1",
        "date": "2008-03-21"
    },
    {
        "name": "Holi",
        "date": "2008-03-22"
    },
    {
        "name": "Rama Navami",
        "date": "2008-04-13"
    },
    {
        "name": "Mahavir Jayanti",
        "date": "2008-04-18"
    },
    {
        "name": "Buddha Purnima\/Vesak",
        "date": "2008-05-20"
    },
    {
        "name": "Independence Day",
        "date": "2008-08-15"
    },
    {
        "name": "Raksha Bandhan",
        "date": "2008-08-16"
    },
    {
        "name": "Janmashtami",
        "date": "2008-08-24"
    },
    {
        "name": "Mahatma Gandhi Jayanti",
        "date": "2008-10-02"
    },
    {
        "name": "Ramzan Id\\\/Eid-ul-Fitar 1",
        "date": "2008-10-02"
    },
    {
        "name": "Dussehra",
        "date": "2008-10-09"
    },
    {
        "name": "Diwali\/Deepavali",
        "date": "2008-10-28"
    },
    {
        "name": "Bhai Dooj",
        "date": "2008-10-30"
    },
    {
        "name": "Guru Nanak Jayanti",
        "date": "2008-11-13"
    },
    {
        "name": "Bakrid\/Eid ul-Adha 1",
        "date": "2008-12-09"
    },
    {
        "name": "Christmas",
        "date": "2008-12-25"
    }
]