[
    {
        "name": "Muharram\/Ashura",
        "date": "1977-01-01"
    },
    {
        "name": "Republic Day",
        "date": "1977-01-26"
    },
    {
        "name": "Milad un-Nabi\/Id-e-Milad",
        "date": "1977-03-04"
    },
    {
        "name": "Holi",
        "date": "1977-03-06"
    },
    {
        "name": "Rama Navami",
        "date": "1977-03-29"
    },
    {
        "name": "Mahavir Jayanti",
        "date": "1977-04-02"
    },
    {
        "name": "Good Friday",
        "date": "1977-04-08"
    },
    {
        "name": "Buddha Purnima\/Vesak",
        "date": "1977-05-03"
    },
    {
        "name": "Independence Day",
        "date": "1977-08-15"
    },
    {
        "name": "Raksha Bandhan",
        "date": "1977-08-28"
    },
    {
        "name": "Janmashtami",
        "date": "1977-09-06"
    },
    {
        "name": "Ramzan Id\\\/Eid-ul-Fitar",
        "date": "1977-09-15"
    },
    {
        "name": "Mahatma Gandhi Jayanti",
        "date": "1977-10-02"
    },
    {
        "name": "Dussehra",
        "date": "1977-10-21"
    },
    {
        "name": "Diwali\/Deepavali",
        "date": "1977-11-10"
    },
    {
        "name": "Bhai Dooj",
        "date": "1977-11-12"
    },
    {
        "name": "Bakrid\/Eid ul-Adha",
        "date": "1977-11-22"
    },
    {
        "name": "Guru Nanak Jayanti",
        "date": "1977-11-25"
    },
    {
        "name": "2. Muharram\/Ashura",
        "date": "1977-12-21"
    },
    {
        "name": "Christmas",
        "date": "1977-12-25"
    }
]