[
    {
        "name": "Republic Day",
        "date": "1995-01-26"
    },
    {
        "name": "Ramzan Id\\\/Eid-ul-Fitar 1",
        "date": "1995-03-03"
    },
    {
        "name": "Holi",
        "date": "1995-03-17"
    },
    {
        "name": "Rama Navami",
        "date": "1995-04-09"
    },
    {
        "name": "Mahavir Jayanti",
        "date": "1995-04-13"
    },
    {
        "name": "Good Friday",
        "date": "1995-04-14"
    },
    {
        "name": "Bakrid\/Eid ul-Adha 1",
        "date": "1995-05-10"
    },
    {
        "name": "Buddha Purnima\/Vesak",
        "date": "1995-05-14"
    },
    {
        "name": "Muharram\/Ashura 1",
        "date": "1995-06-09"
    },
    {
        "name": "Raksha Bandhan",
        "date": "1995-08-10"
    },
    {
        "name": "Milad un-Nabi\/Id-e-Milad 1",
        "date": "1995-08-10"
    },
    {
        "name": "Independence Day",
        "date": "1995-08-15"
    },
    {
        "name": "Janmashtami",
        "date": "1995-08-18"
    },
    {
        "name": "Mahatma Gandhi Jayanti",
        "date": "1995-10-02"
    },
    {
        "name": "Dussehra",
        "date": "1995-10-03"
    },
    {
        "name": "Diwali\/Deepavali",
        "date": "1995-10-23"
    },
    {
        "name": "Bhai Dooj",
        "date": "1995-10-25"
    },
    {
        "name": "Guru Nanak Jayanti",
        "date": "1995-11-07"
    },
    {
        "name": "Christmas",
        "date": "1995-12-25"
    }
]