[
    {
        "name": "Republic Day",
        "date": "2024-01-26"
    },
    {
        "name": "Independence Day",
        "date": "2024-08-15"
    },
    {
        "name": "Gandhi Jayanti",
        "date": "2024-10-02"
    },
    {
        "name": "Christmas",
        "date": "2024-12-25"
    }
]