[
    {
        "name": "Republic Day",
        "date": "2011-01-26"
    },
    {
        "name": "Milad un-Nabi\/Id-e-Milad 1",
        "date": "2011-02-16"
    },
    {
        "name": "Holi",
        "date": "2011-03-20"
    },
    {
        "name": "Rama Navami",
        "date": "2011-04-12"
    },
    {
        "name": "Mahavir Jayanti",
        "date": "2011-04-16"
    },
    {
        "name": "Good Friday",
        "date": "2011-04-22"
    },
    {
        "name": "Buddha Purnima\/Vesak",
        "date": "2011-05-17"
    },
    {
        "name": "Raksha Bandhan",
        "date": "2011-08-13"
    },
    {
        "name": "Independence Day",
        "date": "2011-08-15"
    },
    {
        "name": "Janmashtami",
        "date": "2011-08-22"
    },
    {
        "name": "Ramzan Id\\\/Eid-ul-Fitar 1",
        "date": "2011-08-31"
    },
    {
        "name": "Mahatma Gandhi Jayanti",
        "date": "2011-10-02"
    },
    {
        "name": "Dussehra",
        "date": "2011-10-06"
    },
    {
        "name": "Diwali\/Deepavali",
        "date": "2011-10-26"
    },
    {
        "name": "Bhai Dooj",
        "date": "2011-10-28"
    },
    {
        "name": "Bakrid\/Eid ul-Adha 1",
        "date": "2011-11-07"
    },
    {
        "name": "Guru Nanak Jayanti",
        "date": "2011-11-10"
    },
    {
        "name": "Muharram\/Ashura 1",
        "date": "2011-12-06"
    },
    {
        "name": "Christmas",
        "date": "2011-12-25"
    }
]