[
    {
        "name": "Republic Day",
        "date": "2037-01-26"
    },
    {
        "name": "Bakrid\/Eid ul-Adha",
        "date": "2037-01-27"
    },
    {
        "name": "Muharram\/Ashura",
        "date": "2037-02-26"
    },
    {
        "name": "Holi",
        "date": "2037-03-02"
    },
    {
        "name": "Rama Navami",
        "date": "2037-03-25"
    },
    {
        "name": "Mahavir Jayanti",
        "date": "2037-03-29"
    },
    {
        "name": "Good Friday",
        "date": "2037-04-03"
    },
    {
        "name": "Buddha Purnima\/Vesak",
        "date": "2037-04-29"
    },
    {
        "name": "Milad un-Nabi\/Id-e-Milad",
        "date": "2037-04-29"
    },
    {
        "name": "Independence Day",
        "date": "2037-08-15"
    },
    {
        "name": "Raksha Bandhan",
        "date": "2037-08-25"
    },
    {
        "name": "Janmashtami",
        "date": "2037-09-03"
    },
    {
        "name": "Mahatma Gandhi Jayanti",
        "date": "2037-10-02"
    },
    {
        "name": "Dussehra",
        "date": "2037-10-18"
    },
    {
        "name": "Diwali\/Deepavali",
        "date": "2037-11-07"
    },
    {
        "name": "Bhai Dooj",
        "date": "2037-11-08"
    },
    {
        "name": "Ramzan Id\\\/Eid-ul-Fitar",
        "date": "2037-11-09"
    },
    {
        "name": "Guru Nanak Jayanti",
        "date": "2037-11-22"
    },
    {
        "name": "Christmas",
        "date": "2037-12-25"
    }
]