[
    {
        "name": "Republic Day",
        "date": "2002-01-26"
    },
    {
        "name": "Bakrid\/Eid ul-Adha 1",
        "date": "2002-02-23"
    },
    {
        "name": "Muharram\/Ashura 1",
        "date": "2002-03-24"
    },
    {
        "name": "Holi",
        "date": "2002-03-29"
    },
    {
        "name": "Good Friday",
        "date": "2002-03-29"
    },
    {
        "name": "Rama Navami",
        "date": "2002-04-21"
    },
    {
        "name": "Mahavir Jayanti",
        "date": "2002-04-25"
    },
    {
        "name": "Milad un-Nabi\/Id-e-Milad 1",
        "date": "2002-05-25"
    },
    {
        "name": "Buddha Purnima\/Vesak",
        "date": "2002-05-26"
    },
    {
        "name": "Independence Day",
        "date": "2002-08-15"
    },
    {
        "name": "Raksha Bandhan",
        "date": "2002-08-22"
    },
    {
        "name": "Janmashtami",
        "date": "2002-08-31"
    },
    {
        "name": "Mahatma Gandhi Jayanti",
        "date": "2002-10-02"
    },
    {
        "name": "Dussehra",
        "date": "2002-10-15"
    },
    {
        "name": "Diwali\/Deepavali",
        "date": "2002-11-04"
    },
    {
        "name": "Bhai Dooj",
        "date": "2002-11-06"
    },
    {
        "name": "Guru Nanak Jayanti",
        "date": "2002-11-19"
    },
    {
        "name": "Ramzan Id\\\/Eid-ul-Fitar 1",
        "date": "2002-12-06"
    },
    {
        "name": "Christmas",
        "date": "2002-12-25"
    }
]