[
    {
        "name": "Ramzan Id\\\/Eid-ul-Fitar",
        "date": "1999-01-19"
    },
    {
        "name": "Republic Day",
        "date": "1999-01-26"
    },
    {
        "name": "Holi",
        "date": "1999-03-02"
    },
    {
        "name": "Rama Navami",
        "date": "1999-03-25"
    },
    {
        "name": "Bakrid\/Eid ul-Adha",
        "date": "1999-03-28"
    },
    {
        "name": "Mahavir Jayanti",
        "date": "1999-03-29"
    },
    {
        "name": "Good Friday",
        "date": "1999-04-02"
    },
    {
        "name": "Muharram\/Ashura",
        "date": "1999-04-26"
    },
    {
        "name": "Buddha Purnima\/Vesak",
        "date": "1999-04-30"
    },
    {
        "name": "Milad un-Nabi\/Id-e-Milad",
        "date": "1999-06-27"
    },
    {
        "name": "Independence Day",
        "date": "1999-08-15"
    },
    {
        "name": "Raksha Bandhan",
        "date": "1999-08-26"
    },
    {
        "name": "Janmashtami",
        "date": "1999-09-03"
    },
    {
        "name": "Mahatma Gandhi Jayanti",
        "date": "1999-10-02"
    },
    {
        "name": "Dussehra",
        "date": "1999-10-19"
    },
    {
        "name": "Diwali\/Deepavali",
        "date": "1999-11-07"
    },
    {
        "name": "Bhai Dooj",
        "date": "1999-11-09"
    },
    {
        "name": "Guru Nanak Jayanti",
        "date": "1999-11-23"
    },
    {
        "name": "Christmas",
        "date": "1999-12-25"
    }
]