[
    {
        "name": "Republic Day",
        "date": "1984-01-26"
    },
    {
        "name": "Holi",
        "date": "1984-03-17"
    },
    {
        "name": "Rama Navami",
        "date": "1984-04-10"
    },
    {
        "name": "Mahavir Jayanti",
        "date": "1984-04-14"
    },
    {
        "name": "Good Friday",
        "date": "1984-04-20"
    },
    {
        "name": "Buddha Purnima\/Vesak",
        "date": "1984-05-15"
    },
    {
        "name": "Ramzan Id\\\/Eid-ul-Fitar 1",
        "date": "1984-06-30"
    },
    {
        "name": "Raksha Bandhan",
        "date": "1984-08-11"
    },
    {
        "name": "Independence Day",
        "date": "1984-08-15"
    },
    {
        "name": "Janmashtami",
        "date": "1984-08-20"
    },
    {
        "name": "Bakrid\/Eid ul-Adha 1",
        "date": "1984-09-06"
    },
    {
        "name": "Mahatma Gandhi Jayanti",
        "date": "1984-10-02"
    },
    {
        "name": "Dussehra",
        "date": "1984-10-04"
    },
    {
        "name": "Muharram\/Ashura 1",
        "date": "1984-10-06"
    },
    {
        "name": "Diwali\/Deepavali",
        "date": "1984-10-24"
    },
    {
        "name": "Bhai Dooj",
        "date": "1984-10-25"
    },
    {
        "name": "Guru Nanak Jayanti",
        "date": "1984-11-08"
    },
    {
        "name": "Milad un-Nabi\/Id-e-Milad 1",
        "date": "1984-12-07"
    },
    {
        "name": "Christmas",
        "date": "1984-12-25"
    }
]