[
    {
        "name": "Republic Day",
        "date": "2035-01-26"
    },
    {
        "name": "Bakrid\/Eid ul-Adha 1",
        "date": "2035-02-19"
    },
    {
        "name": "Muharram\/Ashura 1",
        "date": "2035-03-21"
    },
    {
        "name": "Good Friday",
        "date": "2035-03-23"
    },
    {
        "name": "Holi",
        "date": "2035-03-24"
    },
    {
        "name": "Rama Navami",
        "date": "2035-04-16"
    },
    {
        "name": "Mahavir Jayanti",
        "date": "2035-04-20"
    },
    {
        "name": "Milad un-Nabi\/Id-e-Milad 1",
        "date": "2035-05-21"
    },
    {
        "name": "Buddha Purnima\/Vesak",
        "date": "2035-05-22"
    },
    {
        "name": "Independence Day",
        "date": "2035-08-15"
    },
    {
        "name": "Raksha Bandhan",
        "date": "2035-08-18"
    },
    {
        "name": "Janmashtami",
        "date": "2035-08-26"
    },
    {
        "name": "Mahatma Gandhi Jayanti",
        "date": "2035-10-02"
    },
    {
        "name": "Dussehra",
        "date": "2035-10-11"
    },
    {
        "name": "Diwali\/Deepavali",
        "date": "2035-10-30"
    },
    {
        "name": "Bhai Dooj",
        "date": "2035-11-01"
    },
    {
        "name": "Guru Nanak Jayanti",
        "date": "2035-11-15"
    },
    {
        "name": "Ramzan Id\\\/Eid-ul-Fitar 1",
        "date": "2035-12-02"
    },
    {
        "name": "Christmas",
        "date": "2035-12-25"
    }
]