[
    {
        "name": "Ramzan Id\\\/Eid-ul-Fitar",
        "date": "2032-01-15"
    },
    {
        "name": "Republic Day",
        "date": "2032-01-26"
    },
    {
        "name": "Bakrid\/Eid ul-Adha",
        "date": "2032-03-22"
    },
    {
        "name": "Good Friday",
        "date": "2032-03-26"
    },
    {
        "name": "Holi",
        "date": "2032-03-27"
    },
    {
        "name": "Rama Navami",
        "date": "2032-04-19"
    },
    {
        "name": "Muharram\/Ashura",
        "date": "2032-04-21"
    },
    {
        "name": "Mahavir Jayanti",
        "date": "2032-04-23"
    },
    {
        "name": "Buddha Purnima\/Vesak",
        "date": "2032-05-25"
    },
    {
        "name": "Milad un-Nabi\/Id-e-Milad",
        "date": "2032-06-22"
    },
    {
        "name": "Independence Day",
        "date": "2032-08-15"
    },
    {
        "name": "Raksha Bandhan",
        "date": "2032-08-20"
    },
    {
        "name": "Janmashtami",
        "date": "2032-08-28"
    },
    {
        "name": "Mahatma Gandhi Jayanti",
        "date": "2032-10-02"
    },
    {
        "name": "Dussehra",
        "date": "2032-10-14"
    },
    {
        "name": "Diwali\/Deepavali",
        "date": "2032-11-02"
    },
    {
        "name": "Bhai Dooj",
        "date": "2032-11-04"
    },
    {
        "name": "Guru Nanak Jayanti",
        "date": "2032-11-17"
    },
    {
        "name": "Christmas",
        "date": "2032-12-25"
    }
]