[
    {
        "name": "Republic Day",
        "date": "1986-01-26"
    },
    {
        "name": "Holi",
        "date": "1986-03-26"
    },
    {
        "name": "Good Friday",
        "date": "1986-03-28"
    },
    {
        "name": "Rama Navami",
        "date": "1986-04-18"
    },
    {
        "name": "Mahavir Jayanti",
        "date": "1986-04-22"
    },
    {
        "name": "Buddha Purnima\/Vesak",
        "date": "1986-05-23"
    },
    {
        "name": "Ramzan Id\\\/Eid-ul-Fitar",
        "date": "1986-06-09"
    },
    {
        "name": "Independence Day",
        "date": "1986-08-15"
    },
    {
        "name": "Bakrid\/Eid ul-Adha",
        "date": "1986-08-16"
    },
    {
        "name": "Raksha Bandhan",
        "date": "1986-08-19"
    },
    {
        "name": "Janmashtami",
        "date": "1986-08-27"
    },
    {
        "name": "Muharram\/Ashura",
        "date": "1986-09-15"
    },
    {
        "name": "Mahatma Gandhi Jayanti",
        "date": "1986-10-02"
    },
    {
        "name": "Dussehra",
        "date": "1986-10-12"
    },
    {
        "name": "Diwali\/Deepavali",
        "date": "1986-11-01"
    },
    {
        "name": "Bhai Dooj",
        "date": "1986-11-03"
    },
    {
        "name": "Guru Nanak Jayanti",
        "date": "1986-11-16"
    },
    {
        "name": "Milad un-Nabi\/Id-e-Milad",
        "date": "1986-11-16"
    },
    {
        "name": "Christmas",
        "date": "1986-12-25"
    }
]