[
    {
        "name": "Republic Day",
        "date": "1991-01-26"
    },
    {
        "name": "Holi",
        "date": "1991-03-01"
    },
    {
        "name": "Rama Navami",
        "date": "1991-03-24"
    },
    {
        "name": "Mahavir Jayanti",
        "date": "1991-03-28"
    },
    {
        "name": "Good Friday",
        "date": "1991-03-29"
    },
    {
        "name": "Ramzan Id\\\/Eid-ul-Fitar 1",
        "date": "1991-04-16"
    },
    {
        "name": "Buddha Purnima\/Vesak",
        "date": "1991-05-28"
    },
    {
        "name": "Bakrid\/Eid ul-Adha 1",
        "date": "1991-06-23"
    },
    {
        "name": "Muharram\/Ashura 1",
        "date": "1991-07-22"
    },
    {
        "name": "Independence Day",
        "date": "1991-08-15"
    },
    {
        "name": "Raksha Bandhan",
        "date": "1991-08-25"
    },
    {
        "name": "Janmashtami",
        "date": "1991-09-02"
    },
    {
        "name": "Milad un-Nabi\/Id-e-Milad 1",
        "date": "1991-09-22"
    },
    {
        "name": "Mahatma Gandhi Jayanti",
        "date": "1991-10-02"
    },
    {
        "name": "Dussehra",
        "date": "1991-10-17"
    },
    {
        "name": "Diwali\/Deepavali",
        "date": "1991-11-05"
    },
    {
        "name": "Bhai Dooj",
        "date": "1991-11-08"
    },
    {
        "name": "Guru Nanak Jayanti",
        "date": "1991-11-21"
    },
    {
        "name": "Christmas",
        "date": "1991-12-25"
    }
]