[
    {
        "name": "Republic Day",
        "date": "2003-01-26"
    },
    {
        "name": "Bakrid\/Eid ul-Adha 1",
        "date": "2003-02-12"
    },
    {
        "name": "Muharram\/Ashura 1",
        "date": "2003-03-14"
    },
    {
        "name": "Holi",
        "date": "2003-03-18"
    },
    {
        "name": "Rama Navami",
        "date": "2003-04-11"
    },
    {
        "name": "Mahavir Jayanti",
        "date": "2003-04-15"
    },
    {
        "name": "Good Friday",
        "date": "2003-04-18"
    },
    {
        "name": "Milad un-Nabi\/Id-e-Milad 1",
        "date": "2003-05-15"
    },
    {
        "name": "Buddha Purnima\/Vesak",
        "date": "2003-05-16"
    },
    {
        "name": "Raksha Bandhan",
        "date": "2003-08-12"
    },
    {
        "name": "Independence Day",
        "date": "2003-08-15"
    },
    {
        "name": "Janmashtami",
        "date": "2003-08-20"
    },
    {
        "name": "Mahatma Gandhi Jayanti",
        "date": "2003-10-02"
    },
    {
        "name": "Dussehra",
        "date": "2003-10-05"
    },
    {
        "name": "Diwali\/Deepavali",
        "date": "2003-10-25"
    },
    {
        "name": "Bhai Dooj",
        "date": "2003-10-26"
    },
    {
        "name": "Guru Nanak Jayanti",
        "date": "2003-11-08"
    },
    {
        "name": "Ramzan Id\\\/Eid-ul-Fitar 1",
        "date": "2003-11-26"
    },
    {
        "name": "Christmas",
        "date": "2003-12-25"
    }
]