[
    {
        "name": "Bakrid\/Eid ul-Adha",
        "date": "2006-01-11"
    },
    {
        "name": "Republic Day",
        "date": "2006-01-26"
    },
    {
        "name": "Muharram\/Ashura",
        "date": "2006-02-09"
    },
    {
        "name": "Holi",
        "date": "2006-03-15"
    },
    {
        "name": "Rama Navami",
        "date": "2006-04-06"
    },
    {
        "name": "Mahavir Jayanti",
        "date": "2006-04-11"
    },
    {
        "name": "Milad un-Nabi\/Id-e-Milad",
        "date": "2006-04-11"
    },
    {
        "name": "Good Friday",
        "date": "2006-04-14"
    },
    {
        "name": "Buddha Purnima\/Vesak",
        "date": "2006-05-13"
    },
    {
        "name": "Raksha Bandhan",
        "date": "2006-08-09"
    },
    {
        "name": "Independence Day",
        "date": "2006-08-15"
    },
    {
        "name": "Janmashtami",
        "date": "2006-08-16"
    },
    {
        "name": "Mahatma Gandhi Jayanti",
        "date": "2006-10-02"
    },
    {
        "name": "Dussehra",
        "date": "2006-10-02"
    },
    {
        "name": "Diwali\/Deepavali",
        "date": "2006-10-21"
    },
    {
        "name": "Bhai Dooj",
        "date": "2006-10-23"
    },
    {
        "name": "Ramzan Id\\\/Eid-ul-Fitar",
        "date": "2006-10-24"
    },
    {
        "name": "Guru Nanak Jayanti",
        "date": "2006-11-05"
    },
    {
        "name": "Christmas",
        "date": "2006-12-25"
    }
]