[
    {
        "name": "Republic Day",
        "date": "1985-01-26"
    },
    {
        "name": "Holi",
        "date": "1985-03-07"
    },
    {
        "name": "Rama Navami",
        "date": "1985-03-30"
    },
    {
        "name": "Mahavir Jayanti",
        "date": "1985-04-03"
    },
    {
        "name": "Good Friday",
        "date": "1985-04-05"
    },
    {
        "name": "Buddha Purnima\/Vesak",
        "date": "1985-05-04"
    },
    {
        "name": "Ramzan Id\\\/Eid-ul-Fitar",
        "date": "1985-06-20"
    },
    {
        "name": "Independence Day",
        "date": "1985-08-15"
    },
    {
        "name": "Bakrid\/Eid ul-Adha",
        "date": "1985-08-27"
    },
    {
        "name": "Raksha Bandhan",
        "date": "1985-08-30"
    },
    {
        "name": "Janmashtami",
        "date": "1985-09-07"
    },
    {
        "name": "Muharram\/Ashura",
        "date": "1985-09-25"
    },
    {
        "name": "Mahatma Gandhi Jayanti",
        "date": "1985-10-02"
    },
    {
        "name": "Dussehra",
        "date": "1985-10-22"
    },
    {
        "name": "Diwali\/Deepavali",
        "date": "1985-11-12"
    },
    {
        "name": "Bhai Dooj",
        "date": "1985-11-14"
    },
    {
        "name": "Milad un-Nabi\/Id-e-Milad",
        "date": "1985-11-26"
    },
    {
        "name": "Guru Nanak Jayanti",
        "date": "1985-11-27"
    },
    {
        "name": "Christmas",
        "date": "1985-12-25"
    }
]