[
    {
        "name": "Muharram\/Ashura 1",
        "date": "2009-01-07"
    },
    {
        "name": "Republic Day",
        "date": "2009-01-26"
    },
    {
        "name": "Milad un-Nabi\/Id-e-Milad 1",
        "date": "2009-03-09"
    },
    {
        "name": "Holi",
        "date": "2009-03-11"
    },
    {
        "name": "Rama Navami",
        "date": "2009-04-03"
    },
    {
        "name": "Mahavir Jayanti",
        "date": "2009-04-07"
    },
    {
        "name": "Good Friday",
        "date": "2009-04-10"
    },
    {
        "name": "Buddha Purnima\/Vesak",
        "date": "2009-05-08"
    },
    {
        "name": "Raksha Bandhan",
        "date": "2009-08-05"
    },
    {
        "name": "Janmashtami",
        "date": "2009-08-14"
    },
    {
        "name": "Independence Day",
        "date": "2009-08-15"
    },
    {
        "name": "Ramzan Id\\\/Eid-ul-Fitar 1",
        "date": "2009-09-21"
    },
    {
        "name": "Dussehra",
        "date": "2009-09-28"
    },
    {
        "name": "Mahatma Gandhi Jayanti",
        "date": "2009-10-02"
    },
    {
        "name": "Diwali\/Deepavali",
        "date": "2009-10-17"
    },
    {
        "name": "Bhai Dooj",
        "date": "2009-10-19"
    },
    {
        "name": "Guru Nanak Jayanti",
        "date": "2009-11-02"
    },
    {
        "name": "Bakrid\/Eid ul-Adha 1",
        "date": "2009-11-28"
    },
    {
        "name": "Christmas",
        "date": "2009-12-25"
    },
    {
        "name": "Muharram\/Ashura 2",
        "date": "2009-12-27"
    }
]