[
    {
        "name": "Republic Day",
        "date": "1989-01-26"
    },
    {
        "name": "Holi",
        "date": "1989-03-22"
    },
    {
        "name": "Good Friday",
        "date": "1989-03-24"
    },
    {
        "name": "Rama Navami",
        "date": "1989-04-14"
    },
    {
        "name": "Mahavir Jayanti",
        "date": "1989-04-18"
    },
    {
        "name": "Ramzan Id\\\/Eid-ul-Fitar 1",
        "date": "1989-05-07"
    },
    {
        "name": "Buddha Purnima\/Vesak",
        "date": "1989-05-20"
    },
    {
        "name": "Bakrid\/Eid ul-Adha 1",
        "date": "1989-07-14"
    },
    {
        "name": "Muharram\/Ashura 1",
        "date": "1989-08-13"
    },
    {
        "name": "Independence Day",
        "date": "1989-08-15"
    },
    {
        "name": "Raksha Bandhan",
        "date": "1989-08-17"
    },
    {
        "name": "Janmashtami",
        "date": "1989-08-24"
    },
    {
        "name": "Mahatma Gandhi Jayanti",
        "date": "1989-10-02"
    },
    {
        "name": "Dussehra",
        "date": "1989-10-10"
    },
    {
        "name": "Milad un-Nabi\/Id-e-Milad 1",
        "date": "1989-10-14"
    },
    {
        "name": "Diwali\/Deepavali",
        "date": "1989-10-29"
    },
    {
        "name": "Bhai Dooj",
        "date": "1989-10-31"
    },
    {
        "name": "Guru Nanak Jayanti",
        "date": "1989-11-13"
    },
    {
        "name": "Christmas",
        "date": "1989-12-25"
    }
]