[
    {
        "name": "Republic Day",
        "date": "2027-01-26"
    },
    {
        "name": "Ramzan Id\\\/Eid-ul-Fitar",
        "date": "2027-03-10"
    },
    {
        "name": "Holi",
        "date": "2027-03-22"
    },
    {
        "name": "Good Friday",
        "date": "2027-03-26"
    },
    {
        "name": "Rama Navami",
        "date": "2027-04-15"
    },
    {
        "name": "Mahavir Jayanti",
        "date": "2027-04-19"
    },
    {
        "name": "Bakrid\/Eid ul-Adha",
        "date": "2027-05-17"
    },
    {
        "name": "Buddha Purnima\/Vesak",
        "date": "2027-05-20"
    },
    {
        "name": "Muharram\/Ashura",
        "date": "2027-06-16"
    },
    {
        "name": "Independence Day",
        "date": "2027-08-15"
    },
    {
        "name": "Milad un-Nabi\/Id-e-Milad",
        "date": "2027-08-16"
    },
    {
        "name": "Raksha Bandhan",
        "date": "2027-08-17"
    },
    {
        "name": "Janmashtami",
        "date": "2027-08-25"
    },
    {
        "name": "Mahatma Gandhi Jayanti",
        "date": "2027-10-02"
    },
    {
        "name": "Dussehra",
        "date": "2027-10-09"
    },
    {
        "name": "Diwali\/Deepavali",
        "date": "2027-10-29"
    },
    {
        "name": "Bhai Dooj",
        "date": "2027-10-31"
    },
    {
        "name": "Guru Nanak Jayanti",
        "date": "2027-11-14"
    },
    {
        "name": "Christmas",
        "date": "2027-12-25"
    }
]