[
    {
        "name": "Republic Day",
        "date": "2007-01-26"
    },
    {
        "name": "Muharram\/Ashura 1",
        "date": "2007-01-30"
    },
    {
        "name": "Holi",
        "date": "2007-03-04"
    },
    {
        "name": "Rama Navami",
        "date": "2007-03-26"
    },
    {
        "name": "Mahavir Jayanti",
        "date": "2007-03-31"
    },
    {
        "name": "Milad un-Nabi\/Id-e-Milad 1",
        "date": "2007-04-01"
    },
    {
        "name": "Good Friday",
        "date": "2007-04-06"
    },
    {
        "name": "Buddha Purnima\/Vesak",
        "date": "2007-05-02"
    },
    {
        "name": "Independence Day",
        "date": "2007-08-15"
    },
    {
        "name": "Raksha Bandhan",
        "date": "2007-08-28"
    },
    {
        "name": "Janmashtami",
        "date": "2007-09-04"
    },
    {
        "name": "Mahatma Gandhi Jayanti",
        "date": "2007-10-02"
    },
    {
        "name": "Ramzan Id\\\/Eid-ul-Fitar 1",
        "date": "2007-10-13"
    },
    {
        "name": "Dussehra",
        "date": "2007-10-21"
    },
    {
        "name": "Diwali\/Deepavali",
        "date": "2007-11-09"
    },
    {
        "name": "Bhai Dooj",
        "date": "2007-11-11"
    },
    {
        "name": "Guru Nanak Jayanti",
        "date": "2007-11-24"
    },
    {
        "name": "Bakrid\/Eid ul-Adha 1",
        "date": "2007-12-20"
    },
    {
        "name": "Christmas",
        "date": "2007-12-25"
    }
]