[
    {
        "name": "Ramzan Id\\\/Eid-ul-Fitar",
        "date": "2033-01-03"
    },
    {
        "name": "Republic Day",
        "date": "2033-01-26"
    },
    {
        "name": "Bakrid\/Eid ul-Adha",
        "date": "2033-03-12"
    },
    {
        "name": "Holi",
        "date": "2033-03-16"
    },
    {
        "name": "Rama Navami",
        "date": "2033-04-07"
    },
    {
        "name": "Muharram\/Ashura",
        "date": "2033-04-11"
    },
    {
        "name": "Mahavir Jayanti",
        "date": "2033-04-12"
    },
    {
        "name": "Good Friday",
        "date": "2033-04-15"
    },
    {
        "name": "Buddha Purnima\/Vesak",
        "date": "2033-05-14"
    },
    {
        "name": "Milad un-Nabi\/Id-e-Milad",
        "date": "2033-06-11"
    },
    {
        "name": "Raksha Bandhan",
        "date": "2033-08-10"
    },
    {
        "name": "Independence Day",
        "date": "2033-08-15"
    },
    {
        "name": "Janmashtami",
        "date": "2033-08-17"
    },
    {
        "name": "Mahatma Gandhi Jayanti",
        "date": "2033-10-02"
    },
    {
        "name": "Dussehra",
        "date": "2033-10-03"
    },
    {
        "name": "Diwali\/Deepavali",
        "date": "2033-10-22"
    },
    {
        "name": "Bhai Dooj",
        "date": "2033-10-25"
    },
    {
        "name": "Guru Nanak Jayanti",
        "date": "2033-11-06"
    },
    {
        "name": "2. Ramzan Id\\\/Eid-ul-Fitar",
        "date": "2033-12-24"
    },
    {
        "name": "Christmas",
        "date": "2033-12-25"
    }
]