[
    {
        "name": "Republic Day",
        "date": "2018-01-26"
    },
    {
        "name": "Holi",
        "date": "2018-03-02"
    },
    {
        "name": "Rama Navami",
        "date": "2018-03-25"
    },
    {
        "name": "Mahavir Jayanti",
        "date": "2018-03-29"
    },
    {
        "name": "Good Friday",
        "date": "2018-03-30"
    },
    {
        "name": "Buddha Purnima\/Vesak",
        "date": "2018-04-30"
    },
    {
        "name": "Ramzan Id\\\/Eid-ul-Fitar",
        "date": "2018-06-15"
    },
    {
        "name": "2. Ramzan Id\\\/Eid-ul-Fitar",
        "date": "2018-06-16"
    },
    {
        "name": "Independence Day",
        "date": "2018-08-15"
    },
    {
        "name": "Bakrid\/Eid ul-Adha",
        "date": "2018-08-22"
    },
    {
        "name": "Raksha Bandhan",
        "date": "2018-08-26"
    },
    {
        "name": "Janmashtami",
        "date": "2018-09-03"
    },
    {
        "name": "Muharram\/Ashura",
        "date": "2018-09-21"
    },
    {
        "name": "Mahatma Gandhi Jayanti",
        "date": "2018-10-02"
    },
    {
        "name": "Dussehra",
        "date": "2018-10-19"
    },
    {
        "name": "Diwali\/Deepavali",
        "date": "2018-11-07"
    },
    {
        "name": "Bhai Dooj",
        "date": "2018-11-09"
    },
    {
        "name": "Milad un-Nabi\/Id-e-Milad",
        "date": "2018-11-21"
    },
    {
        "name": "Guru Nanak Jayanti",
        "date": "2018-11-23"
    },
    {
        "name": "Christmas",
        "date": "2018-12-25"
    }
]