[
    {
        "name": "Republic Day",
        "date": "1978-01-26"
    },
    {
        "name": "Milad un-Nabi\/Id-e-Milad 1",
        "date": "1978-02-21"
    },
    {
        "name": "Good Friday",
        "date": "1978-03-24"
    },
    {
        "name": "Holi",
        "date": "1978-03-25"
    },
    {
        "name": "Rama Navami",
        "date": "1978-04-16"
    },
    {
        "name": "Mahavir Jayanti",
        "date": "1978-04-21"
    },
    {
        "name": "Buddha Purnima\/Vesak",
        "date": "1978-05-22"
    },
    {
        "name": "Independence Day",
        "date": "1978-08-15"
    },
    {
        "name": "Raksha Bandhan",
        "date": "1978-08-18"
    },
    {
        "name": "Janmashtami",
        "date": "1978-08-26"
    },
    {
        "name": "Ramzan Id\\\/Eid-ul-Fitar 1",
        "date": "1978-09-04"
    },
    {
        "name": "Mahatma Gandhi Jayanti",
        "date": "1978-10-02"
    },
    {
        "name": "Dussehra",
        "date": "1978-10-11"
    },
    {
        "name": "Diwali\/Deepavali",
        "date": "1978-10-31"
    },
    {
        "name": "Bhai Dooj",
        "date": "1978-11-02"
    },
    {
        "name": "Bakrid\/Eid ul-Adha 1",
        "date": "1978-11-11"
    },
    {
        "name": "Guru Nanak Jayanti",
        "date": "1978-11-14"
    },
    {
        "name": "Muharram\/Ashura 1",
        "date": "1978-12-11"
    },
    {
        "name": "Christmas",
        "date": "1978-12-25"
    }
]