[
    {
        "name": "Republic Day",
        "date": "2030-01-26"
    },
    {
        "name": "Ramzan Id\\\/Eid-ul-Fitar",
        "date": "2030-02-05"
    },
    {
        "name": "Holi",
        "date": "2030-03-20"
    },
    {
        "name": "Rama Navami",
        "date": "2030-04-12"
    },
    {
        "name": "Bakrid\/Eid ul-Adha",
        "date": "2030-04-14"
    },
    {
        "name": "Mahavir Jayanti",
        "date": "2030-04-16"
    },
    {
        "name": "Good Friday",
        "date": "2030-04-19"
    },
    {
        "name": "Muharram\/Ashura",
        "date": "2030-05-14"
    },
    {
        "name": "Buddha Purnima\/Vesak",
        "date": "2030-05-17"
    },
    {
        "name": "Milad un-Nabi\/Id-e-Milad",
        "date": "2030-07-14"
    },
    {
        "name": "Raksha Bandhan",
        "date": "2030-08-13"
    },
    {
        "name": "Independence Day",
        "date": "2030-08-15"
    },
    {
        "name": "Janmashtami",
        "date": "2030-08-21"
    },
    {
        "name": "Mahatma Gandhi Jayanti",
        "date": "2030-10-02"
    },
    {
        "name": "Dussehra",
        "date": "2030-10-06"
    },
    {
        "name": "Diwali\/Deepavali",
        "date": "2030-10-26"
    },
    {
        "name": "Bhai Dooj",
        "date": "2030-10-28"
    },
    {
        "name": "Guru Nanak Jayanti",
        "date": "2030-11-10"
    },
    {
        "name": "Christmas",
        "date": "2030-12-25"
    }
]