[
    {
        "name": "Muharram\/Ashura",
        "date": "1975-01-23"
    },
    {
        "name": "Republic Day",
        "date": "1975-01-26"
    },
    {
        "name": "Milad un-Nabi\/Id-e-Milad",
        "date": "1975-03-26"
    },
    {
        "name": "Holi",
        "date": "1975-03-27"
    },
    {
        "name": "Good Friday",
        "date": "1975-03-28"
    },
    {
        "name": "Rama Navami",
        "date": "1975-04-20"
    },
    {
        "name": "Mahavir Jayanti",
        "date": "1975-04-24"
    },
    {
        "name": "Buddha Purnima\/Vesak",
        "date": "1975-05-25"
    },
    {
        "name": "Independence Day",
        "date": "1975-08-15"
    },
    {
        "name": "Raksha Bandhan",
        "date": "1975-08-21"
    },
    {
        "name": "Janmashtami",
        "date": "1975-08-30"
    },
    {
        "name": "Mahatma Gandhi Jayanti",
        "date": "1975-10-02"
    },
    {
        "name": "Ramzan Id\\\/Eid-ul-Fitar",
        "date": "1975-10-07"
    },
    {
        "name": "Dussehra",
        "date": "1975-10-14"
    },
    {
        "name": "Diwali\/Deepavali",
        "date": "1975-11-03"
    },
    {
        "name": "Bhai Dooj",
        "date": "1975-11-05"
    },
    {
        "name": "Guru Nanak Jayanti",
        "date": "1975-11-18"
    },
    {
        "name": "Bakrid\/Eid ul-Adha",
        "date": "1975-12-14"
    },
    {
        "name": "Christmas",
        "date": "1975-12-25"
    }
]