[
    {
        "name": "Milad un-Nabi\/Id-e-Milad 1",
        "date": "2014-01-14"
    },
    {
        "name": "Republic Day",
        "date": "2014-01-26"
    },
    {
        "name": "Holi",
        "date": "2014-03-17"
    },
    {
        "name": "Rama Navami",
        "date": "2014-04-08"
    },
    {
        "name": "Mahavir Jayanti",
        "date": "2014-04-13"
    },
    {
        "name": "Good Friday",
        "date": "2014-04-18"
    },
    {
        "name": "Buddha Purnima\/Vesak",
        "date": "2014-05-14"
    },
    {
        "name": "Ramzan Id\\\/Eid-ul-Fitar 1",
        "date": "2014-07-29"
    },
    {
        "name": "Raksha Bandhan",
        "date": "2014-08-10"
    },
    {
        "name": "Independence Day",
        "date": "2014-08-15"
    },
    {
        "name": "Janmashtami",
        "date": "2014-08-18"
    },
    {
        "name": "Mahatma Gandhi Jayanti",
        "date": "2014-10-02"
    },
    {
        "name": "Dussehra",
        "date": "2014-10-03"
    },
    {
        "name": "Bakrid\/Eid ul-Adha 1",
        "date": "2014-10-06"
    },
    {
        "name": "Diwali\/Deepavali",
        "date": "2014-10-23"
    },
    {
        "name": "Bhai Dooj",
        "date": "2014-10-25"
    },
    {
        "name": "Muharram\/Ashura 1",
        "date": "2014-11-04"
    },
    {
        "name": "Guru Nanak Jayanti",
        "date": "2014-11-06"
    },
    {
        "name": "Christmas",
        "date": "2014-12-25"
    }
]