[
    {
        "name": "Republic Day",
        "date": "1972-01-26"
    },
    {
        "name": "Bakrid\/Eid ul-Adha",
        "date": "1972-01-27"
    },
    {
        "name": "Muharram\/Ashura",
        "date": "1972-02-25"
    },
    {
        "name": "Holi",
        "date": "1972-02-29"
    },
    {
        "name": "Rama Navami",
        "date": "1972-03-23"
    },
    {
        "name": "Mahavir Jayanti",
        "date": "1972-03-27"
    },
    {
        "name": "Good Friday",
        "date": "1972-03-31"
    },
    {
        "name": "Milad un-Nabi\/Id-e-Milad",
        "date": "1972-04-27"
    },
    {
        "name": "Buddha Purnima\/Vesak",
        "date": "1972-05-28"
    },
    {
        "name": "Independence Day",
        "date": "1972-08-15"
    },
    {
        "name": "Raksha Bandhan",
        "date": "1972-08-24"
    },
    {
        "name": "Janmashtami",
        "date": "1972-09-01"
    },
    {
        "name": "Mahatma Gandhi Jayanti",
        "date": "1972-10-02"
    },
    {
        "name": "Dussehra",
        "date": "1972-10-17"
    },
    {
        "name": "Diwali\/Deepavali",
        "date": "1972-11-05"
    },
    {
        "name": "Bhai Dooj",
        "date": "1972-11-07"
    },
    {
        "name": "Ramzan Id\\\/Eid-ul-Fitar",
        "date": "1972-11-08"
    },
    {
        "name": "Guru Nanak Jayanti",
        "date": "1972-11-20"
    },
    {
        "name": "Christmas",
        "date": "1972-12-25"
    }
]