[
    {
        "name": "Republic Day",
        "date": "2012-01-26"
    },
    {
        "name": "Milad un-Nabi\/Id-e-Milad",
        "date": "2012-02-05"
    },
    {
        "name": "Holi",
        "date": "2012-03-08"
    },
    {
        "name": "Rama Navami",
        "date": "2012-04-01"
    },
    {
        "name": "Mahavir Jayanti",
        "date": "2012-04-05"
    },
    {
        "name": "Good Friday",
        "date": "2012-04-06"
    },
    {
        "name": "Buddha Purnima\/Vesak",
        "date": "2012-05-06"
    },
    {
        "name": "Raksha Bandhan",
        "date": "2012-08-02"
    },
    {
        "name": "Janmashtami",
        "date": "2012-08-10"
    },
    {
        "name": "Independence Day",
        "date": "2012-08-15"
    },
    {
        "name": "Ramzan Id\\\/Eid-ul-Fitar",
        "date": "2012-08-20"
    },
    {
        "name": "Mahatma Gandhi Jayanti",
        "date": "2012-10-02"
    },
    {
        "name": "Dussehra",
        "date": "2012-10-24"
    },
    {
        "name": "Bakrid\/Eid ul-Adha",
        "date": "2012-10-27"
    },
    {
        "name": "Diwali\/Deepavali",
        "date": "2012-11-13"
    },
    {
        "name": "Bhai Dooj",
        "date": "2012-11-15"
    },
    {
        "name": "Muharram\/Ashura",
        "date": "2012-11-25"
    },
    {
        "name": "Guru Nanak Jayanti",
        "date": "2012-11-28"
    },
    {
        "name": "Christmas",
        "date": "2012-12-25"
    }
]