[
    {
        "name": "Muharram\/Ashura 1",
        "date": "1976-01-12"
    },
    {
        "name": "Republic Day",
        "date": "1976-01-26"
    },
    {
        "name": "Milad un-Nabi\/Id-e-Milad 1",
        "date": "1976-03-14"
    },
    {
        "name": "Holi",
        "date": "1976-03-16"
    },
    {
        "name": "Rama Navami",
        "date": "1976-04-08"
    },
    {
        "name": "Mahavir Jayanti",
        "date": "1976-04-12"
    },
    {
        "name": "Good Friday",
        "date": "1976-04-16"
    },
    {
        "name": "Buddha Purnima\/Vesak",
        "date": "1976-05-13"
    },
    {
        "name": "Raksha Bandhan",
        "date": "1976-08-09"
    },
    {
        "name": "Independence Day",
        "date": "1976-08-15"
    },
    {
        "name": "Janmashtami",
        "date": "1976-08-18"
    },
    {
        "name": "Ramzan Id\\\/Eid-ul-Fitar 1",
        "date": "1976-09-25"
    },
    {
        "name": "Mahatma Gandhi Jayanti",
        "date": "1976-10-02"
    },
    {
        "name": "Dussehra",
        "date": "1976-10-02"
    },
    {
        "name": "Diwali\/Deepavali",
        "date": "1976-10-22"
    },
    {
        "name": "Bhai Dooj",
        "date": "1976-10-24"
    },
    {
        "name": "Guru Nanak Jayanti",
        "date": "1976-11-06"
    },
    {
        "name": "Bakrid\/Eid ul-Adha 1",
        "date": "1976-12-02"
    },
    {
        "name": "Christmas",
        "date": "1976-12-25"
    }
]