[
    {
        "name": "Republic Day",
        "date": "2034-01-26"
    },
    {
        "name": "Bakrid\/Eid ul-Adha 1",
        "date": "2034-03-02"
    },
    {
        "name": "Holi",
        "date": "2034-03-05"
    },
    {
        "name": "Rama Navami",
        "date": "2034-03-28"
    },
    {
        "name": "Muharram\/Ashura 1",
        "date": "2034-03-31"
    },
    {
        "name": "Mahavir Jayanti",
        "date": "2034-04-01"
    },
    {
        "name": "Good Friday",
        "date": "2034-04-07"
    },
    {
        "name": "Buddha Purnima\/Vesak",
        "date": "2034-05-03"
    },
    {
        "name": "Milad un-Nabi\/Id-e-Milad 1",
        "date": "2034-05-31"
    },
    {
        "name": "Independence Day",
        "date": "2034-08-15"
    },
    {
        "name": "Raksha Bandhan",
        "date": "2034-08-29"
    },
    {
        "name": "Janmashtami",
        "date": "2034-09-06"
    },
    {
        "name": "Mahatma Gandhi Jayanti",
        "date": "2034-10-02"
    },
    {
        "name": "Dussehra",
        "date": "2034-10-22"
    },
    {
        "name": "Diwali\/Deepavali",
        "date": "2034-11-10"
    },
    {
        "name": "Bhai Dooj",
        "date": "2034-11-12"
    },
    {
        "name": "Guru Nanak Jayanti",
        "date": "2034-11-25"
    },
    {
        "name": "Ramzan Id\\\/Eid-ul-Fitar 1",
        "date": "2034-12-13"
    },
    {
        "name": "Christmas",
        "date": "2034-12-25"
    }
]