[
    {
        "name": "Milad un-Nabi\/Id-e-Milad 1",
        "date": "1982-01-09"
    },
    {
        "name": "Republic Day",
        "date": "1982-01-26"
    },
    {
        "name": "Holi",
        "date": "1982-03-10"
    },
    {
        "name": "Rama Navami",
        "date": "1982-04-02"
    },
    {
        "name": "Mahavir Jayanti",
        "date": "1982-04-06"
    },
    {
        "name": "Good Friday",
        "date": "1982-04-09"
    },
    {
        "name": "Buddha Purnima\/Vesak",
        "date": "1982-05-07"
    },
    {
        "name": "Ramzan Id\\\/Eid-ul-Fitar 1",
        "date": "1982-07-23"
    },
    {
        "name": "Raksha Bandhan",
        "date": "1982-08-04"
    },
    {
        "name": "Janmashtami",
        "date": "1982-08-12"
    },
    {
        "name": "Independence Day",
        "date": "1982-08-15"
    },
    {
        "name": "Bakrid\/Eid ul-Adha 1",
        "date": "1982-09-29"
    },
    {
        "name": "Mahatma Gandhi Jayanti",
        "date": "1982-10-02"
    },
    {
        "name": "Dussehra",
        "date": "1982-10-27"
    },
    {
        "name": "Muharram\/Ashura 1",
        "date": "1982-10-28"
    },
    {
        "name": "Diwali\/Deepavali",
        "date": "1982-11-15"
    },
    {
        "name": "Bhai Dooj",
        "date": "1982-11-17"
    },
    {
        "name": "Guru Nanak Jayanti",
        "date": "1982-11-30"
    },
    {
        "name": "Christmas",
        "date": "1982-12-25"
    },
    {
        "name": "Milad un-Nabi\/Id-e-Milad 2",
        "date": "1982-12-29"
    }
]