[
    {
        "name": "Republic Day",
        "date": "2010-01-26"
    },
    {
        "name": "Milad un-Nabi\/Id-e-Milad",
        "date": "2010-02-27"
    },
    {
        "name": "Holi",
        "date": "2010-03-01"
    },
    {
        "name": "Rama Navami",
        "date": "2010-03-24"
    },
    {
        "name": "Good Friday",
        "date": "2010-04-02"
    },
    {
        "name": "Mahavir Jayanti",
        "date": "2010-04-28"
    },
    {
        "name": "Buddha Purnima\/Vesak",
        "date": "2010-05-27"
    },
    {
        "name": "Independence Day",
        "date": "2010-08-15"
    },
    {
        "name": "Raksha Bandhan",
        "date": "2010-08-24"
    },
    {
        "name": "Janmashtami",
        "date": "2010-09-02"
    },
    {
        "name": "Ramzan Id\\\/Eid-ul-Fitar",
        "date": "2010-09-10"
    },
    {
        "name": "Mahatma Gandhi Jayanti",
        "date": "2010-10-02"
    },
    {
        "name": "Dussehra",
        "date": "2010-10-17"
    },
    {
        "name": "Diwali\/Deepavali",
        "date": "2010-11-05"
    },
    {
        "name": "Bhai Dooj",
        "date": "2010-11-07"
    },
    {
        "name": "Bakrid\/Eid ul-Adha",
        "date": "2010-11-17"
    },
    {
        "name": "Guru Nanak Jayanti",
        "date": "2010-11-21"
    },
    {
        "name": "Muharram\/Ashura",
        "date": "2010-12-17"
    },
    {
        "name": "Christmas",
        "date": "2010-12-25"
    }
]