[
    {
        "name": "Republic Day",
        "date": "1988-01-26"
    },
    {
        "name": "Holi",
        "date": "1988-03-04"
    },
    {
        "name": "Rama Navami",
        "date": "1988-03-26"
    },
    {
        "name": "Mahavir Jayanti",
        "date": "1988-03-31"
    },
    {
        "name": "Good Friday",
        "date": "1988-04-01"
    },
    {
        "name": "Buddha Purnima\/Vesak",
        "date": "1988-05-01"
    },
    {
        "name": "Ramzan Id\\\/Eid-ul-Fitar 1",
        "date": "1988-05-18"
    },
    {
        "name": "Bakrid\/Eid ul-Adha 1",
        "date": "1988-07-25"
    },
    {
        "name": "Independence Day",
        "date": "1988-08-15"
    },
    {
        "name": "Muharram\/Ashura 1",
        "date": "1988-08-23"
    },
    {
        "name": "Raksha Bandhan",
        "date": "1988-08-27"
    },
    {
        "name": "Janmashtami",
        "date": "1988-09-03"
    },
    {
        "name": "Mahatma Gandhi Jayanti",
        "date": "1988-10-02"
    },
    {
        "name": "Dussehra",
        "date": "1988-10-20"
    },
    {
        "name": "Milad un-Nabi\/Id-e-Milad 1",
        "date": "1988-10-24"
    },
    {
        "name": "Diwali\/Deepavali",
        "date": "1988-11-09"
    },
    {
        "name": "Bhai Dooj",
        "date": "1988-11-11"
    },
    {
        "name": "Guru Nanak Jayanti",
        "date": "1988-11-23"
    },
    {
        "name": "Christmas",
        "date": "1988-12-25"
    }
]