[
    {
        "name": "Republic Day",
        "date": "2028-01-26"
    },
    {
        "name": "Ramzan Id\\\/Eid-ul-Fitar 1",
        "date": "2028-02-27"
    },
    {
        "name": "Holi",
        "date": "2028-03-11"
    },
    {
        "name": "Rama Navami",
        "date": "2028-04-03"
    },
    {
        "name": "Mahavir Jayanti",
        "date": "2028-04-07"
    },
    {
        "name": "Good Friday",
        "date": "2028-04-14"
    },
    {
        "name": "Bakrid\/Eid ul-Adha 1",
        "date": "2028-05-06"
    },
    {
        "name": "Buddha Purnima\/Vesak",
        "date": "2028-05-08"
    },
    {
        "name": "Muharram\/Ashura 1",
        "date": "2028-06-04"
    },
    {
        "name": "Milad un-Nabi\/Id-e-Milad 1",
        "date": "2028-08-04"
    },
    {
        "name": "Raksha Bandhan",
        "date": "2028-08-05"
    },
    {
        "name": "Janmashtami",
        "date": "2028-08-13"
    },
    {
        "name": "Independence Day",
        "date": "2028-08-15"
    },
    {
        "name": "Dussehra",
        "date": "2028-09-27"
    },
    {
        "name": "Mahatma Gandhi Jayanti",
        "date": "2028-10-02"
    },
    {
        "name": "Diwali\/Deepavali",
        "date": "2028-10-17"
    },
    {
        "name": "Bhai Dooj",
        "date": "2028-10-19"
    },
    {
        "name": "Guru Nanak Jayanti",
        "date": "2028-11-02"
    },
    {
        "name": "Christmas",
        "date": "2028-12-25"
    }
]