[
    {
        "name": "Ethiopian Christmas",
        "date": "2024-01-08"
    },
    {
        "name": "Epiphany",
        "date": "2024-01-20"
    },
    {
        "name": "Adwa Victory Day",
        "date": "2024-03-02"
    },
    {
        "name": "Eid al-Fitr",
        "date": "2024-04-10"
    },
    {
        "name": "May Day",
        "date": "2024-05-01"
    },
    {
        "name": "Siklet",
        "date": "2024-05-03"
    },
    {
        "name": "Fasika",
        "date": "2024-05-05"
    },
    {
        "name": "Patriots' Victory Day",
        "date": "2024-05-05"
    },
    {
        "name": "Derg Downfall Day",
        "date": "2024-05-28"
    },
    {
        "name": "Eid al-Adha",
        "date": "2024-06-16"
    },
    {
        "name": "Ethiopian New Year",
        "date": "2024-09-11"
    },
    {
        "name": "Mawlid",
        "date": "2024-09-15"
    },
    {
        "name": "Meskel",
        "date": "2024-09-27"
    }
]