[
    {
        "name": "\uc2e0\uc815",
        "date": "2024-01-01"
    },
    {
        "name": "\uc124\ub0a0 \uc5f0\ud734 1",
        "date": "2024-02-09"
    },
    {
        "name": "\uc124\ub0a0",
        "date": "2024-02-10"
    },
    {
        "name": "\uc124\ub0a0 \uc5f0\ud734 2",
        "date": "2024-02-11"
    },
    {
        "name": "3\u318d1\uc808",
        "date": "2024-03-01"
    },
    {
        "name": "\uc5b4\ub9b0\uc774\ub0a0",
        "date": "2024-05-05"
    },
    {
        "name": "\ubd80\ucc98\ub2d8 \uc624\uc2e0\ub0a0",
        "date": "2024-05-15"
    },
    {
        "name": "\ud604\ucda9\uc77c",
        "date": "2024-06-06"
    },
    {
        "name": "\uad11\ubcf5\uc808",
        "date": "2024-08-15"
    },
    {
        "name": "\ucd94\uc11d \uc5f0\ud734 1",
        "date": "2024-09-16"
    },
    {
        "name": "\ucd94\uc11d",
        "date": "2024-09-17"
    },
    {
        "name": "\ucd94\uc11d \uc5f0\ud734 2",
        "date": "2024-09-18"
    },
    {
        "name": "\uac1c\ucc9c\uc808",
        "date": "2024-10-03"
    },
    {
        "name": "\ud55c\uae00\ub0a0",
        "date": "2024-10-09"
    },
    {
        "name": "\ud06c\ub9ac\uc2a4\ub9c8\uc2a4",
        "date": "2024-12-15"
    }
]