[
    {
        "name": "New Year's Day",
        "date": "2025-01-01"
    },
    {
        "name": "Independence Day",
        "date": "2025-03-20"
    },
    {
        "name": "Eid al-Fitr 1. Day",
        "date": "2025-03-31"
    },
    {
        "name": "Eid al-Fitr 2. Day",
        "date": "2025-04-01"
    },
    {
        "name": "Martyrs' Day",
        "date": "2025-04-09"
    },
    {
        "name": "Labour Day",
        "date": "2025-05-01"
    },
    {
        "name": "Eid al-Adha 1. Day",
        "date": "2025-06-07"
    },
    {
        "name": "Eid al-Adha 2. Day",
        "date": "2025-06-08"
    },
    {
        "name": "Eid al-Adha 3. Day",
        "date": "2025-06-09"
    },
    {
        "name": "Islamic new year 1. Day",
        "date": "2025-06-26"
    },
    {
        "name": "Republic Day",
        "date": "2025-07-25"
    },
    {
        "name": "Women's Day",
        "date": "2025-08-13"
    },
    {
        "name": "Birthday of the Prophet Mohamed 1. Day",
        "date": "2025-09-04"
    },
    {
        "name": "Evacuation Day",
        "date": "2025-10-15"
    },
    {
        "name": "Revolution and Youth Day",
        "date": "2025-12-17"
    }
]