[
    {
        "name": "New Year's Day",
        "date": "2024-01-01"
    },
    {
        "name": "Independence Day",
        "date": "2024-03-20"
    },
    {
        "name": "Martyrs' Day",
        "date": "2024-04-09"
    },
    {
        "name": "Eid al-Fitr",
        "date": "2024-04-12"
    },
    {
        "name": "Labour Day",
        "date": "2024-05-01"
    },
    {
        "name": "Eid al-Adha",
        "date": "2024-06-20"
    },
    {
        "name": "Islamic new year",
        "date": "2024-07-07"
    },
    {
        "name": "Republic Day",
        "date": "2024-07-25"
    },
    {
        "name": "Women's Day",
        "date": "2024-08-13"
    },
    {
        "name": "Birthday of the Prophet Mohamed",
        "date": "2024-09-15"
    },
    {
        "name": "Evacuation Day",
        "date": "2024-10-15"
    },
    {
        "name": "Revolution and Youth Day",
        "date": "2024-12-17"
    }
]