[
    {
        "name": "New Year's Day",
        "date": "2025-01-01"
    },
    {
        "name": "Independence Day",
        "date": "2025-03-20"
    },
    {
        "name": "Eid al-Fitr",
        "date": "2025-04-02"
    },
    {
        "name": "Martyrs' Day",
        "date": "2025-04-09"
    },
    {
        "name": "Labour Day",
        "date": "2025-05-01"
    },
    {
        "name": "Eid al-Adha",
        "date": "2025-06-10"
    },
    {
        "name": "Islamic new year",
        "date": "2025-06-26"
    },
    {
        "name": "Republic Day",
        "date": "2025-07-25"
    },
    {
        "name": "Women's Day",
        "date": "2025-08-13"
    },
    {
        "name": "Birthday of the Prophet Mohamed",
        "date": "2025-09-04"
    },
    {
        "name": "Evacuation Day",
        "date": "2025-10-15"
    },
    {
        "name": "Revolution and Youth Day",
        "date": "2025-12-17"
    }
]