[
    {
        "name": "Nieuwjaarsdag",
        "date": "2024-01-01"
    },
    {
        "name": "Goede Vrijdag",
        "date": "2024-03-28"
    },
    {
        "name": "1e Paasdag",
        "date": "2024-03-30"
    },
    {
        "name": "2e Paasdag",
        "date": "2024-03-31"
    },
    {
        "name": "Koningsdag",
        "date": "2024-04-27"
    },
    {
        "name": "Bevrijdingsdag",
        "date": "2024-05-05"
    },
    {
        "name": "Hemelvaartsdag",
        "date": "2024-05-08"
    },
    {
        "name": "1e Pinksterdag",
        "date": "2024-05-18"
    },
    {
        "name": "2e Pinksterdag",
        "date": "2024-05-19"
    },
    {
        "name": "1e Kerstdag",
        "date": "2024-12-25"
    },
    {
        "name": "2e Kerstdag",
        "date": "2024-12-26"
    }
]