[
    {
        "name": "Nieuwjaarsdag",
        "date": "2024-01-01"
    },
    {
        "name": "Goede Vrijdag",
        "date": "2024-03-29"
    },
    {
        "name": "Eerste paasdag",
        "date": "2024-03-31"
    },
    {
        "name": "Tweede paasdag",
        "date": "2024-04-01"
    },
    {
        "name": "Koningsdag",
        "date": "2024-04-27"
    },
    {
        "name": "Bevrijdingsdag",
        "date": "2024-05-05"
    },
    {
        "name": "Hemelvaartsdag",
        "date": "2024-05-09"
    },
    {
        "name": "Eerste pinksterdag",
        "date": "2024-05-19"
    },
    {
        "name": "Tweede pinksterdag",
        "date": "2024-05-20"
    },
    {
        "name": "Eerste kerstdag",
        "date": "2024-12-25"
    },
    {
        "name": "Tweede kerstdag",
        "date": "2024-12-26"
    }
]