[
    {
        "name": "Πρωτοχρονιά",
        "date": "2024-01-01"
    },
    {
        "name": "Θεοφάνια",
        "date": "2024-01-06"
    },
    {
        "name": "Καθαρά Δευτέρα",
        "date": "2024-03-18"
    },
    {
        "name": "25η Μαρτίου",
        "date": "2024-03-25"
    },
    {
        "name": "Πρωτομαγιά",
        "date": "2024-05-01"
    },
    {
        "name": "Μεγάλη Παρασκευή",
        "date": "2024-05-03"
    },
    {
        "name": "Κυριακή του Πάσχα",
        "date": "2024-05-05"
    },
    {
        "name": "Δευτέρα του Πάσχα",
        "date": "2024-05-06"
    },
    {
        "name": "Αγίου Πνεύματος",
        "date": "2024-06-24"
    },
    {
        "name": "Δεκαπενταύγουστος",
        "date": "2024-08-15"
    },
    {
        "name": "28η Οκτωβρίου",
        "date": "2024-10-28"
    },
    {
        "name": "Χριστούγεννα",
        "date": "2024-12-25"
    },
    {
        "name": "Σύναξη της Θεοτόκου",
        "date": "2024-12-26"
    }
]