[
    {
        "name": "New year",
        "date": "2024-01-01"
    },
    {
        "name": "International Women's Day",
        "date": "2024-03-08"
    },
    {
        "name": "Novruz holiday",
        "date": "2024-03-20"
    },
    {
        "name": "Day of Victory over fascism",
        "date": "2024-05-09"
    },
    {
        "name": "Independence Day",
        "date": "2024-05-28"
    },
    {
        "name": "National Salvation Day of the Azerbaijani people",
        "date": "2024-06-15"
    },
    {
        "name": "Day of Armed Forces of the Republic of Azerbaijan",
        "date": "2024-06-26"
    },
    {
        "name": "Day of Restoration of Independence",
        "date": "2024-10-18"
    },
    {
        "name": "Victory Day",
        "date": "2024-11-08"
    },
    {
        "name": "National Flag Day of the Republic of Azerbaijan",
        "date": "2024-11-09"
    },
    {
        "name": "World Azerbaijanis Solidarity Day",
        "date": "2024-12-31"
    }
]