[
    {
        "name": "Yeni il",
        "date": "2024-01-01"
    },
    {
        "name": "Beyn\u0259lxalq Qad\u0131nlar g\u00fcn\u00fc",
        "date": "2024-03-08"
    },
    {
        "name": "Novruz bayram\u0131",
        "date": "2024-03-20"
    },
    {
        "name": "Fa\u015fizm \u00fcz\u0259rind\u0259 q\u0259l\u0259b\u0259 g\u00fcn\u00fc",
        "date": "2024-05-09"
    },
    {
        "name": "M\u00fcst\u0259qillik G\u00fcn\u00fc",
        "date": "2024-05-28"
    },
    {
        "name": "Az\u0259rbaycan xalq\u0131n\u0131n milli qurtulu\u015f g\u00fcn\u00fc",
        "date": "2024-06-15"
    },
    {
        "name": "Az\u0259rbaycan Respublikas\u0131n\u0131n Silahl\u0131 Q\u00fcvv\u0259l\u0259ri g\u00fcn\u00fc",
        "date": "2024-06-26"
    },
    {
        "name": "M\u00fcst\u0259qilliyin b\u0259rpas\u0131 g\u00fcn\u00fc",
        "date": "2024-10-18"
    },
    {
        "name": "Z\u0259f\u0259r G\u00fcn\u00fc",
        "date": "2024-11-08"
    },
    {
        "name": "Az\u0259rbaycan Respublikas\u0131n\u0131n D\u00f6vl\u0259t bayra\u011f\u0131 g\u00fcn\u00fc",
        "date": "2024-11-09"
    },
    {
        "name": "D\u00fcnya az\u0259rbaycanl\u0131lar\u0131n\u0131n h\u0259mr\u0259yliyi g\u00fcn\u00fc",
        "date": "2024-12-31"
    }
]