[
    {
        "name": "New Year's day",
        "date": "2024-01-01"
    },
    {
        "name": "Reunification Day",
        "date": "2024-04-30"
    },
    {
        "name": "Labour Day",
        "date": "2024-05-01"
    },
    {
        "name": "Independence Day",
        "date": "2024-09-02"
    }
]