[
    {
        "name": "T\u1ebft D\u01b0\u01a1ng L\u1ecbch",
        "date": "2024-01-01"
    },
    {
        "name": "Ng\u00e0y Hai M\u01b0\u01a1i Ch\u00edn T\u1ebft",
        "date": "2024-02-08"
    },
    {
        "name": "Ng\u00e0y Ba M\u01b0\u01a1i T\u1ebft",
        "date": "2024-02-09"
    },
    {
        "name": "M\u00f9ng M\u1ed9t T\u1ebft \u00c2m L\u1ecbch",
        "date": "2024-02-10"
    },
    {
        "name": "M\u00f9ng Hai T\u1ebft \u00c2m L\u1ecbch",
        "date": "2024-02-11"
    },
    {
        "name": "M\u00f9ng Ba T\u1ebft \u00c2m L\u1ecbch",
        "date": "2024-02-12"
    },
    {
        "name": "M\u00f9ng B\u1ed1n T\u1ebft \u00c2m L\u1ecbch",
        "date": "2024-02-13"
    },
    {
        "name": "M\u00f9ng N\u0103m T\u1ebft \u00c2m L\u1ecbch",
        "date": "2024-02-14"
    },
    {
        "name": "Ng\u00e0y Gi\u1ed7 T\u1ed5 H\u00f9ng V\u01b0\u01a1ng",
        "date": "2024-04-18"
    },
    {
        "name": "Ng\u00e0y Gi\u1ea3i Ph\u00f3ng Mi\u1ec1n Nam, Th\u1ed1ng Nh\u1ea5t \u0110\u1ea5t N\u01b0\u1edbc",
        "date": "2024-04-30"
    },
    {
        "name": "Ng\u00e0y Qu\u1ed1c T\u1ebf Lao \u0110\u1ed9ng",
        "date": "2024-05-01"
    },
    {
        "name": "Ng\u00e0y Qu\u1ed1c Kh\u00e1nh",
        "date": "2024-09-02"
    },
    {
        "name": "Ng\u00e0y Sau Qu\u1ed1c Kh\u00e1nh",
        "date": "2024-09-03"
    }
]