[
    {
        "name": "Viti i Ri",
        "date": "2024-01-01"
    },
    {
        "name": "Dita e Ver\u00ebs",
        "date": "2024-03-14"
    },
    {
        "name": "Dita e Sulltan Nevruzit",
        "date": "2024-03-22"
    },
    {
        "name": "E diela e Pashk\u00ebve Katolike",
        "date": "2024-03-31"
    },
    {
        "name": "Dita e Bajramit t\u00eb Madh",
        "date": "2024-04-10"
    },
    {
        "name": "Dita Nd\u00ebrkomb\u00ebtare e Pun\u00ebtor\u00ebve",
        "date": "2024-05-01"
    },
    {
        "name": "E diela e Pashk\u00ebve Ortodokse",
        "date": "2024-05-05"
    },
    {
        "name": "Dita e Kurban Bajramit",
        "date": "2024-06-17"
    },
    {
        "name": "Dita e Shenjt\u00ebrimit t\u00eb Shenjt Terez\u00ebs",
        "date": "2024-09-05"
    },
    {
        "name": "Dita e Pavar\u00ebsis\u00eb",
        "date": "2024-11-28"
    },
    {
        "name": "Dita e \u00c7lirimit",
        "date": "2024-11-29"
    },
    {
        "name": "Dita Komb\u00ebtare e Rinis\u00eb",
        "date": "2024-12-08"
    },
    {
        "name": "Krishtlindja",
        "date": "2024-12-25"
    }
]