[
    {
        "name": "\u5143\u65e5",
        "date": "2024-01-01"
    },
    {
        "name": "\u6210\u4eba\u306e\u65e5",
        "date": "2024-01-08"
    },
    {
        "name": "\u5efa\u56fd\u8a18\u5ff5\u306e\u65e5",
        "date": "2024-02-11"
    },
    {
        "name": "\u5929\u7687\u8a95\u751f\u65e5",
        "date": "2024-02-23"
    },
    {
        "name": "\u6625\u5206\u306e\u65e5",
        "date": "2024-03-20"
    },
    {
        "name": "\u662d\u548c\u306e\u65e5",
        "date": "2024-04-29"
    },
    {
        "name": "\u61b2\u6cd5\u8a18\u5ff5\u65e5",
        "date": "2024-05-03"
    },
    {
        "name": "\u307f\u3069\u308a\u306e\u65e5",
        "date": "2024-05-04"
    },
    {
        "name": "\u3053\u3069\u3082\u306e\u65e5",
        "date": "2024-05-05"
    },
    {
        "name": "\u6d77\u306e\u65e5",
        "date": "2024-07-15"
    },
    {
        "name": "\u5c71\u306e\u65e5",
        "date": "2024-08-11"
    },
    {
        "name": "\u656c\u8001\u306e\u65e5",
        "date": "2024-09-16"
    },
    {
        "name": "\u79cb\u5206\u306e\u65e5",
        "date": "2024-09-23"
    },
    {
        "name": "\u30b9\u30dd\u30fc\u30c4\u306e\u65e5",
        "date": "2024-10-14"
    },
    {
        "name": "\u6587\u5316\u306e\u65e5",
        "date": "2024-11-03"
    },
    {
        "name": "\u52e4\u52b4\u611f\u8b1d\u306e\u65e5",
        "date": "2024-11-23"
    }
]