[
    {
        "name": "A\u00f1o Nuevo",
        "date": "2025-01-01"
    },
    {
        "name": "Reyes Magos",
        "date": "2025-01-06"
    },
    {
        "name": "D\u00eda de San Jos\u00e9",
        "date": "2025-03-24"
    },
    {
        "name": "Jueves Santo",
        "date": "2025-04-17"
    },
    {
        "name": "Viernes Santo",
        "date": "2025-04-18"
    },
    {
        "name": "D\u00eda del Trabajo",
        "date": "2025-05-01"
    },
    {
        "name": "Ascenci\u00f3n de Jes\u00fas",
        "date": "2025-06-02"
    },
    {
        "name": "Corpus Christi",
        "date": "2025-06-23"
    },
    {
        "name": "Sagrado coraz\u00f3n de Jes\u00fas",
        "date": "2025-06-30"
    },
    {
        "name": "San Pedro y San Pablo",
        "date": "2025-06-30"
    },
    {
        "name": "D\u00eda de la independencia",
        "date": "2025-07-20"
    },
    {
        "name": "Batalla de Boyac\u00e1",
        "date": "2025-08-07"
    },
    {
        "name": "Asunci\u00f3n de la Virgen",
        "date": "2025-08-18"
    },
    {
        "name": "D\u00eda de la raza",
        "date": "2025-10-13"
    },
    {
        "name": "Todos los santos",
        "date": "2025-11-03"
    },
    {
        "name": "Independencia de Cartagena",
        "date": "2025-11-17"
    },
    {
        "name": "Inmaculada Concepci\u00f3n",
        "date": "2025-12-08"
    },
    {
        "name": "Navidad",
        "date": "2025-12-25"
    }
]