[
    {
        "name": "A\u00f1o nuevo",
        "date": "2024-01-01"
    },
    {
        "name": "D\u00eda de la Candelaria",
        "date": "2024-02-02"
    },
    {
        "name": "Aniversario de la promulgaci\u00f3n de la Constituci\u00f3n de 1917",
        "date": "2024-02-05"
    },
    {
        "name": "D\u00eda de la Bandera",
        "date": "2024-02-24"
    },
    {
        "name": "Natalicio de Benito Ju\u00e1rez",
        "date": "2024-03-18"
    },
    {
        "name": "D\u00eda del Ni\u00f1o",
        "date": "2024-04-30"
    },
    {
        "name": "D\u00eda de la Madre",
        "date": "2024-04-30"
    },
    {
        "name": "D\u00eda del Trabajo",
        "date": "2024-05-01"
    },
    {
        "name": "D\u00eda del Padre",
        "date": "2024-06-16"
    },
    {
        "name": "D\u00eda de la Independencia",
        "date": "2024-09-15"
    },
    {
        "name": "Transmisi\u00f3n del Poder Ejecutivo Federal",
        "date": "2024-10-01"
    },
    {
        "name": "D\u00eda de la Raza",
        "date": "2024-10-12"
    },
    {
        "name": "D\u00eda de Muertos",
        "date": "2024-11-02"
    },
    {
        "name": "Revoluci\u00f3n Mexicana",
        "date": "2024-11-19"
    },
    {
        "name": "Virgen de Guadalupe",
        "date": "2024-12-12"
    },
    {
        "name": "Navidad",
        "date": "2024-12-25"
    }
]