[
    {
        "name": "F\u00eate du Nouvel An",
        "date": "2024-01-01"
    },
    {
        "name": "F\u00eate annuelle des r\u00e9ligions traditionnelles",
        "date": "2024-01-10"
    },
    {
        "name": "Fete annuelle des r\u00e9ligions traditionnelles",
        "date": "2024-01-10"
    },
    {
        "name": "Lundi de P\u00e2ques",
        "date": "2024-04-01"
    },
    {
        "name": "F\u00eate de Ramadan - Jour 1",
        "date": "2024-04-10"
    },
    {
        "name": "F\u00eate de Ramadan - Jour 2",
        "date": "2024-04-11"
    },
    {
        "name": "Fete du travail",
        "date": "2024-05-01"
    },
    {
        "name": "Jour de l\u2019Ascension",
        "date": "2024-05-10"
    },
    {
        "name": "Lundi de Pentec\u00f4te",
        "date": "2024-05-20"
    },
    {
        "name": "F\u00eate de la Tabaski - Jour 1",
        "date": "2024-06-17"
    },
    {
        "name": "F\u00eate de la Tabaski - Jour 2",
        "date": "2024-06-18"
    },
    {
        "name": "F\u00eate de la Tabaski - Jour 3",
        "date": "2024-06-19"
    },
    {
        "name": "F\u00eate de l'ind\u00e9pendance",
        "date": "2024-08-01"
    },
    {
        "name": "Jour de l'assomption",
        "date": "2024-08-15"
    },
    {
        "name": "Jour du Maouloud - Jour 1",
        "date": "2024-09-15"
    },
    {
        "name": "Jour de la Toussaint",
        "date": "2024-11-01"
    },
    {
        "name": "Jour de Noel",
        "date": "2024-12-25"
    }
]