[
    {
        "name": "\u5143\u65e6",
        "date": "2024-01-01"
    },
    {
        "name": "\u8fb2\u66c6\u6625\u7bc0-\u6b63\u6708\u521d\u4e00",
        "date": "2024-02-10"
    },
    {
        "name": "\u8fb2\u66c6\u6625\u7bc0-\u6b63\u6708\u521d\u4e8c",
        "date": "2024-02-11"
    },
    {
        "name": "\u8fb2\u66c6\u6625\u7bc0-\u6b63\u6708\u521d\u4e09",
        "date": "2024-02-12"
    },
    {
        "name": "228\u548c\u5e73\u7d00\u5ff5\u65e5",
        "date": "2024-02-28"
    },
    {
        "name": "\u5152\u7ae5\u7bc0",
        "date": "2024-04-04"
    },
    {
        "name": "\u7aef\u5348\u7bc0",
        "date": "2024-06-10"
    },
    {
        "name": "\u4e2d\u79cb\u7bc0",
        "date": "2024-09-17"
    },
    {
        "name": "\u96d9\u5341\u570b\u6176",
        "date": "2024-10-10"
    }
]