[
    {
        "name": "Uudenvuodenp\u00e4iv\u00e4",
        "date": "2024-01-01"
    },
    {
        "name": "Loppiainen",
        "date": "2024-01-06"
    },
    {
        "name": "Pitk\u00e4perjantai",
        "date": "2024-03-29"
    },
    {
        "name": "P\u00e4\u00e4si\u00e4isp\u00e4iv\u00e4",
        "date": "2024-03-31"
    },
    {
        "name": "Toinen p\u00e4\u00e4si\u00e4isp\u00e4iv\u00e4",
        "date": "2024-04-01"
    },
    {
        "name": "Vappu",
        "date": "2024-05-01"
    },
    {
        "name": "Helatorstai",
        "date": "2024-05-09"
    },
    {
        "name": "Helluntaip\u00e4iv\u00e4",
        "date": "2024-05-19"
    },
    {
        "name": "Juhannusp\u00e4iv\u00e4",
        "date": "2024-06-22"
    },
    {
        "name": "Pyh\u00e4inp\u00e4iv\u00e4",
        "date": "2024-11-02"
    },
    {
        "name": "Itsen\u00e4isyysp\u00e4iv\u00e4",
        "date": "2024-12-06"
    },
    {
        "name": "Joulup\u00e4iv\u00e4",
        "date": "2024-12-25"
    },
    {
        "name": "Tapaninp\u00e4iv\u00e4",
        "date": "2024-12-26"
    }
]