[
    {
        "name": "Founding Day",
        "date": "2024-02-22"
    },
    {
        "name": "Eid al-Fitr Holiday",
        "date": "2024-04-09"
    },
    {
        "name": "Eid al-Fitr Holiday Day 2",
        "date": "2024-04-10"
    },
    {
        "name": "Eid al-Fitr Holiday Day 3",
        "date": "2024-04-11"
    },
    {
        "name": "Eid al-Fitr Holiday Day 4",
        "date": "2024-04-12"
    },
    {
        "name": "Arafat Day",
        "date": "2024-06-15"
    },
    {
        "name": "Eid al-Adha Holiday",
        "date": "2024-06-16"
    },
    {
        "name": "Eid al-Adha Holiday Day 2",
        "date": "2024-06-17"
    },
    {
        "name": "Eid al-Adha Holiday Day 3",
        "date": "2024-06-18"
    },
    {
        "name": "National Day",
        "date": "2024-09-23"
    }
]