[
    {
        "name": "Nova godina - prvi dan",
        "date": "2024-01-01"
    },
    {
        "name": "Nova godina - drugi dan",
        "date": "2024-01-02"
    },
    {
        "name": "Badnji dan",
        "date": "2024-01-06"
    },
    {
        "name": "Bo\u017ei\u0107 - prvi dan",
        "date": "2024-01-07"
    },
    {
        "name": "Bo\u017ei\u0107 - drugi dan",
        "date": "2024-01-08"
    },
    {
        "name": "Praznik rada - prvi dan",
        "date": "2024-05-01"
    },
    {
        "name": "Praznik rada - drugi dan",
        "date": "2024-05-02"
    },
    {
        "name": "Veliki petak",
        "date": "2024-05-03"
    },
    {
        "name": "Vaskrs",
        "date": "2024-05-05"
    },
    {
        "name": "Vaskr\u0161nji ponedjeljak",
        "date": "2024-05-06"
    },
    {
        "name": "Dan nezavisnosti - prvi dan",
        "date": "2024-05-21"
    },
    {
        "name": "Dan nezavisnosti - drugi dan",
        "date": "2024-05-22"
    },
    {
        "name": "Dan dr\u017eavnosti - prvi dan",
        "date": "2024-07-13"
    },
    {
        "name": "Dan dr\u017eavnosti - drugi dan",
        "date": "2024-07-14"
    },
    {
        "name": "Njego\u0161ev dan - prvi dan",
        "date": "2024-11-13"
    },
    {
        "name": "Njego\u0161ev dan - drugi dan",
        "date": "2024-11-14"
    }
]