[
    {
        "name": "A\u00f1o Nuevo",
        "date": "2024-01-01"
    },
    {
        "name": "Jueves Santo",
        "date": "2024-03-28"
    },
    {
        "name": "Viernes Santo",
        "date": "2024-03-29"
    },
    {
        "name": "S\u00e1bado Santo",
        "date": "2024-03-30"
    },
    {
        "name": "D\u00eda de los Trabajadores",
        "date": "2024-05-01"
    },
    {
        "name": "D\u00eda del Ej\u00e9rcito",
        "date": "2024-07-01"
    },
    {
        "name": "D\u00eda de la Independencia",
        "date": "2024-09-15"
    },
    {
        "name": "D\u00eda de la Revoluci\u00f3n",
        "date": "2024-10-20"
    },
    {
        "name": "D\u00eda de Todos los Santos",
        "date": "2024-11-01"
    },
    {
        "name": "Navidad",
        "date": "2024-12-25"
    }
]