[
    {
        "name": "Tahun Baru",
        "date": "2024-01-01"
    },
    {
        "name": "Tahun Baru Imlek",
        "date": "2024-02-10"
    },
    {
        "name": "Jumat Agung",
        "date": "2024-03-29"
    },
    {
        "name": "Hari Paskah",
        "date": "2024-03-31"
    },
    {
        "name": "Hari Buruh Internasional",
        "date": "2024-05-01"
    },
    {
        "name": "Kenaikan Yesus Kristus",
        "date": "2024-05-09"
    },
    {
        "name": "Hari Lahir Pancasila",
        "date": "2024-06-01"
    },
    {
        "name": "Hari Kemerdekaan",
        "date": "2024-08-17"
    },
    {
        "name": "Hari Raya Natal",
        "date": "2024-12-25"
    }
]