[
    {
        "name": "Neijoerschdag",
        "date": "2024-01-01"
    },
    {
        "name": "Ouschterm\u00e9indeg",
        "date": "2024-04-01"
    },
    {
        "name": "Dag vun der Aarbecht",
        "date": "2024-05-01"
    },
    {
        "name": "Europadag",
        "date": "2024-05-09"
    },
    {
        "name": "Christi Himmelfahrt",
        "date": "2024-05-09"
    },
    {
        "name": "P\u00e9ngschtm\u00e9indeg",
        "date": "2024-05-20"
    },
    {
        "name": "Nationalfeierdag",
        "date": "2024-06-23"
    },
    {
        "name": "Mari\u00e4 Himmelfahrt",
        "date": "2024-08-15"
    },
    {
        "name": "Allerhellgen",
        "date": "2024-11-01"
    },
    {
        "name": "Chr\u00ebschtdag",
        "date": "2024-12-25"
    },
    {
        "name": "Stiefesdag",
        "date": "2024-12-26"
    }
]