[
    {
        "name": "New Year Day",
        "date": "2024-01-01"
    },
    {
        "name": "Labour Day",
        "date": "2024-05-01"
    },
    {
        "name": "National Day",
        "date": "2024-12-16"
    },
    {
        "name": "National Day Holiday",
        "date": "2024-12-17"
    }
]