[
    {
        "name": "New Year Day",
        "date": "2024-01-01"
    },
    {
        "name": "Eid al-Fitr Holiday 1",
        "date": "2024-04-10"
    },
    {
        "name": "Eid al-Fitr Holiday 2",
        "date": "2024-04-11"
    },
    {
        "name": "Eid al-Fitr Holiday 3",
        "date": "2024-04-12"
    },
    {
        "name": "Labour Day",
        "date": "2024-05-01"
    },
    {
        "name": "Eid al Adha Holiday 1",
        "date": "2024-06-17"
    },
    {
        "name": "Eid al Adha Holiday 2",
        "date": "2024-06-18"
    },
    {
        "name": "Eid al Adha Holiday 3",
        "date": "2024-06-19"
    },
    {
        "name": "Islamic new year",
        "date": "2024-07-07"
    },
    {
        "name": "Ashura Holiday 1",
        "date": "2024-07-16"
    },
    {
        "name": "Ashura Holiday 2",
        "date": "2024-07-17"
    },
    {
        "name": "Prophet Muhammads Birthday",
        "date": "2024-09-15"
    },
    {
        "name": "National Day",
        "date": "2024-12-16"
    },
    {
        "name": "National Day Holiday",
        "date": "2024-12-17"
    }
]