[
    {
        "name": "New Year's Day",
        "date": "2023-01-01"
    },
    {
        "name": "Good Friday",
        "date": "2023-04-07"
    },
    {
        "name": "Easter Monday",
        "date": "2023-04-10"
    },
    {
        "name": "Labour day",
        "date": "2023-05-01"
    },
    {
        "name": "Madaraka Day",
        "date": "2023-06-01"
    },
    {
        "name": "Utamaduni Day",
        "date": "2023-10-10"
    },
    {
        "name": "Mashujaa Day",
        "date": "2023-10-20"
    },
    {
        "name": "Jamhuri Day",
        "date": "2023-12-01"
    },
    {
        "name": "Christmas",
        "date": "2023-12-25"
    },
    {
        "name": "Boxing Day",
        "date": "2023-12-26"
    }
]