[
    {
        "name": "Bun di bun onn",
        "date": "2023-01-01"
    },
    {
        "name": "Bun di San Berchtold",
        "date": "2023-01-02"
    },
    {
        "name": "Venerdi San",
        "date": "2023-04-07"
    },
    {
        "name": "Lun di Pasca",
        "date": "2023-04-10"
    },
    {
        "name": "Ascensiun",
        "date": "2023-05-18"
    },
    {
        "name": "Lun di Pentecoste",
        "date": "2023-05-29"
    },
    {
        "name": "Festa naziunala",
        "date": "2023-08-01"
    },
    {
        "name": "Nadal",
        "date": "2023-12-25"
    },
    {
        "name": "San Stefaun",
        "date": "2023-12-26"
    }
]