[
    {
        "name": "Neujahr",
        "date": "2024-01-01"
    },
    {
        "name": "Berchtoldstag",
        "date": "2024-01-02"
    },
    {
        "name": "Karfreitag",
        "date": "2024-03-29"
    },
    {
        "name": "Ostermontag",
        "date": "2024-04-01"
    },
    {
        "name": "Tag der Arbeit",
        "date": "2024-05-01"
    },
    {
        "name": "Auffahrt",
        "date": "2024-05-09"
    },
    {
        "name": "Pfingstmontag",
        "date": "2024-05-20"
    },
    {
        "name": "Fronleichnam",
        "date": "2024-05-30"
    },
    {
        "name": "Fest der Unabh\u00e4ngigkeit",
        "date": "2024-06-23"
    },
    {
        "name": "Bundesfeier",
        "date": "2024-08-01"
    },
    {
        "name": "Maria Himmelfahrt",
        "date": "2024-08-15"
    },
    {
        "name": "Allerheiligen",
        "date": "2024-11-01"
    },
    {
        "name": "Weihnachtstag",
        "date": "2024-12-25"
    }
]