[
    {
        "name": "First of Ramadan",
        "date": "2024-03-11"
    },
    {
        "name": "Eid-al-Fitr",
        "date": "2024-04-10"
    },
    {
        "name": "On the occasion of Eid-al-Fitr 1",
        "date": "2024-04-11"
    },
    {
        "name": "On the occasion of Eid-al-Fitr 2",
        "date": "2024-04-12"
    },
    {
        "name": "Hajj Day",
        "date": "2024-06-15"
    },
    {
        "name": "Eid-al-Adha",
        "date": "2024-06-16"
    },
    {
        "name": "On the occasion of Eid-al-Adha 1",
        "date": "2024-06-17"
    },
    {
        "name": "On the occasion of Eid-al-Adha 2",
        "date": "2024-06-18"
    },
    {
        "name": "On the occasion of Eid-al-Adha 3",
        "date": "2024-06-19"
    },
    {
        "name": "Islamic New Year",
        "date": "2024-07-07"
    },
    {
        "name": "National Day",
        "date": "2024-09-04"
    },
    {
        "name": "Prophet Mohammad's (SAW) Birthday",
        "date": "2024-09-15"
    },
    {
        "name": "The Day Maldives Embraced Islam",
        "date": "2024-10-05"
    }
]
