[
    {
        "name": "New Year's Day",
        "date": "2025-01-01"
    },
    {
        "name": "National Day",
        "date": "2025-01-24"
    },
    {
        "name": "Eid al-Fitr Eve",
        "date": "2025-03-30"
    },
    {
        "name": "Eid al-Fitr",
        "date": "2025-03-31"
    },
    {
        "name": "Eid al-Fitr Day 2",
        "date": "2025-04-01"
    },
    {
        "name": "Eid al-Fitr Day 3",
        "date": "2025-04-02"
    },
    {
        "name": "Eid al-Adha Eve",
        "date": "2025-06-06"
    },
    {
        "name": "Eid al-Adha",
        "date": "2025-06-07"
    },
    {
        "name": "Eid al-Adha Day 2",
        "date": "2025-06-08"
    },
    {
        "name": "Eid al-Adha Day 3",
        "date": "2025-06-09"
    },
    {
        "name": "Eid al-Adha Day 4",
        "date": "2025-06-10"
    },
    {
        "name": "Independence Day",
        "date": "2025-07-26"
    },
    {
        "name": "Victory Day",
        "date": "2025-11-03"
    },
    {
        "name": "Republic Day",
        "date": "2025-11-11"
    }
]