[
    {
        "name": "New Year's Day",
        "date": "2000-01-01"
    },
    {
        "name": "Eid al-Fitr Eve",
        "date": "2000-01-07"
    },
    {
        "name": "Eid al-Fitr",
        "date": "2000-01-08"
    },
    {
        "name": "Eid al-Fitr Day 2",
        "date": "2000-01-09"
    },
    {
        "name": "Eid al-Fitr Day 3",
        "date": "2000-01-10"
    },
    {
        "name": "Eid al-Adha Eve",
        "date": "2000-03-15"
    },
    {
        "name": "Eid al-Adha",
        "date": "2000-03-16"
    },
    {
        "name": "Eid al-Adha Day 2",
        "date": "2000-03-17"
    },
    {
        "name": "Eid al-Adha Day 3",
        "date": "2000-03-18"
    },
    {
        "name": "Eid al-Adha Day 4",
        "date": "2000-03-19"
    },
    {
        "name": "Independence Day",
        "date": "2000-07-26"
    },
    {
        "name": "Victory Day",
        "date": "2000-11-03"
    },
    {
        "name": "Republic Day",
        "date": "2000-11-11"
    },
    {
        "name": "2. Eid al-Fitr Eve",
        "date": "2000-12-26"
    },
    {
        "name": "2. Eid al-Fitr",
        "date": "2000-12-27"
    },
    {
        "name": "2. Eid al-Fitr Day 2",
        "date": "2000-12-28"
    },
    {
        "name": "2. Eid al-Fitr Day 3",
        "date": "2000-12-29"
    }
]