[
    {
        "name": "New Year's Day",
        "date": "2024-01-01"
    },
    {
        "name": "Labor Day / May Day",
        "date": "2024-05-01"
    },
    {
        "name": "Independence Day",
        "date": "2024-07-26"
    },
    {
        "name": "Independence Day Holiday",
        "date": "2024-07-27"
    },
    {
        "name": "Victory Day",
        "date": "2024-11-03"
    },
    {
        "name": "Republic Day",
        "date": "2024-11-11"
    },
    {
        "name": "Ramadan Start",
        "date": "2024-03-11"
    },
    {
        "name": "Ramadan Holiday",
        "date": "2024-03-31"
    },
    {
        "name": "Ramadan Holiday",
        "date": "2024-04-01"
    },
    {
        "name": "Ramadan Holiday",
        "date": "2024-04-02"
    },
    {
        "name": "Ramadan Holiday",
        "date": "2024-04-03"
    },
    {
        "name": "Ramadan Holiday",
        "date": "2024-04-04"
    },
    {
        "name": "Ramadan Holiday",
        "date": "2024-04-05"
    },
    {
        "name": "Ramadan Holiday",
        "date": "2024-04-06"
    },
    {
        "name": "Ramadan Holiday",
        "date": "2024-04-07"
    },
    {
        "name": "Ramadan Holiday",
        "date": "2024-04-08"
    },
    {
        "name": "Ramadan Holiday",
        "date": "2024-04-09"
    },
    {
        "name": "Eid al-Fitr",
        "date": "2024-04-10"
    },
    {
        "name": "Eid al-Fitr 2",
        "date": "2024-04-11"
    },
    {
        "name": "Eid al-Fitr 3",
        "date": "2024-04-12"
    },
    {
        "name": "Hajj Day",
        "date": "2024-06-16"
    },
    {
        "name": "Eid al-Adha",
        "date": "2024-06-17"
    },
    {
        "name": "Eid al-Adha 2",
        "date": "2024-06-18"
    },
    {
        "name": "Eid al-Adha 3",
        "date": "2024-06-19"
    },
    {
        "name": "Eid al-Adha 4",
        "date": "2024-06-20"
    },
    {
        "name": "Islamic New Year",
        "date": "2024-07-08"
    },
    {
        "name": "National Day",
        "date": "2024-09-05"
    },
    {
        "name": "Birthday of the Prophet Muhammad",
        "date": "2024-09-16"
    },
    {
        "name": "The Day Maldives Embraced Islam",
        "date": "2024-10-05"
    },
]