[
    {
        "name": "New Year's Day",
        "date": "2033-01-01"
    },
    {
        "name": "Eid al-Fitr Eve",
        "date": "2033-01-01"
    },
    {
        "name": "Eid al-Fitr",
        "date": "2033-01-02"
    },
    {
        "name": "Eid al-Fitr Day 2",
        "date": "2033-01-03"
    },
    {
        "name": "Eid al-Fitr Day 3",
        "date": "2033-01-04"
    },
    {
        "name": "National Day",
        "date": "2033-01-24"
    },
    {
        "name": "Eid al-Adha Eve",
        "date": "2033-03-10"
    },
    {
        "name": "Eid al-Adha",
        "date": "2033-03-11"
    },
    {
        "name": "Eid al-Adha Day 2",
        "date": "2033-03-12"
    },
    {
        "name": "Eid al-Adha Day 3",
        "date": "2033-03-13"
    },
    {
        "name": "Eid al-Adha Day 4",
        "date": "2033-03-14"
    },
    {
        "name": "Independence Day",
        "date": "2033-07-26"
    },
    {
        "name": "Victory Day",
        "date": "2033-11-03"
    },
    {
        "name": "Republic Day",
        "date": "2033-11-11"
    },
    {
        "name": "2. Eid al-Fitr Eve",
        "date": "2033-12-22"
    },
    {
        "name": "2. Eid al-Fitr",
        "date": "2033-12-23"
    },
    {
        "name": "2. Eid al-Fitr Day 2",
        "date": "2033-12-24"
    },
    {
        "name": "2. Eid al-Fitr Day 3",
        "date": "2033-12-25"
    }
]