[
    {
        "name": "First day of Ramadan",
        "date": "1999-12-09"
    },
    {
        "name": "Last 10 Days of Ramadan - Day 1",
        "date": "1999-12-29"
    },
    {
        "name": "Last 10 Days of Ramadan - Day 2",
        "date": "1999-12-30"
    },
    {
        "name": "Last 10 Days of Ramadan - Day 3",
        "date": "1999-12-31"
    },
    {
        "name": "New Year's Day",
        "date": "2000-01-01"
    },
    {
        "name": "Last 10 Days of Ramadan - Day 4",
        "date": "2000-01-01"
    },
    {
        "name": "Last 10 Days of Ramadan - Day 5",
        "date": "2000-01-02"
    },
    {
        "name": "Last 10 Days of Ramadan - Day 6",
        "date": "2000-01-03"
    },
    {
        "name": "Last 10 Days of Ramadan - Day 7",
        "date": "2000-01-04"
    },
    {
        "name": "Last 10 Days of Ramadan - Day 8",
        "date": "2000-01-05"
    },
    {
        "name": "Last 10 Days of Ramadan - Day 9",
        "date": "2000-01-06"
    },
    {
        "name": "Last 10 Days of Ramadan - Day 10",
        "date": "2000-01-07"
    },
    {
        "name": "Eid al-Fitr",
        "date": "2000-01-08"
    },
    {
        "name": "On the occasion of Eid al-Fitr - 2nd day",
        "date": "2000-01-09"
    },
    {
        "name": "On the occasion of Eid al-Fitr - 3rd day",
        "date": "2000-01-10"
    },
    {
        "name": "Hajj Day",
        "date": "2000-03-15"
    },
    {
        "name": "Eid al-Adha",
        "date": "2000-03-16"
    },
    {
        "name": "On the occasion of Eid al-Adha - 2nd day",
        "date": "2000-03-17"
    },
    {
        "name": "On the occasion of Eid al-Adha - 3rd day",
        "date": "2000-03-18"
    },
    {
        "name": "Islamic New Year",
        "date": "2000-04-05"
    },
    {
        "name": "Labour Day",
        "date": "2000-05-01"
    },
    {
        "name": "National Day",
        "date": "2000-06-03"
    },
    {
        "name": "Prophet Muhammad (SAW)'s Birthday",
        "date": "2000-06-14"
    },
    {
        "name": "The Day Maldives Embraced Islam",
        "date": "2000-07-04"
    },
    {
        "name": "Independence Day",
        "date": "2000-07-26"
    },
    {
        "name": "On the occasion of the Independence Day",
        "date": "2000-07-27"
    },
    {
        "name": "Victory Day",
        "date": "2000-11-03"
    },
    {
        "name": "Republic Day",
        "date": "2000-11-11"
    }
]