[
    {
        "name": "New Year's Day",
        "date": "2005-01-01"
    },
    {
        "name": "Eid al-Adha Eve",
        "date": "2005-01-19"
    },
    {
        "name": "Eid al-Adha",
        "date": "2005-01-20"
    },
    {
        "name": "Eid al-Adha Day 2",
        "date": "2005-01-21"
    },
    {
        "name": "Eid al-Adha Day 3",
        "date": "2005-01-22"
    },
    {
        "name": "Eid al-Adha Day 4",
        "date": "2005-01-23"
    },
    {
        "name": "Independence Day",
        "date": "2005-07-26"
    },
    {
        "name": "Eid al-Fitr Eve",
        "date": "2005-11-02"
    },
    {
        "name": "Victory Day",
        "date": "2005-11-03"
    },
    {
        "name": "Eid al-Fitr",
        "date": "2005-11-03"
    },
    {
        "name": "Eid al-Fitr Day 2",
        "date": "2005-11-04"
    },
    {
        "name": "Eid al-Fitr Day 3",
        "date": "2005-11-05"
    },
    {
        "name": "Republic Day",
        "date": "2005-11-11"
    }
]