[
    {
        "name": "New Year's Day",
        "date": "2034-01-01"
    },
    {
        "name": "National Day",
        "date": "2034-01-24"
    },
    {
        "name": "Eid al-Adha Eve",
        "date": "2034-02-27"
    },
    {
        "name": "Eid al-Adha",
        "date": "2034-02-28"
    },
    {
        "name": "Eid al-Adha Day 2",
        "date": "2034-03-01"
    },
    {
        "name": "Eid al-Adha Day 3",
        "date": "2034-03-02"
    },
    {
        "name": "Eid al-Adha Day 4",
        "date": "2034-03-03"
    },
    {
        "name": "Independence Day",
        "date": "2034-07-26"
    },
    {
        "name": "Victory Day",
        "date": "2034-11-03"
    },
    {
        "name": "Republic Day",
        "date": "2034-11-11"
    },
    {
        "name": "Eid al-Fitr Eve",
        "date": "2034-12-10"
    },
    {
        "name": "Eid al-Fitr",
        "date": "2034-12-11"
    },
    {
        "name": "Eid al-Fitr Day 2",
        "date": "2034-12-12"
    },
    {
        "name": "Eid al-Fitr Day 3",
        "date": "2034-12-13"
    }
]