[
    {
        "name": "New Year's Day",
        "date": "2037-01-01"
    },
    {
        "name": "National Day",
        "date": "2037-01-24"
    },
    {
        "name": "Eid al-Adha Eve",
        "date": "2037-01-25"
    },
    {
        "name": "Eid al-Adha",
        "date": "2037-01-26"
    },
    {
        "name": "Eid al-Adha Day 2",
        "date": "2037-01-27"
    },
    {
        "name": "Eid al-Adha Day 3",
        "date": "2037-01-28"
    },
    {
        "name": "Eid al-Adha Day 4",
        "date": "2037-01-29"
    },
    {
        "name": "Independence Day",
        "date": "2037-07-26"
    },
    {
        "name": "Victory Day",
        "date": "2037-11-03"
    },
    {
        "name": "Eid al-Fitr Eve",
        "date": "2037-11-08"
    },
    {
        "name": "Eid al-Fitr",
        "date": "2037-11-09"
    },
    {
        "name": "Eid al-Fitr Day 2",
        "date": "2037-11-10"
    },
    {
        "name": "Republic Day",
        "date": "2037-11-11"
    },
    {
        "name": "Eid al-Fitr Day 3",
        "date": "2037-11-11"
    }
]