[
    {
        "name": "New Year's Day",
        "date": "1975-01-01"
    },
    {
        "name": "Independence Day",
        "date": "1975-07-26"
    },
    {
        "name": "Eid al-Fitr Eve",
        "date": "1975-10-05"
    },
    {
        "name": "Eid al-Fitr",
        "date": "1975-10-06"
    },
    {
        "name": "Eid al-Fitr Day 2",
        "date": "1975-10-07"
    },
    {
        "name": "Eid al-Fitr Day 3",
        "date": "1975-10-08"
    },
    {
        "name": "Victory Day",
        "date": "1975-11-03"
    },
    {
        "name": "Republic Day",
        "date": "1975-11-11"
    },
    {
        "name": "Eid al-Adha Eve",
        "date": "1975-12-12"
    },
    {
        "name": "Eid al-Adha",
        "date": "1975-12-13"
    },
    {
        "name": "Eid al-Adha Day 2",
        "date": "1975-12-14"
    },
    {
        "name": "Eid al-Adha Day 3",
        "date": "1975-12-15"
    },
    {
        "name": "Eid al-Adha Day 4",
        "date": "1975-12-16"
    }
]