[
    {
        "name": "New Year's Day",
        "date": "2032-01-01"
    },
    {
        "name": "Eid al-Fitr Eve",
        "date": "2032-01-13"
    },
    {
        "name": "Eid al-Fitr",
        "date": "2032-01-14"
    },
    {
        "name": "Eid al-Fitr Day 2",
        "date": "2032-01-15"
    },
    {
        "name": "Eid al-Fitr Day 3",
        "date": "2032-01-16"
    },
    {
        "name": "National Day",
        "date": "2032-01-24"
    },
    {
        "name": "Eid al-Adha Eve",
        "date": "2032-03-20"
    },
    {
        "name": "Eid al-Adha",
        "date": "2032-03-21"
    },
    {
        "name": "Eid al-Adha Day 2",
        "date": "2032-03-22"
    },
    {
        "name": "Eid al-Adha Day 3",
        "date": "2032-03-23"
    },
    {
        "name": "Eid al-Adha Day 4",
        "date": "2032-03-24"
    },
    {
        "name": "Independence Day",
        "date": "2032-07-26"
    },
    {
        "name": "Victory Day",
        "date": "2032-11-03"
    },
    {
        "name": "Republic Day",
        "date": "2032-11-11"
    }
]