[
    {
        "name": "New Year's Day",
        "date": "2022-01-01"
    },
    {
        "name": "National Day",
        "date": "2022-01-24"
    },
    {
        "name": "Eid al-Fitr Eve",
        "date": "2022-05-01"
    },
    {
        "name": "Eid al-Fitr",
        "date": "2022-05-02"
    },
    {
        "name": "Eid al-Fitr Day 2",
        "date": "2022-05-03"
    },
    {
        "name": "Eid al-Fitr Day 3",
        "date": "2022-05-04"
    },
    {
        "name": "Eid al-Adha Eve",
        "date": "2022-07-08"
    },
    {
        "name": "Eid al-Adha",
        "date": "2022-07-09"
    },
    {
        "name": "Eid al-Adha Day 2",
        "date": "2022-07-10"
    },
    {
        "name": "Eid al-Adha Day 3",
        "date": "2022-07-11"
    },
    {
        "name": "Eid al-Adha Day 4",
        "date": "2022-07-12"
    },
    {
        "name": "Independence Day",
        "date": "2022-07-26"
    },
    {
        "name": "Victory Day",
        "date": "2022-11-03"
    },
    {
        "name": "Republic Day",
        "date": "2022-11-11"
    }
]