[
    {
        "name": "New Year's Day",
        "date": "2007-01-01"
    },
    {
        "name": "Eid al-Adha Day 2",
        "date": "2007-01-01"
    },
    {
        "name": "Eid al-Adha Day 3",
        "date": "2007-01-02"
    },
    {
        "name": "Eid al-Adha Day 4",
        "date": "2007-01-03"
    },
    {
        "name": "Independence Day",
        "date": "2007-07-26"
    },
    {
        "name": "Eid al-Fitr Eve",
        "date": "2007-10-11"
    },
    {
        "name": "Eid al-Fitr",
        "date": "2007-10-12"
    },
    {
        "name": "Eid al-Fitr Day 2",
        "date": "2007-10-13"
    },
    {
        "name": "Eid al-Fitr Day 3",
        "date": "2007-10-14"
    },
    {
        "name": "Victory Day",
        "date": "2007-11-03"
    },
    {
        "name": "Republic Day",
        "date": "2007-11-11"
    },
    {
        "name": "2. Eid al-Adha Eve",
        "date": "2007-12-19"
    },
    {
        "name": "2. Eid al-Adha",
        "date": "2007-12-20"
    },
    {
        "name": "2. Eid al-Adha Day 2",
        "date": "2007-12-21"
    },
    {
        "name": "2. Eid al-Adha Day 3",
        "date": "2007-12-22"
    },
    {
        "name": "2. Eid al-Adha Day 4",
        "date": "2007-12-23"
    }
]