[
    {
        "name": "New Year's Day",
        "date": "2022-01-01"
    },
    {
        "name": "First day of Ramadan",
        "date": "2022-04-03"
    },
    {
        "name": "Last 10 Days of Ramadan - Day 1",
        "date": "2022-04-23"
    },
    {
        "name": "Last 10 Days of Ramadan - Day 2",
        "date": "2022-04-24"
    },
    {
        "name": "Last 10 Days of Ramadan - Day 3",
        "date": "2022-04-25"
    },
    {
        "name": "Last 10 Days of Ramadan - Day 4",
        "date": "2022-04-26"
    },
    {
        "name": "Last 10 Days of Ramadan - Day 5",
        "date": "2022-04-27"
    },
    {
        "name": "Last 10 Days of Ramadan - Day 6",
        "date": "2022-04-28"
    },
    {
        "name": "Last 10 Days of Ramadan - Day 7",
        "date": "2022-04-29"
    },
    {
        "name": "Last 10 Days of Ramadan - Day 8",
        "date": "2022-04-30"
    },
    {
        "name": "Labour Day",
        "date": "2022-05-01"
    },
    {
        "name": "Last 10 Days of Ramadan - Day 9",
        "date": "2022-05-01"
    },
    {
        "name": "Last 10 Days of Ramadan - Day 10",
        "date": "2022-05-02"
    },
    {
        "name": "Eid al-Fitr",
        "date": "2022-05-03"
    },
    {
        "name": "On the occasion of Eid al-Fitr - 2nd day",
        "date": "2022-05-04"
    },
    {
        "name": "On the occasion of Eid al-Fitr - 3rd day",
        "date": "2022-05-05"
    },
    {
        "name": "Hajj Day",
        "date": "2022-07-09"
    },
    {
        "name": "Eid al-Adha",
        "date": "2022-07-10"
    },
    {
        "name": "On the occasion of Eid al-Adha - 2nd day",
        "date": "2022-07-11"
    },
    {
        "name": "On the occasion of Eid al-Adha - 3rd day",
        "date": "2022-07-12"
    },
    {
        "name": "Independence Day",
        "date": "2022-07-26"
    },
    {
        "name": "On the occasion of the Independence Day",
        "date": "2022-07-27"
    },
    {
        "name": "Islamic New Year",
        "date": "2022-07-29"
    },
    {
        "name": "National Day",
        "date": "2022-09-26"
    },
    {
        "name": "Prophet Muhammad (SAW)'s Birthday",
        "date": "2022-10-07"
    },
    {
        "name": "The Day Maldives Embraced Islam",
        "date": "2022-10-27"
    },
    {
        "name": "Victory Day",
        "date": "2022-11-03"
    },
    {
        "name": "Republic Day",
        "date": "2022-11-11"
    }
]