[
    {
        "name": "New Year's Day",
        "date": "1999-01-01"
    },
    {
        "name": "Eid al-Fitr Eve",
        "date": "1999-01-18"
    },
    {
        "name": "Eid al-Fitr",
        "date": "1999-01-19"
    },
    {
        "name": "Eid al-Fitr Day 2",
        "date": "1999-01-20"
    },
    {
        "name": "Eid al-Fitr Day 3",
        "date": "1999-01-21"
    },
    {
        "name": "Eid al-Adha Eve",
        "date": "1999-03-26"
    },
    {
        "name": "Eid al-Adha",
        "date": "1999-03-27"
    },
    {
        "name": "Eid al-Adha Day 2",
        "date": "1999-03-28"
    },
    {
        "name": "Eid al-Adha Day 3",
        "date": "1999-03-29"
    },
    {
        "name": "Eid al-Adha Day 4",
        "date": "1999-03-30"
    },
    {
        "name": "Independence Day",
        "date": "1999-07-26"
    },
    {
        "name": "Victory Day",
        "date": "1999-11-03"
    },
    {
        "name": "Republic Day",
        "date": "1999-11-11"
    }
]