[
    {
        "name": "New Year's Day",
        "date": "2024-01-01"
    },
    {
        "name": "Good Friday",
        "date": "2024-03-29"
    },
    {
        "name": "Easter Monday",
        "date": "2024-04-01"
    },
    {
        "name": "Worker's Day",
        "date": "2024-05-01"
    },
    {
        "name": "Democracy Day",
        "date": "2024-06-12"
    },
    {
        "name": "Independence Day",
        "date": "2024-10-01"
    },
    {
        "name": "Christmas Day",
        "date": "2024-12-25"
    },
    {
        "name": "Boxing Day",
        "date": "2024-12-26"
    }
]