[
    {
        "name": "New Year's Day",
        "date": "2024-01-01"
    },
    {
        "name": "Zanzibar Revolutionary Day",
        "date": "2024-01-12"
    },
    {
        "name": "Good Friday",
        "date": "2024-03-29"
    },
    {
        "name": "Easter Monday",
        "date": "2024-04-01"
    },
    {
        "name": "Karume Day",
        "date": "2024-04-07"
    },
    {
        "name": "Union Day",
        "date": "2024-04-26"
    },
    {
        "name": "Labor Day",
        "date": "2024-05-01"
    },
    {
        "name": "Saba Saba Day",
        "date": "2024-07-07"
    },
    {
        "name": "Farmers Day (Nane Nane Day)",
        "date": "2024-08-08"
    },
    {
        "name": "Nyerere Day",
        "date": "2024-10-14"
    },
    {
        "name": "Independence Day",
        "date": "2024-12-09"
    },
    {
        "name": "Christmas Day",
        "date": "2024-12-25"
    },
    {
        "name": "Boxing Day",
        "date": "2024-12-26"
    }
]