[
    {
        "name": "Nepali New Year",
        "date": "2024-04-13"
    },
    {
        "name": "International Labor Day",
        "date": "2024-05-01"
    },
    {
        "name": "National Republic Day",
        "date": "2024-05-28"
    },
    {
        "name": "Constitution Day",
        "date": "2024-09-19"
    },
    {
        "name": "Ghatasthapana (Dashain)",
        "date": "2024-10-03"
    },
    {
        "name": "Fulpati (Dashain)",
        "date": "2024-10-11"
    },
    {
        "name": "Maha Nawami (Dashain)",
        "date": "2024-10-12"
    },
    {
        "name": "Maha Asthami (Dashain)",
        "date": "2024-10-12"
    },
    {
        "name": "Vijaya Dashami (Dashain)",
        "date": "2024-10-13"
    },
    {
        "name": "Ekadashi (Dashain)",
        "date": "2024-10-14"
    },
    {
        "name": "Laxmi Puja (Tihar)",
        "date": "2024-11-01"
    },
    {
        "name": "Govardhan Puja \/ Mha Puja (Tihar)",
        "date": "2024-11-02"
    },
    {
        "name": "Bhai Tika (Tihar)",
        "date": "2024-11-03"
    },
    {
        "name": "Chhat Parva",
        "date": "2024-11-07"
    },
    {
        "name": "Udhauli Parva",
        "date": "2024-12-15"
    },
    {
        "name": "Christmas",
        "date": "2024-12-25"
    },
    {
        "name": "Tamu Loshar",
        "date": "2024-12-30"
    }
]