[
    {
        "name": "D\u00eda de A\u00f1o Nuevo",
        "date": "2024-01-01"
    },
    {
        "name": "D\u00eda del Veterano y de los Ca\u00eddos en la Guerra de Malvinas",
        "date": "2024-02-04"
    },
    {
        "name": "Viernes Santo",
        "date": "2024-03-29"
    },
    {
        "name": "D\u00eda del Trabajador",
        "date": "2024-05-01"
    },
    {
        "name": "D\u00eda de la Inmaculada Concepci\u00f3n de Mar\u00eda",
        "date": "2024-08-12"
    },
    {
        "name": "D\u00eda de la Independencia",
        "date": "2024-09-07"
    },
    {
        "name": "Carnaval",
        "date": "2024-12-02"
    },
    {
        "name": "Navidad",
        "date": "2024-12-25"
    },
    {
        "name": "Carnaval D\u00eda 2",
        "date": "2025-01-02"
    },
    {
        "name": "Paso a la Inmortalidad del General Manuel Belgrano",
        "date": "2025-08-06"
    },
    {
        "name": "D\u00eda Nacional de la Memoria por la Verdad y la Justicia",
        "date": "2025-12-04"
    },
    {
        "name": "Revoluci\u00f3n de Mayo",
        "date": "2026-01-05"
    }
]