[
    {
        "name": "Y\u0131lba\u015f\u0131",
        "date": "2025-01-01"
    },
    {
        "name": "Ulusal Egemenlik ve \u00c7ocuk Bayram\u0131",
        "date": "2025-04-23"
    },
    {
        "name": "Ramazan Bayram\u0131 Arifesi",
        "date": "2025-04-29"
    },
    {
        "name": "Ramazan Bayram\u0131 1. G\u00fcn",
        "date": "2025-04-30"
    },
    {
        "name": "Emek ve Dayan\u0131\u015fma G\u00fcn\u00fc",
        "date": "2025-05-01"
    },
    {
        "name": "Ramazan Bayram\u0131 2. G\u00fcn",
        "date": "2025-05-01"
    },
    {
        "name": "Ramazan Bayram\u0131 3. G\u00fcn",
        "date": "2025-05-02"
    },
    {
        "name": "Atat\u00fcrk'\u00fc Anma, Gen\u00e7lik ve Spor Bayram\u0131",
        "date": "2025-05-19"
    },
    {
        "name": "Kurban Bayram\u0131 Arifesi",
        "date": "2025-06-05"
    },
    {
        "name": "Kurban Bayram\u0131 1. G\u00fcn",
        "date": "2025-06-06"
    },
    {
        "name": "Kurban Bayram\u0131 2. G\u00fcn",
        "date": "2025-06-07"
    },
    {
        "name": "Kurban Bayram\u0131 3. G\u00fcn",
        "date": "2025-06-08"
    },
    {
        "name": "Kurban Bayram\u0131 4. G\u00fcn",
        "date": "2025-06-09"
    },
    {
        "name": "Demokrasi ve Mill\u00ee Birlik G\u00fcn\u00fc",
        "date": "2025-07-15"
    },
    {
        "name": "Zafer Bayram\u0131",
        "date": "2025-08-30"
    },
    {
        "name": "Cumhuriyet Bayram\u0131 Arifesi",
        "date": "2025-10-28"
    },
    {
        "name": "Cumhuriyet Bayram\u0131",
        "date": "2025-10-29"
    }
]