[
    {
        "name": "Y\u0131lba\u015f\u0131",
        "date": "1974-01-01"
    },
    {
        "name": "Kurban Bayram\u0131 Arifesi",
        "date": "1974-01-03"
    },
    {
        "name": "Kurban Bayram\u0131 1. G\u00fcn",
        "date": "1974-01-04"
    },
    {
        "name": "Kurban Bayram\u0131 2. G\u00fcn",
        "date": "1974-01-05"
    },
    {
        "name": "Kurban Bayram\u0131 3. G\u00fcn",
        "date": "1974-01-06"
    },
    {
        "name": "Kurban Bayram\u0131 4. G\u00fcn",
        "date": "1974-01-07"
    },
    {
        "name": "Ulusal Egemenlik ve \u00c7ocuk Bayram\u0131",
        "date": "1974-04-23"
    },
    {
        "name": "Atat\u00fcrk'\u00fc Anma, Gen\u00e7lik ve Spor Bayram\u0131",
        "date": "1974-05-19"
    },
    {
        "name": "Zafer Bayram\u0131",
        "date": "1974-08-30"
    },
    {
        "name": "Ramazan Bayram\u0131 Arifesi",
        "date": "1974-10-16"
    },
    {
        "name": "Ramazan Bayram\u0131 1. G\u00fcn",
        "date": "1974-10-17"
    },
    {
        "name": "Ramazan Bayram\u0131 2. G\u00fcn",
        "date": "1974-10-18"
    },
    {
        "name": "Ramazan Bayram\u0131 3. G\u00fcn",
        "date": "1974-10-19"
    },
    {
        "name": "Cumhuriyet Bayram\u0131 Arifesi",
        "date": "1974-10-28"
    },
    {
        "name": "Cumhuriyet Bayram\u0131",
        "date": "1974-10-29"
    },
    {
        "name": "2. Kurban Bayram\u0131 Arifesi",
        "date": "1974-12-23"
    },
    {
        "name": "2. Kurban Bayram\u0131 1. G\u00fcn",
        "date": "1974-12-24"
    },
    {
        "name": "2. Kurban Bayram\u0131 2. G\u00fcn",
        "date": "1974-12-25"
    },
    {
        "name": "2. Kurban Bayram\u0131 3. G\u00fcn",
        "date": "1974-12-26"
    },
    {
        "name": "2. Kurban Bayram\u0131 4. G\u00fcn",
        "date": "1974-12-27"
    }
]