[
    {
        "name": "Y\u0131lba\u015f\u0131",
        "date": "1975-01-01"
    },
    {
        "name": "Ulusal Egemenlik ve \u00c7ocuk Bayram\u0131",
        "date": "1975-04-23"
    },
    {
        "name": "Atat\u00fcrk'\u00fc Anma, Gen\u00e7lik ve Spor Bayram\u0131",
        "date": "1975-05-19"
    },
    {
        "name": "Zafer Bayram\u0131",
        "date": "1975-08-30"
    },
    {
        "name": "Ramazan Bayram\u0131 Arifesi",
        "date": "1975-10-05"
    },
    {
        "name": "Ramazan Bayram\u0131 1. G\u00fcn",
        "date": "1975-10-06"
    },
    {
        "name": "Ramazan Bayram\u0131 2. G\u00fcn",
        "date": "1975-10-07"
    },
    {
        "name": "Ramazan Bayram\u0131 3. G\u00fcn",
        "date": "1975-10-08"
    },
    {
        "name": "Cumhuriyet Bayram\u0131 Arifesi",
        "date": "1975-10-28"
    },
    {
        "name": "Cumhuriyet Bayram\u0131",
        "date": "1975-10-29"
    },
    {
        "name": "Kurban Bayram\u0131 Arifesi",
        "date": "1975-12-12"
    },
    {
        "name": "Kurban Bayram\u0131 1. G\u00fcn",
        "date": "1975-12-13"
    },
    {
        "name": "Kurban Bayram\u0131 2. G\u00fcn",
        "date": "1975-12-14"
    },
    {
        "name": "Kurban Bayram\u0131 3. G\u00fcn",
        "date": "1975-12-15"
    },
    {
        "name": "Kurban Bayram\u0131 4. G\u00fcn",
        "date": "1975-12-16"
    }
]