[
    {
        "name": "Y\u0131lba\u015f\u0131",
        "date": "2032-01-01"
    },
    {
        "name": "Ramazan Bayram\u0131 Arifesi",
        "date": "2032-01-13"
    },
    {
        "name": "Ramazan Bayram\u0131 1. G\u00fcn",
        "date": "2032-01-14"
    },
    {
        "name": "Ramazan Bayram\u0131 2. G\u00fcn",
        "date": "2032-01-15"
    },
    {
        "name": "Ramazan Bayram\u0131 3. G\u00fcn",
        "date": "2032-01-16"
    },
    {
        "name": "Kurban Bayram\u0131 Arifesi",
        "date": "2032-03-20"
    },
    {
        "name": "Kurban Bayram\u0131 1. G\u00fcn",
        "date": "2032-03-21"
    },
    {
        "name": "Kurban Bayram\u0131 2. G\u00fcn",
        "date": "2032-03-22"
    },
    {
        "name": "Kurban Bayram\u0131 3. G\u00fcn",
        "date": "2032-03-23"
    },
    {
        "name": "Kurban Bayram\u0131 4. G\u00fcn",
        "date": "2032-03-24"
    },
    {
        "name": "Ulusal Egemenlik ve \u00c7ocuk Bayram\u0131",
        "date": "2032-04-23"
    },
    {
        "name": "Emek ve Dayan\u0131\u015fma G\u00fcn\u00fc",
        "date": "2032-05-01"
    },
    {
        "name": "Atat\u00fcrk'\u00fc Anma, Gen\u00e7lik ve Spor Bayram\u0131",
        "date": "2032-05-19"
    },
    {
        "name": "Demokrasi ve Mill\u00ee Birlik G\u00fcn\u00fc",
        "date": "2032-07-15"
    },
    {
        "name": "Zafer Bayram\u0131",
        "date": "2032-08-30"
    },
    {
        "name": "Cumhuriyet Bayram\u0131 Arifesi",
        "date": "2032-10-28"
    },
    {
        "name": "Cumhuriyet Bayram\u0131",
        "date": "2032-10-29"
    }
]