[
    {
        "name": "Y\u0131lba\u015f\u0131",
        "date": "1970-01-01"
    },
    {
        "name": "Kurban Bayram\u0131 Arifesi",
        "date": "1970-02-16"
    },
    {
        "name": "Kurban Bayram\u0131 1. G\u00fcn",
        "date": "1970-02-17"
    },
    {
        "name": "Kurban Bayram\u0131 2. G\u00fcn",
        "date": "1970-02-18"
    },
    {
        "name": "Kurban Bayram\u0131 3. G\u00fcn",
        "date": "1970-02-19"
    },
    {
        "name": "Kurban Bayram\u0131 4. G\u00fcn",
        "date": "1970-02-20"
    },
    {
        "name": "Ulusal Egemenlik ve \u00c7ocuk Bayram\u0131",
        "date": "1970-04-23"
    },
    {
        "name": "Atat\u00fcrk'\u00fc Anma, Gen\u00e7lik ve Spor Bayram\u0131",
        "date": "1970-05-19"
    },
    {
        "name": "Zafer Bayram\u0131",
        "date": "1970-08-30"
    },
    {
        "name": "Cumhuriyet Bayram\u0131 Arifesi",
        "date": "1970-10-28"
    },
    {
        "name": "Cumhuriyet Bayram\u0131",
        "date": "1970-10-29"
    },
    {
        "name": "Ramazan Bayram\u0131 Arifesi",
        "date": "1970-11-30"
    },
    {
        "name": "Ramazan Bayram\u0131 1. G\u00fcn",
        "date": "1970-12-01"
    },
    {
        "name": "Ramazan Bayram\u0131 2. G\u00fcn",
        "date": "1970-12-02"
    },
    {
        "name": "Ramazan Bayram\u0131 3. G\u00fcn",
        "date": "1970-12-03"
    }
]