[
    {
        "name": "Y\u0131lba\u015f\u0131",
        "date": "2000-01-01"
    },
    {
        "name": "Ramazan Bayram\u0131 Arifesi",
        "date": "2000-01-07"
    },
    {
        "name": "Ramazan Bayram\u0131 1. G\u00fcn",
        "date": "2000-01-08"
    },
    {
        "name": "Ramazan Bayram\u0131 2. G\u00fcn",
        "date": "2000-01-09"
    },
    {
        "name": "Ramazan Bayram\u0131 3. G\u00fcn",
        "date": "2000-01-10"
    },
    {
        "name": "Kurban Bayram\u0131 Arifesi",
        "date": "2000-03-15"
    },
    {
        "name": "Kurban Bayram\u0131 1. G\u00fcn",
        "date": "2000-03-16"
    },
    {
        "name": "Kurban Bayram\u0131 2. G\u00fcn",
        "date": "2000-03-17"
    },
    {
        "name": "Kurban Bayram\u0131 3. G\u00fcn",
        "date": "2000-03-18"
    },
    {
        "name": "Kurban Bayram\u0131 4. G\u00fcn",
        "date": "2000-03-19"
    },
    {
        "name": "Ulusal Egemenlik ve \u00c7ocuk Bayram\u0131",
        "date": "2000-04-23"
    },
    {
        "name": "Atat\u00fcrk'\u00fc Anma, Gen\u00e7lik ve Spor Bayram\u0131",
        "date": "2000-05-19"
    },
    {
        "name": "Zafer Bayram\u0131",
        "date": "2000-08-30"
    },
    {
        "name": "Cumhuriyet Bayram\u0131 Arifesi",
        "date": "2000-10-28"
    },
    {
        "name": "Cumhuriyet Bayram\u0131",
        "date": "2000-10-29"
    },
    {
        "name": "2. Ramazan Bayram\u0131 Arifesi",
        "date": "2000-12-26"
    },
    {
        "name": "2. Ramazan Bayram\u0131 1. G\u00fcn",
        "date": "2000-12-27"
    },
    {
        "name": "2. Ramazan Bayram\u0131 2. G\u00fcn",
        "date": "2000-12-28"
    },
    {
        "name": "2. Ramazan Bayram\u0131 3. G\u00fcn",
        "date": "2000-12-29"
    }
]