[
    {
        "name": "Y\u0131lba\u015f\u0131",
        "date": "2005-01-01"
    },
    {
        "name": "Kurban Bayram\u0131 Arifesi",
        "date": "2005-01-19"
    },
    {
        "name": "Kurban Bayram\u0131 1. G\u00fcn",
        "date": "2005-01-20"
    },
    {
        "name": "Kurban Bayram\u0131 2. G\u00fcn",
        "date": "2005-01-21"
    },
    {
        "name": "Kurban Bayram\u0131 3. G\u00fcn",
        "date": "2005-01-22"
    },
    {
        "name": "Kurban Bayram\u0131 4. G\u00fcn",
        "date": "2005-01-23"
    },
    {
        "name": "Ulusal Egemenlik ve \u00c7ocuk Bayram\u0131",
        "date": "2005-04-23"
    },
    {
        "name": "Atat\u00fcrk'\u00fc Anma, Gen\u00e7lik ve Spor Bayram\u0131",
        "date": "2005-05-19"
    },
    {
        "name": "Zafer Bayram\u0131",
        "date": "2005-08-30"
    },
    {
        "name": "Cumhuriyet Bayram\u0131 Arifesi",
        "date": "2005-10-28"
    },
    {
        "name": "Cumhuriyet Bayram\u0131",
        "date": "2005-10-29"
    },
    {
        "name": "Ramazan Bayram\u0131 Arifesi",
        "date": "2005-11-02"
    },
    {
        "name": "Ramazan Bayram\u0131 1. G\u00fcn",
        "date": "2005-11-03"
    },
    {
        "name": "Ramazan Bayram\u0131 2. G\u00fcn",
        "date": "2005-11-04"
    },
    {
        "name": "Ramazan Bayram\u0131 3. G\u00fcn",
        "date": "2005-11-05"
    }
]