[
    {
        "name": "Y\u0131lba\u015f\u0131",
        "date": "2023-01-01"
    },
    {
        "name": "Ramazan Bayram\u0131 Arifesi",
        "date": "2023-04-20"
    },
    {
        "name": "Ramazan Bayram\u0131 1. G\u00fcn",
        "date": "2023-04-21"
    },
    {
        "name": "Ramazan Bayram\u0131 2. G\u00fcn",
        "date": "2023-04-22"
    },
    {
        "name": "Ulusal Egemenlik ve \u00c7ocuk Bayram\u0131",
        "date": "2023-04-23"
    },
    {
        "name": "Ramazan Bayram\u0131 3. G\u00fcn",
        "date": "2023-04-23"
    },
    {
        "name": "Emek ve Dayan\u0131\u015fma G\u00fcn\u00fc",
        "date": "2023-05-01"
    },
    {
        "name": "Atat\u00fcrk'\u00fc Anma, Gen\u00e7lik ve Spor Bayram\u0131",
        "date": "2023-05-19"
    },
    {
        "name": "Kurban Bayram\u0131 Arifesi",
        "date": "2023-06-27"
    },
    {
        "name": "Kurban Bayram\u0131 1. G\u00fcn",
        "date": "2023-06-28"
    },
    {
        "name": "Kurban Bayram\u0131 2. G\u00fcn",
        "date": "2023-06-29"
    },
    {
        "name": "Kurban Bayram\u0131 3. G\u00fcn",
        "date": "2023-06-30"
    },
    {
        "name": "Kurban Bayram\u0131 4. G\u00fcn",
        "date": "2023-07-01"
    },
    {
        "name": "Demokrasi ve Mill\u00ee Birlik G\u00fcn\u00fc",
        "date": "2023-07-15"
    },
    {
        "name": "Zafer Bayram\u0131",
        "date": "2023-08-30"
    },
    {
        "name": "Cumhuriyet Bayram\u0131 Arifesi",
        "date": "2023-10-28"
    },
    {
        "name": "Cumhuriyet Bayram\u0131",
        "date": "2023-10-29"
    }
]