[
    {
        "name": "Y\u0131lba\u015f\u0131",
        "date": "2007-01-01"
    },
    {
        "name": "Kurban Bayram\u0131 2. G\u00fcn",
        "date": "2007-01-01"
    },
    {
        "name": "Kurban Bayram\u0131 3. G\u00fcn",
        "date": "2007-01-02"
    },
    {
        "name": "Kurban Bayram\u0131 4. G\u00fcn",
        "date": "2007-01-03"
    },
    {
        "name": "Ulusal Egemenlik ve \u00c7ocuk Bayram\u0131",
        "date": "2007-04-23"
    },
    {
        "name": "Atat\u00fcrk'\u00fc Anma, Gen\u00e7lik ve Spor Bayram\u0131",
        "date": "2007-05-19"
    },
    {
        "name": "Zafer Bayram\u0131",
        "date": "2007-08-30"
    },
    {
        "name": "Ramazan Bayram\u0131 Arifesi",
        "date": "2007-10-11"
    },
    {
        "name": "Ramazan Bayram\u0131 1. G\u00fcn",
        "date": "2007-10-12"
    },
    {
        "name": "Ramazan Bayram\u0131 2. G\u00fcn",
        "date": "2007-10-13"
    },
    {
        "name": "Ramazan Bayram\u0131 3. G\u00fcn",
        "date": "2007-10-14"
    },
    {
        "name": "Cumhuriyet Bayram\u0131 Arifesi",
        "date": "2007-10-28"
    },
    {
        "name": "Cumhuriyet Bayram\u0131",
        "date": "2007-10-29"
    },
    {
        "name": "2. Kurban Bayram\u0131 Arifesi",
        "date": "2007-12-19"
    },
    {
        "name": "2. Kurban Bayram\u0131 1. G\u00fcn",
        "date": "2007-12-20"
    },
    {
        "name": "2. Kurban Bayram\u0131 2. G\u00fcn",
        "date": "2007-12-21"
    },
    {
        "name": "2. Kurban Bayram\u0131 3. G\u00fcn",
        "date": "2007-12-22"
    },
    {
        "name": "2. Kurban Bayram\u0131 4. G\u00fcn",
        "date": "2007-12-23"
    }
]