[
    {
        "name": "Y\u0131lba\u015f\u0131",
        "date": "2034-01-01"
    },
    {
        "name": "Kurban Bayram\u0131 Arifesi",
        "date": "2034-02-27"
    },
    {
        "name": "Kurban Bayram\u0131 1. G\u00fcn",
        "date": "2034-02-28"
    },
    {
        "name": "Kurban Bayram\u0131 2. G\u00fcn",
        "date": "2034-03-01"
    },
    {
        "name": "Kurban Bayram\u0131 3. G\u00fcn",
        "date": "2034-03-02"
    },
    {
        "name": "Kurban Bayram\u0131 4. G\u00fcn",
        "date": "2034-03-03"
    },
    {
        "name": "Ulusal Egemenlik ve \u00c7ocuk Bayram\u0131",
        "date": "2034-04-23"
    },
    {
        "name": "Emek ve Dayan\u0131\u015fma G\u00fcn\u00fc",
        "date": "2034-05-01"
    },
    {
        "name": "Atat\u00fcrk'\u00fc Anma, Gen\u00e7lik ve Spor Bayram\u0131",
        "date": "2034-05-19"
    },
    {
        "name": "Demokrasi ve Mill\u00ee Birlik G\u00fcn\u00fc",
        "date": "2034-07-15"
    },
    {
        "name": "Zafer Bayram\u0131",
        "date": "2034-08-30"
    },
    {
        "name": "Cumhuriyet Bayram\u0131 Arifesi",
        "date": "2034-10-28"
    },
    {
        "name": "Cumhuriyet Bayram\u0131",
        "date": "2034-10-29"
    },
    {
        "name": "Ramazan Bayram\u0131 Arifesi",
        "date": "2034-12-10"
    },
    {
        "name": "Ramazan Bayram\u0131 1. G\u00fcn",
        "date": "2034-12-11"
    },
    {
        "name": "Ramazan Bayram\u0131 2. G\u00fcn",
        "date": "2034-12-12"
    },
    {
        "name": "Ramazan Bayram\u0131 3. G\u00fcn",
        "date": "2034-12-13"
    }
]