[
    {
        "name": "Y\u0131lba\u015f\u0131",
        "date": "1973-01-01"
    },
    {
        "name": "Kurban Bayram\u0131 Arifesi",
        "date": "1973-01-14"
    },
    {
        "name": "Kurban Bayram\u0131 1. G\u00fcn",
        "date": "1973-01-15"
    },
    {
        "name": "Kurban Bayram\u0131 2. G\u00fcn",
        "date": "1973-01-16"
    },
    {
        "name": "Kurban Bayram\u0131 3. G\u00fcn",
        "date": "1973-01-17"
    },
    {
        "name": "Kurban Bayram\u0131 4. G\u00fcn",
        "date": "1973-01-18"
    },
    {
        "name": "Ulusal Egemenlik ve \u00c7ocuk Bayram\u0131",
        "date": "1973-04-23"
    },
    {
        "name": "Atat\u00fcrk'\u00fc Anma, Gen\u00e7lik ve Spor Bayram\u0131",
        "date": "1973-05-19"
    },
    {
        "name": "Zafer Bayram\u0131",
        "date": "1973-08-30"
    },
    {
        "name": "Ramazan Bayram\u0131 Arifesi",
        "date": "1973-10-27"
    },
    {
        "name": "Cumhuriyet Bayram\u0131 Arifesi",
        "date": "1973-10-28"
    },
    {
        "name": "Ramazan Bayram\u0131 1. G\u00fcn",
        "date": "1973-10-28"
    },
    {
        "name": "Cumhuriyet Bayram\u0131",
        "date": "1973-10-29"
    },
    {
        "name": "Ramazan Bayram\u0131 2. G\u00fcn",
        "date": "1973-10-29"
    },
    {
        "name": "Ramazan Bayram\u0131 3. G\u00fcn",
        "date": "1973-10-30"
    }
]