[
    {
        "name": "Y\u0131lba\u015f\u0131",
        "date": "2024-01-01"
    },
    {
        "name": "Ulusal Egemenlik ve \u00c7ocuk Bayram\u0131",
        "date": "2024-04-23"
    },
    {
        "name": "Emek ve Dayan\u0131\u015fma G\u00fcn\u00fc",
        "date": "2024-05-01"
    },
    {
        "name": "Atat\u00fcrk'\u00fc Anma, Gen\u00e7lik ve Spor Bayram\u0131",
        "date": "2024-05-19"
    },
    {
        "name": "Demokrasi ve Mill\u00ee Birlik G\u00fcn\u00fc",
        "date": "2024-07-15"
    },
    {
        "name": "Zafer Bayram\u0131",
        "date": "2024-08-30"
    },
    {
        "name": "Cumhuriyet Bayram\u0131",
        "date": "2024-10-29"
    }
]