[
    {
        "name": "Y\u0131lba\u015f\u0131",
        "date": "2001-01-01"
    },
    {
        "name": "Kurban Bayram\u0131 Arifesi",
        "date": "2001-03-04"
    },
    {
        "name": "Kurban Bayram\u0131 1. G\u00fcn",
        "date": "2001-03-05"
    },
    {
        "name": "Kurban Bayram\u0131 2. G\u00fcn",
        "date": "2001-03-06"
    },
    {
        "name": "Kurban Bayram\u0131 3. G\u00fcn",
        "date": "2001-03-07"
    },
    {
        "name": "Kurban Bayram\u0131 4. G\u00fcn",
        "date": "2001-03-08"
    },
    {
        "name": "Ulusal Egemenlik ve \u00c7ocuk Bayram\u0131",
        "date": "2001-04-23"
    },
    {
        "name": "Atat\u00fcrk'\u00fc Anma, Gen\u00e7lik ve Spor Bayram\u0131",
        "date": "2001-05-19"
    },
    {
        "name": "Zafer Bayram\u0131",
        "date": "2001-08-30"
    },
    {
        "name": "Cumhuriyet Bayram\u0131 Arifesi",
        "date": "2001-10-28"
    },
    {
        "name": "Cumhuriyet Bayram\u0131",
        "date": "2001-10-29"
    },
    {
        "name": "Ramazan Bayram\u0131 Arifesi",
        "date": "2001-12-15"
    },
    {
        "name": "Ramazan Bayram\u0131 1. G\u00fcn",
        "date": "2001-12-16"
    },
    {
        "name": "Ramazan Bayram\u0131 2. G\u00fcn",
        "date": "2001-12-17"
    },
    {
        "name": "Ramazan Bayram\u0131 3. G\u00fcn",
        "date": "2001-12-18"
    }
]