[
    {
        "name": "Y\u0131lba\u015f\u0131",
        "date": "2021-01-01"
    },
    {
        "name": "Ulusal Egemenlik ve \u00c7ocuk Bayram\u0131",
        "date": "2021-04-23"
    },
    {
        "name": "Emek ve Dayan\u0131\u015fma G\u00fcn\u00fc",
        "date": "2021-05-01"
    },
    {
        "name": "Ramazan Bayram\u0131 Arifesi",
        "date": "2021-05-12"
    },
    {
        "name": "Ramazan Bayram\u0131 1. G\u00fcn",
        "date": "2021-05-13"
    },
    {
        "name": "Ramazan Bayram\u0131 2. G\u00fcn",
        "date": "2021-05-14"
    },
    {
        "name": "Ramazan Bayram\u0131 3. G\u00fcn",
        "date": "2021-05-15"
    },
    {
        "name": "Atat\u00fcrk'\u00fc Anma, Gen\u00e7lik ve Spor Bayram\u0131",
        "date": "2021-05-19"
    },
    {
        "name": "Demokrasi ve Mill\u00ee Birlik G\u00fcn\u00fc",
        "date": "2021-07-15"
    },
    {
        "name": "Kurban Bayram\u0131 Arifesi",
        "date": "2021-07-19"
    },
    {
        "name": "Kurban Bayram\u0131 1. G\u00fcn",
        "date": "2021-07-20"
    },
    {
        "name": "Kurban Bayram\u0131 2. G\u00fcn",
        "date": "2021-07-21"
    },
    {
        "name": "Kurban Bayram\u0131 3. G\u00fcn",
        "date": "2021-07-22"
    },
    {
        "name": "Kurban Bayram\u0131 4. G\u00fcn",
        "date": "2021-07-23"
    },
    {
        "name": "Zafer Bayram\u0131",
        "date": "2021-08-30"
    },
    {
        "name": "Cumhuriyet Bayram\u0131 Arifesi",
        "date": "2021-10-28"
    },
    {
        "name": "Cumhuriyet Bayram\u0131",
        "date": "2021-10-29"
    }
]