[
    {
        "name": "Y\u0131lba\u015f\u0131",
        "date": "1971-01-01"
    },
    {
        "name": "Kurban Bayram\u0131 Arifesi",
        "date": "1971-02-05"
    },
    {
        "name": "Kurban Bayram\u0131 1. G\u00fcn",
        "date": "1971-02-06"
    },
    {
        "name": "Kurban Bayram\u0131 2. G\u00fcn",
        "date": "1971-02-07"
    },
    {
        "name": "Kurban Bayram\u0131 3. G\u00fcn",
        "date": "1971-02-08"
    },
    {
        "name": "Kurban Bayram\u0131 4. G\u00fcn",
        "date": "1971-02-09"
    },
    {
        "name": "Ulusal Egemenlik ve \u00c7ocuk Bayram\u0131",
        "date": "1971-04-23"
    },
    {
        "name": "Atat\u00fcrk'\u00fc Anma, Gen\u00e7lik ve Spor Bayram\u0131",
        "date": "1971-05-19"
    },
    {
        "name": "Zafer Bayram\u0131",
        "date": "1971-08-30"
    },
    {
        "name": "Cumhuriyet Bayram\u0131 Arifesi",
        "date": "1971-10-28"
    },
    {
        "name": "Cumhuriyet Bayram\u0131",
        "date": "1971-10-29"
    },
    {
        "name": "Ramazan Bayram\u0131 Arifesi",
        "date": "1971-11-19"
    },
    {
        "name": "Ramazan Bayram\u0131 1. G\u00fcn",
        "date": "1971-11-20"
    },
    {
        "name": "Ramazan Bayram\u0131 2. G\u00fcn",
        "date": "1971-11-21"
    },
    {
        "name": "Ramazan Bayram\u0131 3. G\u00fcn",
        "date": "1971-11-22"
    }
]