[
    {
        "name": "Y\u0131lba\u015f\u0131",
        "date": "2008-01-01"
    },
    {
        "name": "Ulusal Egemenlik ve \u00c7ocuk Bayram\u0131",
        "date": "2008-04-23"
    },
    {
        "name": "Atat\u00fcrk'\u00fc Anma, Gen\u00e7lik ve Spor Bayram\u0131",
        "date": "2008-05-19"
    },
    {
        "name": "Zafer Bayram\u0131",
        "date": "2008-08-30"
    },
    {
        "name": "Ramazan Bayram\u0131 Arifesi",
        "date": "2008-09-29"
    },
    {
        "name": "Ramazan Bayram\u0131 1. G\u00fcn",
        "date": "2008-09-30"
    },
    {
        "name": "Ramazan Bayram\u0131 2. G\u00fcn",
        "date": "2008-10-01"
    },
    {
        "name": "Ramazan Bayram\u0131 3. G\u00fcn",
        "date": "2008-10-02"
    },
    {
        "name": "Cumhuriyet Bayram\u0131 Arifesi",
        "date": "2008-10-28"
    },
    {
        "name": "Cumhuriyet Bayram\u0131",
        "date": "2008-10-29"
    },
    {
        "name": "Kurban Bayram\u0131 Arifesi",
        "date": "2008-12-07"
    },
    {
        "name": "Kurban Bayram\u0131 1. G\u00fcn",
        "date": "2008-12-08"
    },
    {
        "name": "Kurban Bayram\u0131 2. G\u00fcn",
        "date": "2008-12-09"
    },
    {
        "name": "Kurban Bayram\u0131 3. G\u00fcn",
        "date": "2008-12-10"
    },
    {
        "name": "Kurban Bayram\u0131 4. G\u00fcn",
        "date": "2008-12-11"
    }
]