[
    {
        "name": "New Year's Day",
        "date": "2024-01-01"
    },
    {
        "name": "Human Rights Day",
        "date": "2024-03-21"
    },
    {
        "name": "Good Friday",
        "date": "2024-03-29"
    },
    {
        "name": "Family Day",
        "date": "2024-04-01"
    },
    {
        "name": "Freedom Day",
        "date": "2024-04-27"
    },
    {
        "name": "Workers' Day",
        "date": "2024-05-01"
    },
    {
        "name": "Youth Day",
        "date": "2024-06-16"
    },
    {
        "name": "Youth Day Observed",
        "date": "2024-06-17"
    },
    {
        "name": "National Women's Day",
        "date": "2024-08-09"
    },
    {
        "name": "Heritage Day",
        "date": "2024-09-24"
    },
    {
        "name": "Day of Reconciliation",
        "date": "2024-12-16"
    },
    {
        "name": "Christmas Day",
        "date": "2024-12-25"
    },
    {
        "name": "Day of Goodwill",
        "date": "2024-12-26"
    }
]