[
    {
        "name": "Нова година",
        "date": "2024-01-11"
    },
    {
        "name": "Ден на Освобождението на България от османско робство",
        "date": "2024-03-01"
    },
    {
        "name": "Ден на труда и на международната работническа солидарност",
        "date": "2024-05-01"
    },
    {
        "name": "Великден – християнската религия отбелязва Възкресение Христово",
        "date": "2024-05-05"
    },
    {
        "name": "Гергьовден, Ден на храбростта и Българската армия",
        "date": "2024-05-06"
    },
    {
        "name": "Денят на българската просвета и култура и на славянската писменост",
        "date": "2024-05-24"
    },
    {
        "name": "Съединението на България",
        "date": "2024-09-06"
    },
    {
        "name": "Ден на независимостта на България",
        "date": "2024-09-06"
    },
    {
        "name": "Коледа 24 декември",
        "date": "2024-12-24"
    },
    {
        "name": "Коледа 25 декември",
        "date": "2024-12-25"
    },
    {
        "name": "Коледа 26 декември",
        "date": "2024-12-26"
    }
]
