[
    {
        "name": "Viti i Ri",
        "date": "2024-01-01"
    },
    {
        "name": "Krishtlindjet ortodokse",
        "date": "2024-01-07"
    },
    {
        "name": "Dita e Pavar\u00ebsis\u00eb s\u00eb Republik\u00ebs s\u00eb Kosov\u00ebs",
        "date": "2024-02-17"
    },
    {
        "name": "Pashk\u00ebt Katolike",
        "date": "2024-03-31"
    },
    {
        "name": "Dita e Kushtetut\u00ebs s\u00eb Republik\u00ebs s\u00eb Kosov\u00ebs",
        "date": "2024-04-09"
    },
    {
        "name": "Dita Nd\u00ebrkomb\u00ebtare e Pun\u00ebs",
        "date": "2024-05-01"
    },
    {
        "name": "Pashk\u00ebt Ortodokse",
        "date": "2024-05-05"
    },
    {
        "name": "Dita e Evrop\u00ebs",
        "date": "2024-05-09"
    },
    {
        "name": "Krishtlindjet Katolike",
        "date": "2024-12-25"
    }
]