[
    {
        "name": "\u4e00\u6708\u4e00\u65e5",
        "date": "2024-01-01"
    },
    {
        "name": "\u8fb2\u66c6\u5e74\u521d\u4e00",
        "date": "2024-02-10"
    },
    {
        "name": "\u8fb2\u66c6\u5e74\u521d\u4e09",
        "date": "2024-02-12"
    },
    {
        "name": "\u8fb2\u66c6\u5e74\u521d\u56db",
        "date": "2024-02-13"
    },
    {
        "name": "\u8036\u7a4c\u53d7\u96e3\u7bc0",
        "date": "2024-03-29"
    },
    {
        "name": "\u8036\u7a4c\u53d7\u96e3\u7bc0\u7fcc\u65e5",
        "date": "2024-03-30"
    },
    {
        "name": "\u5fa9\u6d3b\u7bc0\u661f\u671f\u4e00",
        "date": "2024-04-01"
    },
    {
        "name": "\u6e05\u660e\u7bc0",
        "date": "2024-04-04"
    },
    {
        "name": "\u52de\u52d5\u7bc0",
        "date": "2024-05-01"
    },
    {
        "name": "\u4f5b\u8a95",
        "date": "2024-05-15"
    },
    {
        "name": "\u7aef\u5348\u7bc0",
        "date": "2024-06-10"
    },
    {
        "name": "\u9999\u6e2f\u7279\u5225\u884c\u653f\u5340\u6210\u7acb\u7d00\u5ff5\u65e5",
        "date": "2024-07-01"
    },
    {
        "name": "\u4e2d\u79cb\u7bc0\u7fcc\u65e5",
        "date": "2024-09-18"
    },
    {
        "name": "\u570b\u6176\u65e5",
        "date": "2024-10-01"
    },
    {
        "name": "\u91cd\u967d\u7bc0",
        "date": "2024-10-11"
    },
    {
        "name": "\u8056\u8a95\u7bc0",
        "date": "2024-12-25"
    },
    {
        "name": "\u8056\u8a95\u7bc0\u5f8c\u7b2c\u4e00\u500b\u5468\u65e5",
        "date": "2024-12-26"
    }
]