[
    {
        "name": "New Year's Day",
        "date": "2024-01-01"
    },
    {
        "name": "Good Friday",
        "date": "2024-03-29"
    },
    {
        "name": "Easter Monday",
        "date": "2024-04-01"
    },
    {
        "name": "Early May bank holiday",
        "date": "2024-05-06"
    },
    {
        "name": "Spring bank holiday",
        "date": "2024-05-27"
    },
    {
        "name": "Summer bank holiday",
        "date": "2024-08-26"
    },
    {
        "name": "Christmas Day",
        "date": "2024-12-25"
    },
    {
        "name": "Boxing Day",
        "date": "2024-12-26"
    }
]