[
    {
        "name": "New Year's Day",
        "date": "2026-01-01"
    },
    {
        "name": "Good Friday",
        "date": "2026-04-03"
    },
    {
        "name": "Easter Monday",
        "date": "2026-04-06"
    },
    {
        "name": "Early May bank holiday",
        "date": "2026-05-04"
    },
    {
        "name": "Spring bank holiday",
        "date": "2026-05-25"
    },
    {
        "name": "Summer bank holiday",
        "date": "2026-08-31"
    },
    {
        "name": "Christmas Day",
        "date": "2026-12-25"
    },
    {
        "name": "Boxing Day (substitute day)",
        "date": "2026-12-28"
    }
]