[
    {
        "name": "Good Friday",
        "date": "1969-12-30"
    },
    {
        "name": "Easter Monday",
        "date": "1970-01-02"
    },
    {
        "name": "New Year's Day (substitute day)",
        "date": "2033-01-03"
    },
    {
        "name": "Early May bank holiday",
        "date": "2033-05-02"
    },
    {
        "name": "Spring bank holiday",
        "date": "2033-05-30"
    },
    {
        "name": "Summer bank holiday",
        "date": "2033-08-29"
    },
    {
        "name": "Boxing Day",
        "date": "2033-12-26"
    },
    {
        "name": "Christmas Day (substitute day)",
        "date": "2033-12-27"
    }
]