[
    {
        "name": "Kashmir Solidarity Day",
        "date": "2024-02-05"
    },
    {
        "name": "Pakistan Day",
        "date": "2024-03-23"
    },
    {
        "name": "Labour Day",
        "date": "2024-05-01"
    },
    {
        "name": "Independence Day",
        "date": "2024-08-14"
    },
    {
        "name": "Iqbal Day",
        "date": "2024-11-09"
    },
    {
        "name": "Quaid-e-Azam Day",
        "date": "2024-12-25"
    }
]