[
    {
        "name": "New Year's Day",
        "date": "2026-01-01"
    },
    {
        "name": "Proclamation of Independence Day",
        "date": "2026-01-11"
    },
    {
        "name": "Amazigh New Year (\u2d49\u2d39 \u2d4f \u2d62\u2d49\u2d4f\u2d4f\u2d30\u2d62\u2d54)",
        "date": "2026-01-14"
    },
    {
        "name": "Eid al-Fitr",
        "date": "2026-03-20"
    },
    {
        "name": "Eid al-Fitr 2",
        "date": "2026-03-21"
    },
    {
        "name": "Labour Day",
        "date": "2026-05-01"
    },
    {
        "name": "Eid al-Adha",
        "date": "2026-05-27"
    },
    {
        "name": "Eid al-Adha 2",
        "date": "2026-05-28"
    },
    {
        "name": "Islamic New Year",
        "date": "2026-06-17"
    },
    {
        "name": "Throne Day",
        "date": "2026-07-30"
    },
    {
        "name": "Oued Ed-Dahab Day",
        "date": "2026-08-14"
    },
    {
        "name": "Revolution Day",
        "date": "2026-08-20"
    },
    {
        "name": "Youth Day",
        "date": "2026-08-21"
    },
    {
        "name": "Birthday of the Prophet Muhammad",
        "date": "2026-08-26"
    },
    {
        "name": "Birthday of the Prophet Muhammad 2",
        "date": "2026-08-27"
    },
    {
        "name": "Green March",
        "date": "2026-11-06"
    },
    {
        "name": "Independence Day",
        "date": "2026-11-18"
    }
]