[
    {
        "name": "New Year's Day",
        "date": "2024-01-01"
    },
    {
        "name": "Proclamation of Independence Day",
        "date": "2024-01-11"
    },
    {
        "name": "Amazigh New Year (\u2d49\u2d39 \u2d4f \u2d62\u2d49\u2d4f\u2d4f\u2d30\u2d62\u2d54)",
        "date": "2024-01-14"
    },
    {
        "name": "Eid al-Fitr",
        "date": "2024-04-10"
    },
    {
        "name": "Eid al-Fitr 2",
        "date": "2024-04-11"
    },
    {
        "name": "Labour Day",
        "date": "2024-05-01"
    },
    {
        "name": "Eid al-Adha",
        "date": "2024-06-17"
    },
    {
        "name": "Eid al-Adha 2",
        "date": "2024-06-18"
    },
    {
        "name": "Islamic New Year",
        "date": "2024-07-08"
    },
    {
        "name": "Throne Day",
        "date": "2024-07-30"
    },
    {
        "name": "Oued Ed-Dahab Day",
        "date": "2024-08-14"
    },
    {
        "name": "Revolution Day",
        "date": "2024-08-20"
    },
    {
        "name": "Youth Day",
        "date": "2024-08-21"
    },
    {
        "name": "Birthday of the Prophet Muhammad",
        "date": "2024-09-16"
    },
    {
        "name": "Birthday of the Prophet Muhammad 2",
        "date": "2024-09-17"
    },
    {
        "name": "Green March",
        "date": "2024-11-06"
    },
    {
        "name": "Independence Day",
        "date": "2024-11-18"
    }
]