[
    {
        "name": "New Year's Day",
        "date": "2025-01-01"
    },
    {
        "name": "Proclamation of Independence Day",
        "date": "2025-01-11"
    },
    {
        "name": "Amazigh New Year (\u2d49\u2d39 \u2d4f \u2d62\u2d49\u2d4f\u2d4f\u2d30\u2d62\u2d54)",
        "date": "2025-01-14"
    },
    {
        "name": "Eid al-Fitr",
        "date": "2025-03-31"
    },
    {
        "name": "Eid al-Fitr 2",
        "date": "2025-04-01"
    },
    {
        "name": "Labour Day",
        "date": "2025-05-01"
    },
    {
        "name": "Eid al-Adha",
        "date": "2025-06-07"
    },
    {
        "name": "Eid al-Adha 2",
        "date": "2025-06-08"
    },
    {
        "name": "Islamic New Year",
        "date": "2025-06-27"
    },
    {
        "name": "Throne Day",
        "date": "2025-07-30"
    },
    {
        "name": "Oued Ed-Dahab Day",
        "date": "2025-08-14"
    },
    {
        "name": "Revolution Day",
        "date": "2025-08-20"
    },
    {
        "name": "Youth Day",
        "date": "2025-08-21"
    },
    {
        "name": "Birthday of the Prophet Muhammad",
        "date": "2025-09-05"
    },
    {
        "name": "Birthday of the Prophet Muhammad 2",
        "date": "2025-09-06"
    },
    {
        "name": "Green March",
        "date": "2025-11-06"
    },
    {
        "name": "Independence Day",
        "date": "2025-11-18"
    }
]