[
    {
        "name": "Nowy Rok",
        "date": "2024-01-01"
    },
    {
        "name": "\u015awi\u0119to Trzech Kr\u00f3li",
        "date": "2024-01-06"
    },
    {
        "name": "Wielkanoc",
        "date": "2024-03-31"
    },
    {
        "name": "Poniedzia\u0142ek Wielkanocny",
        "date": "2024-04-01"
    },
    {
        "name": "\u015awi\u0119to Pracy",
        "date": "2024-05-01"
    },
    {
        "name": "\u015awi\u0119to Konstytucji 3 Maja",
        "date": "2024-05-03"
    },
    {
        "name": "Zielone \u015awi\u0105tki",
        "date": "2024-05-19"
    },
    {
        "name": "Bo\u017ce Cia\u0142o",
        "date": "2024-05-30"
    },
    {
        "name": "\u015awi\u0119to Wojska Polskiego, Wniebowzi\u0119cie Naj\u015bwi\u0119tszej Maryi Panny",
        "date": "2024-08-15"
    },
    {
        "name": "Wszystkich \u015awi\u0119tych",
        "date": "2024-11-01"
    },
    {
        "name": "\u015awi\u0119to Niepodleg\u0142o\u015bci",
        "date": "2024-11-11"
    },
    {
        "name": "Bo\u017ce Narodzenie",
        "date": "2024-12-25"
    },
    {
        "name": "Drugi Dzie\u0144 Bo\u017cego Narodzenia",
        "date": "2024-12-26"
    }
]