[
    {
        "name": "Nowy Rok",
        "date": "2024-01-01"
    },
    {
        "name": "\u015awi\u0119to Trzech Kr\u00f3li",
        "date": "2024-01-06"
    },
    {
        "name": "Wielkanoc",
        "date": "2024-03-31"
    },
    {
        "name": "Poniedziałek Wielkanocny",
        "date": "2024-04-01"
    },
    {
        "name": "Święto Pracy",
        "date": "2024-05-01"
    },
    {
        "name": "Święto Konstytucji 3 Maja",
        "date": "2024-05-03"
    },
    {
        "name": "Zielone Świątki",
        "date": "2024-05-19"
    },
    {
        "name": "Boże Ciało",
        "date": "2024-05-30"
    }
    {
        "name": "Święto Wojska Polskiego, Wniebowzięcie Najświętszej Maryi Panny",
        "date": "2024-08-15"
    },
    {
        "name": "Wszystkich Świętych",
        "date": "2024-11-01"
    },
    {
        "name": "Święto Niepodległości",
        "date": "2024-11-11"
    },
    {
        "name": "Boże Narodzenie",
        "date": "2024-12-25"
    },
    {
        "name": "Boże Narodzenie",
        "date": "2024-12-26"
    },
]
